Component: ARM Compiler 5.06 update 5 (build 528) Tool: armlink [4d35e2]

==============================================================================

Section Cross References

    main.o(i.USART2_IRQHandler) refers to stm32f10x_usart.o(i.USART_GetITStatus) for USART_GetITStatus
    main.o(i.USART2_IRQHandler) refers to stm32f10x_usart.o(i.USART_ReceiveData) for USART_ReceiveData
    main.o(i.USART2_IRQHandler) refers to strchr.o(.text) for strchr
    main.o(i.USART2_IRQHandler) refers to strncpy.o(.text) for strncpy
    main.o(i.USART2_IRQHandler) refers to strcpy.o(.text) for strcpy
    main.o(i.USART2_IRQHandler) refers to memseta.o(.text) for __aeabi_memclr
    main.o(i.USART2_IRQHandler) refers to main.o(.bss) for rx_buf
    main.o(i.USART2_IRQHandler) refers to main.o(.data) for rx_idx
    main.o(i.Weather_Init) refers to stm32f10x_rcc.o(i.RCC_APB2PeriphClockCmd) for RCC_APB2PeriphClockCmd
    main.o(i.Weather_Init) refers to stm32f10x_rcc.o(i.RCC_APB1PeriphClockCmd) for RCC_APB1PeriphClockCmd
    main.o(i.Weather_Init) refers to stm32f10x_gpio.o(i.GPIO_Init) for GPIO_Init
    main.o(i.Weather_Init) refers to stm32f10x_usart.o(i.USART_Init) for USART_Init
    main.o(i.Weather_Init) refers to stm32f10x_usart.o(i.USART_ITConfig) for USART_ITConfig
    main.o(i.Weather_Init) refers to misc.o(i.NVIC_PriorityGroupConfig) for NVIC_PriorityGroupConfig
    main.o(i.Weather_Init) refers to misc.o(i.NVIC_Init) for NVIC_Init
    main.o(i.Weather_Init) refers to stm32f10x_usart.o(i.USART_Cmd) for USART_Cmd
    main.o(i.flash_pwd_write) refers to stm32f10x_flash.o(i.FLASH_Unlock) for FLASH_Unlock
    main.o(i.flash_pwd_write) refers to stm32f10x_flash.o(i.FLASH_ErasePage) for FLASH_ErasePage
    main.o(i.flash_pwd_write) refers to stm32f10x_flash.o(i.FLASH_ProgramHalfWord) for FLASH_ProgramHalfWord
    main.o(i.flash_pwd_write) refers to stm32f10x_flash.o(i.FLASH_Lock) for FLASH_Lock
    main.o(i.get_6digits) refers to oled_iic.o(i.OLED_ShowCH) for OLED_ShowCH
    main.o(i.get_6digits) refers to button4_4.o(i.Button4_4_Scan) for Button4_4_Scan
    main.o(i.get_6digits) refers to main.o(i.key_to_digit) for key_to_digit
    main.o(i.get_6digits) refers to delay.o(i.delay_ms) for delay_ms
    main.o(i.main) refers to oled_iic.o(i.GB16_NUM) for GB16_NUM
    main.o(i.main) refers to misc.o(i.NVIC_PriorityGroupConfig) for NVIC_PriorityGroupConfig
    main.o(i.main) refers to delay.o(i.delay_init) for delay_init
    main.o(i.main) refers to usart3.o(i.usart3_init) for usart3_init
    main.o(i.main) refers to relay.o(i.Relay_Init) for Relay_Init
    main.o(i.main) refers to beep.o(i.BEEP_Init) for BEEP_Init
    main.o(i.main) refers to button4_4.o(i.Button4_4_Init) for Button4_4_Init
    main.o(i.main) refers to oled_iic.o(i.OLED_Init) for OLED_Init
    main.o(i.main) refers to oled_iic.o(i.OLED_Clear) for OLED_Clear
    main.o(i.main) refers to serial.o(i.Serial_Init) for Serial_Init
    main.o(i.main) refers to rc522.o(i.RC522_Init) for RC522_Init
    main.o(i.main) refers to main.o(i.Weather_Init) for Weather_Init
    main.o(i.main) refers to stm32f10x_rcc.o(i.RCC_APB2PeriphClockCmd) for RCC_APB2PeriphClockCmd
    main.o(i.main) refers to stm32f10x_gpio.o(i.GPIO_PinRemapConfig) for GPIO_PinRemapConfig
    main.o(i.main) refers to oled_iic.o(i.OLED_ShowCH) for OLED_ShowCH
    main.o(i.main) refers to button4_4.o(i.Button4_4_Scan) for Button4_4_Scan
    main.o(i.main) refers to main.o(i.press_FR) for press_FR
    main.o(i.main) refers to main.o(i.password_login) for password_login
    main.o(i.main) refers to is_card_authorized.o(i.is_authorized_card) for is_authorized_card
    main.o(i.main) refers to delay.o(i.delay_ms) for delay_ms
    main.o(i.main) refers to serial.o(i.Serial_SendByte) for Serial_SendByte
    main.o(i.main) refers to serial.o(i.Serial_GetRxFlag) for Serial_GetRxFlag
    main.o(i.main) refers to serial.o(i.Serial_GetRxData) for Serial_GetRxData
    main.o(i.main) refers to relay.o(i.Relay_On) for Relay_On
    main.o(i.main) refers to as608.o(i.Add_FR) for Add_FR
    main.o(i.main) refers to as608.o(i.Del_FR) for Del_FR
    main.o(i.main) refers to main.o(i.password_change) for password_change
    main.o(i.main) refers to is_card_authorized.o(i.add_card_mode) for add_card_mode
    main.o(i.main) refers to is_card_authorized.o(i.delete_card_mode) for delete_card_mode
    main.o(i.main) refers to relay.o(i.Relay_Off) for Relay_Off
    main.o(i.main) refers to oled_iic.o(.data) for HZ
    main.o(i.main) refers to main.o(.data) for error_cishu
    main.o(i.main) refers to main.o(.bss) for weather_type
    main.o(i.password_change) refers to oled_iic.o(i.OLED_Clear) for OLED_Clear
    main.o(i.password_change) refers to oled_iic.o(i.OLED_ShowCH) for OLED_ShowCH
    main.o(i.password_change) refers to main.o(i.get_6digits) for get_6digits
    main.o(i.password_change) refers to strcmp.o(.text) for strcmp
    main.o(i.password_change) refers to main.o(i.flash_pwd_write) for flash_pwd_write
[...]
    Removing stm32f10x_usart.o(i.USART_IrDAConfig), (18 bytes).
    Removing stm32f10x_usart.o(i.USART_LINBreakDetectLengthConfig), (18 bytes).
    Removing stm32f10x_usart.o(i.USART_LINCmd), (24 bytes).
    Removing stm32f10x_usart.o(i.USART_OneBitMethodCmd), (24 bytes).
    Removing stm32f10x_usart.o(i.USART_OverSampling8Cmd), (22 bytes).
    Removing stm32f10x_usart.o(i.USART_ReceiverWakeUpCmd), (24 bytes).
    Removing stm32f10x_usart.o(i.USART_SendBreak), (10 bytes).
    Removing stm32f10x_usart.o(i.USART_SetAddress), (18 bytes).
    Removing stm32f10x_usart.o(i.USART_SetGuardTime), (16 bytes).
    Removing stm32f10x_usart.o(i.USART_SetPrescaler), (16 bytes).
    Removing stm32f10x_usart.o(i.USART_SmartCardCmd), (24 bytes).
    Removing stm32f10x_usart.o(i.USART_SmartCardNACKCmd), (24 bytes).
    Removing stm32f10x_usart.o(i.USART_StructInit), (24 bytes).
    Removing stm32f10x_usart.o(i.USART_WakeUpConfig), (18 bytes).
    Removing stm32f10x_wwdg.o(i.WWDG_ClearFlag), (12 bytes).
    Removing stm32f10x_wwdg.o(i.WWDG_DeInit), (22 bytes).
    Removing stm32f10x_wwdg.o(i.WWDG_Enable), (16 bytes).
    Removing stm32f10x_wwdg.o(i.WWDG_EnableIT), (12 bytes).
    Removing stm32f10x_wwdg.o(i.WWDG_GetFlagStatus), (12 bytes).
    Removing stm32f10x_wwdg.o(i.WWDG_SetCounter), (16 bytes).
    Removing stm32f10x_wwdg.o(i.WWDG_SetPrescaler), (24 bytes).
    Removing stm32f10x_wwdg.o(i.WWDG_SetWindowValue), (40 bytes).
    Removing oled_iic.o(i.OLED_DrawBMP), (118 bytes).
    Removing oled_iic.o(i.OLED_OFF), (22 bytes).
    Removing oled_iic.o(i.OLED_ON), (22 bytes).
    Removing as608.o(i.EnsureMessage), (496 bytes).
    Removing as608.o(i.PS_HandShake), (128 bytes).
    Removing as608.o(i.PS_ReadNotepad), (96 bytes).
    Removing as608.o(i.PS_ReadSysPara), (240 bytes).
    Removing as608.o(i.PS_Search), (144 bytes).
    Removing as608.o(i.PS_SetAddr), (180 bytes).
    Removing as608.o(i.PS_ValidTempleteNum), (136 bytes).
    Removing as608.o(i.PS_WriteNotepad), (108 bytes).
    Removing as608.o(i.PS_WriteReg), (140 bytes).
    Removing usart3.o(i.u2_printf), (80 bytes).
    Removing serial.o(i.Serial_Pow), (20 bytes).
    Removing serial.o(i.Serial_Printf), (36 bytes).
    Removing serial.o(i.Serial_SendArray), (26 bytes).
    Removing serial.o(i.Serial_SendNumber), (58 bytes).
    Removing serial.o(i.Serial_SendString), (26 bytes).
    Removing serial.o(i.fputc), (16 bytes).
    Removing relay.o(i.Relay_Toggle), (36 bytes).
    Removing rc522.o(i.CalulateCRC), (108 bytes).
    Removing rc522.o(i.IC_CMT), (72 bytes).
    Removing rc522.o(i.PcdAntennaOff), (12 bytes).
    Removing rc522.o(i.PcdAuthState), (110 bytes).
    Removing rc522.o(i.PcdHalt), (50 bytes).
    Removing rc522.o(i.PcdRead), (84 bytes).
    Removing rc522.o(i.PcdSelect), (114 bytes).
    Removing rc522.o(i.PcdWrite), (156 bytes).
    Removing rc522.o(i.RC522_Handel), (184 bytes).
    Removing rc522.o(.bss), (319 bytes).
    Removing beep.o(i.BEEP_Toggle), (36 bytes).

476 unused section(s) (total 21163 bytes) removed from the image.

==============================================================================

Image Symbol Table

    Local Symbols

    Symbol Name                              Value     Ov Type        Size  Object(Section)

    ../clib/../cmprslib/lz77c.c              0x00000000   Number         0  __dclz77c.o ABSOLUTE
    ../clib/microlib/division.c              0x00000000   Number         0  uidiv.o ABSOLUTE
    ../clib/microlib/division.c              0x00000000   Number         0  uldiv.o ABSOLUTE
    ../clib/microlib/init/entry.s            0x00000000   Number         0  entry9b.o ABSOLUTE
    ../clib/microlib/init/entry.s            0x00000000   Number         0  entry2.o ABSOLUTE
    ../clib/microlib/init/entry.s            0x00000000   Number         0  entry7a.o ABSOLUTE
    ../clib/microlib/init/entry.s            0x00000000   Number         0  entry5.o ABSOLUTE
    ../clib/microlib/init/entry.s            0x00000000   Number         0  entry9a.o ABSOLUTE
    ../clib/microlib/init/entry.s            0x00000000   Number         0  entry.o ABSOLUTE
    ../clib/microlib/init/entry.s            0x00000000   Number         0  entry10b.o ABSOLUTE
    ../clib/microlib/init/entry.s            0x00000000   Number         0  entry10a.o ABSOLUTE
    ../clib/microlib/init/entry.s            0x00000000   Number         0  entry8b.o ABSOLUTE
    ../clib/microlib/init/entry.s            0x00000000   Number         0  entry8a.o ABSOLUTE
    ../clib/microlib/init/entry.s            0x00000000   Number         0  entry11b.o ABSOLUTE
    ../clib/microlib/init/entry.s            0x00000000   Number         0  entry7b.o ABSOLUTE
    ../clib/microlib/init/entry.s            0x00000000   Number         0  entry11a.o ABSOLUTE
    ../clib/microlib/longlong.c              0x00000000   Number         0  llsshr.o ABSOLUTE
    ../clib/microlib/longlong.c              0x00000000   Number         0  llshl.o ABSOLUTE
    ../clib/microlib/longlong.c              0x00000000   Number         0  llushr.o ABSOLUTE
    ../clib/microlib/printf/printf.c         0x00000000   Number         0  printf6.o ABSOLUTE
    ../clib/microlib/printf/printf.c         0x00000000   Number         0  printf7.o ABSOLUTE
    ../clib/microlib/printf/printf.c         0x00000000   Number         0  printf8.o ABSOLUTE
    ../clib/microlib/printf/printf.c         0x00000000   Number         0  printfa.o ABSOLUTE
    ../clib/microlib/printf/printf.c         0x00000000   Number         0  printf4.o ABSOLUTE
    ../clib/microlib/printf/printf.c         0x00000000   Number         0  printf3.o ABSOLUTE
    ../clib/microlib/printf/printf.c         0x00000000   Number         0  printf2.o ABSOLUTE
    ../clib/microlib/printf/printf.c         0x00000000   Number         0  printf1.o ABSOLUTE
    ../clib/microlib/printf/printf.c         0x00000000   Number         0  printf0.o ABSOLUTE
    ../clib/microlib/printf/printf.c         0x00000000   Number         0  printfb.o ABSOLUTE
    ../clib/microlib/printf/printf.c         0x00000000   Number         0  printf5.o ABSOLUTE
    ../clib/microlib/printf/stubs.s          0x00000000   Number         0  stubs.o ABSOLUTE
    ../clib/microlib/stdio/streams.c         0x00000000   Number         0  stdout.o ABSOLUTE
    ../clib/microlib/string/memcmp.c         0x00000000   Number         0  memcmp.o ABSOLUTE
    ../clib/microlib/string/memcpy.c         0x00000000   Number         0  memcpyb.o ABSOLUTE
    ../clib/microlib/string/memcpy.c         0x00000000   Number         0  memcpya.o ABSOLUTE
    ../clib/microlib/string/memset.c         0x00000000   Number         0  memseta.o ABSOLUTE
    ../clib/microlib/string/strchr.c         0x00000000   Number         0  strchr.o ABSOLUTE
    ../clib/microlib/string/strcmp.c         0x00000000   Number         0  strcmp.o ABSOLUTE
    ../clib/microlib/string/strcpy.c         0x00000000   Number         0  strcpy.o ABSOLUTE
    ../clib/microlib/string/strlen.c         0x00000000   Number         0  strlen.o ABSOLUTE
    ../clib/microlib/string/strncpy.c        0x00000000   Number         0  strncpy.o ABSOLUTE
    ../clib/microlib/string/strstr.c         0x00000000   Number         0  strstr.o ABSOLUTE
    ../clib/microlib/stubs.s                 0x00000000   Number         0  iusefp.o ABSOLUTE
    ../fplib/microlib/fpadd.c                0x00000000   Number         0  dadd.o ABSOLUTE
    ../fplib/microlib/fpdiv.c                0x00000000   Number         0  ddiv.o ABSOLUTE
    ../fplib/microlib/fpepilogue.c           0x00000000   Number         0  depilogue.o ABSOLUTE
    ../fplib/microlib/fpfix.c                0x00000000   Number         0  dfixul.o ABSOLUTE
    ../fplib/microlib/fpmul.c                0x00000000   Number         0  dmul.o ABSOLUTE
    ..\CORE\STARTUP\startup_stm32f10x_hd.s   0x00000000   Number         0  startup_stm32f10x_hd.o ABSOLUTE
    ..\CORE\core_cm3.c                       0x00000000   Number         0  core_cm3.o ABSOLUTE
    ..\HARDWARE\AS608\as608.c                0x00000000   Number         0  as608.o ABSOLUTE
    ..\HARDWARE\BEEP\beep.c                  0x00000000   Number         0  beep.o ABSOLUTE
    ..\HARDWARE\BUTTON4_4\button4_4.c        0x00000000   Number         0  button4_4.o ABSOLUTE
    ..\HARDWARE\IS_CARD_AUTHORIZED\is_card_authorized.c 0x00000000   Number         0  is_card_authorized.o ABSOLUTE
    ..\HARDWARE\OLED\oled_iic.c              0x00000000   Number         0  oled_iic.o ABSOLUTE
    ..\HARDWARE\RC522\rc522.c                0x00000000   Number         0  rc522.o ABSOLUTE
    ..\HARDWARE\RELAY\relay.c                0x00000000   Number         0  relay.o ABSOLUTE
    ..\HARDWARE\SERIAL\Serial.c              0x00000000   Number         0  serial.o ABSOLUTE
    ..\HARDWARE\TIMER\timer.c                0x00000000   Number         0  timer.o ABSOLUTE
    ..\HARDWARE\USART3\usart3.c              0x00000000   Number         0  usart3.o ABSOLUTE
    ..\STM32F10x_FWLib\src\misc.c            0x00000000   Number         0  misc.o ABSOLUTE
    ..\STM32F10x_FWLib\src\stm32f10x_adc.c   0x00000000   Number         0  stm32f10x_adc.o ABSOLUTE
    ..\STM32F10x_FWLib\src\stm32f10x_bkp.c   0x00000000   Number         0  stm32f10x_bkp.o ABSOLUTE
    ..\STM32F10x_FWLib\src\stm32f10x_can.c   0x00000000   Number         0  stm32f10x_can.o ABSOLUTE
    ..\STM32F10x_FWLib\src\stm32f10x_cec.c   0x00000000   Number         0  stm32f10x_cec.o ABSOLUTE
    ..\STM32F10x_FWLib\src\stm32f10x_crc.c   0x00000000   Number         0  stm32f10x_crc.o ABSOLUTE
    ..\STM32F10x_FWLib\src\stm32f10x_dac.c   0x00000000   Number         0  stm32f10x_dac.o ABSOLUTE
    ..\STM32F10x_FWLib\src\stm32f10x_dbgmcu.c 0x00000000   Number         0  stm32f10x_dbgmcu.o ABSOLUTE
    ..\STM32F10x_FWLib\src\stm32f10x_dma.c   0x00000000   Number         0  stm32f10x_dma.o ABSOLUTE
    ..\STM32F10x_FWLib\src\stm32f10x_exti.c  0x00000000   Number         0  stm32f10x_exti.o ABSOLUTE
    ..\STM32F10x_FWLib\src\stm32f10x_flash.c 0x00000000   Number         0  stm32f10x_flash.o ABSOLUTE
    ..\STM32F10x_FWLib\src\stm32f10x_fsmc.c  0x00000000   Number         0  stm32f10x_fsmc.o ABSOLUTE
    ..\STM32F10x_FWLib\src\stm32f10x_gpio.c  0x00000000   Number         0  stm32f10x_gpio.o ABSOLUTE
    ..\STM32F10x_FWLib\src\stm32f10x_i2c.c   0x00000000   Number         0  stm32f10x_i2c.o ABSOLUTE
    ..\STM32F10x_FWLib\src\stm32f10x_iwdg.c  0x00000000   Number         0  stm32f10x_iwdg.o ABSOLUTE
    ..\STM32F10x_FWLib\src\stm32f10x_pwr.c   0x00000000   Number         0  stm32f10x_pwr.o ABSOLUTE
    ..\STM32F10x_FWLib\src\stm32f10x_rcc.c   0x00000000   Number         0  stm32f10x_rcc.o ABSOLUTE
    ..\STM32F10x_FWLib\src\stm32f10x_rtc.c   0x00000000   Number         0  stm32f10x_rtc.o ABSOLUTE
    ..\STM32F10x_FWLib\src\stm32f10x_sdio.c  0x00000000   Number         0  stm32f10x_sdio.o ABSOLUTE
    ..\STM32F10x_FWLib\src\stm32f10x_spi.c   0x00000000   Number         0  stm32f10x_spi.o ABSOLUTE
    ..\STM32F10x_FWLib\src\stm32f10x_tim.c   0x00000000   Number         0  stm32f10x_tim.o ABSOLUTE
    ..\STM32F10x_FWLib\src\stm32f10x_usart.c 0x00000000   Number         0  stm32f10x_usart.o ABSOLUTE
    ..\STM32F10x_FWLib\src\stm32f10x_wwdg.c  0x00000000   Number         0  stm32f10x_wwdg.o ABSOLUTE
    ..\SYSTEM\delay\delay.c                  0x00000000   Number         0  delay.o ABSOLUTE
    ..\SYSTEM\sys\sys.c                      0x00000000   Number         0  sys.o ABSOLUTE
    ..\\CORE\\core_cm3.c                     0x00000000   Number         0  core_cm3.o ABSOLUTE
    ..\\SYSTEM\\sys\\sys.c                   0x00000000   Number         0  sys.o ABSOLUTE
    cdrcmple.s                               0x00000000   Number         0  cdrcmple.o ABSOLUTE
    dc.s                                     0x00000000   Number         0  dc.o ABSOLUTE
    handlers.s                               0x00000000   Number         0  handlers.o ABSOLUTE
    init.s                                   0x00000000   Number         0  init.o ABSOLUTE
    main.c                                   0x00000000   Number         0  main.o ABSOLUTE
    stm32f10x_it.c                           0x00000000   Number         0  stm32f10x_it.o ABSOLUTE
    system_stm32f10x.c                       0x00000000   Number         0  system_stm32f10x.o ABSOLUTE
    RESET                                    0x08000000   Section      304  startup_stm32f10x_hd.o(RESET)
    .ARM.Collect$$$$00000000                 0x08000130   Section        0  entry.o(.ARM.Collect$$$$00000000)
    .ARM.Collect$$$$00000001                 0x08000130   Section        4  entry2.o(.ARM.Collect$$$$00000001)
    .ARM.Collect$$$$00000004                 0x08000134   Section        4  entry5.o(.ARM.Collect$$$$00000004)
    .ARM.Collect$$$$00000008                 0x08000138   Section        0  entry7b.o(.ARM.Collect$$$$00000008)
    .ARM.Collect$$$$0000000A                 0x08000138   Section        0  entry8b.o(.ARM.Collect$$$$0000000A)
    .ARM.Collect$$$$0000000B                 0x08000138   Section        8  entry9a.o(.ARM.Collect$$$$0000000B)
    .ARM.Collect$$$$0000000D                 0x08000140   Section        0  entry10a.o(.ARM.Collect$$$$0000000D)
    .ARM.Collect$$$$0000000F                 0x08000140   Section        0  entry11a.o(.ARM.Collect$$$$0000000F)
    .ARM.Collect$$$$00002712                 0x08000140   Section        4  entry2.o(.ARM.Collect$$$$00002712)
    __lit__00000000                          0x08000140   Data           4  entry2.o(.ARM.Collect$$$$00002712)
    .text                                    0x08000144   Section       36  startup_stm32f10x_hd.o(.text)
    .text                                    0x08000168   Section        0  memseta.o(.text)
    .text                                    0x0800018c   Section        0  strstr.o(.text)
    .text                                    0x080001b0   Section        0  strncpy.o(.text)
    .text                                    0x080001c8   Section        0  strchr.o(.text)
    .text                                    0x080001dc   Section        0  strcmp.o(.text)
    .text                                    0x080001f8   Section        0  memcmp.o(.text)
    .text                                    0x08000212   Section        0  strcpy.o(.text)
    .text                                    0x08000224   Section        0  uidiv.o(.text)
    .text                                    0x08000250   Section        0  uldiv.o(.text)
    .text                                    0x080002b2   Section        0  dadd.o(.text)
    .text                                    0x080002b2   Section        0  iusefp.o(.text)
    .text                                    0x08000400   Section        0  dmul.o(.text)
    .text                                    0x080004e4   Section        0  ddiv.o(.text)
    .text                                    0x080005c2   Section        0  dfixul.o(.text)
    .text                                    0x080005f4   Section       48  cdrcmple.o(.text)
    .text                                    0x08000624   Section       36  init.o(.text)
    .text                                    0x08000648   Section        0  llshl.o(.text)
    .text                                    0x08000666   Section        0  llushr.o(.text)
    .text                                    0x08000686   Section        0  llsshr.o(.text)
    .text                                    0x080006aa   Section        0  depilogue.o(.text)
    .text                                    0x08000764   Section        0  __dclz77c.o(.text)
    i.Add_FR                                 0x080007c4   Section        0  as608.o(i.Add_FR)
    i.BEEP_Init                              0x08000afc   Section        0  beep.o(i.BEEP_Init)
    i.BEEP_Off                               0x08000b2c   Section        0  beep.o(i.BEEP_Off)
    i.BEEP_On                                0x08000b3c   Section        0  beep.o(i.BEEP_On)
    i.BusFault_Handler                       0x08000b4c   Section        0  stm32f10x_it.o(i.BusFault_Handler)
    i.Button4_4_Init                         0x08000b50   Section        0  button4_4.o(i.Button4_4_Init)
    i.Button4_4_Scan                         0x08000be4   Section        0  button4_4.o(i.Button4_4_Scan)
    i.ClearBitMask                           0x08000d28   Section        0  rc522.o(i.ClearBitMask)
    i.DebugMon_Handler                       0x08000d42   Section        0  stm32f10x_it.o(i.DebugMon_Handler)
    i.Del_FR                                 0x08000d44   Section        0  as608.o(i.Del_FR)
    i.FLASH_ErasePage                        0x08000ed8   Section        0  stm32f10x_flash.o(i.FLASH_ErasePage)
    i.FLASH_GetBank1Status                   0x08000f24   Section        0  stm32f10x_flash.o(i.FLASH_GetBank1Status)
    i.FLASH_Lock                             0x08000f58   Section        0  stm32f10x_flash.o(i.FLASH_Lock)
    i.FLASH_ProgramHalfWord                  0x08000f6c   Section        0  stm32f10x_flash.o(i.FLASH_ProgramHalfWord)
    i.FLASH_Unlock                           0x08000fac   Section        0  stm32f10x_flash.o(i.FLASH_Unlock)
    i.FLASH_WaitForLastOperation             0x08000fc4   Section        0  stm32f10x_flash.o(i.FLASH_WaitForLastOperation)
    i.GB16_NUM                               0x08000fec   Section        0  oled_iic.o(i.GB16_NUM)
    i.GPIO_Init                              0x08001004   Section        0  stm32f10x_gpio.o(i.GPIO_Init)
    i.GPIO_PinRemapConfig                    0x0800111c   Section        0  stm32f10x_gpio.o(i.GPIO_PinRemapConfig)
    i.GPIO_ReadInputDataBit                  0x080011ac   Section        0  stm32f10x_gpio.o(i.GPIO_ReadInputDataBit)
    i.GPIO_ResetBits                         0x080011be   Section        0  stm32f10x_gpio.o(i.GPIO_ResetBits)
    i.GPIO_SetBits                           0x080011c2   Section        0  stm32f10x_gpio.o(i.GPIO_SetBits)
    i.HardFault_Handler                      0x080011c6   Section        0  stm32f10x_it.o(i.HardFault_Handler)
    i.IIC_Delay                              0x080011ca   Section        0  oled_iic.o(i.IIC_Delay)
    IIC_Delay                                0x080011cb   Thumb Code    14  oled_iic.o(i.IIC_Delay)
    i.IIC_GPIO_Config                        0x080011d8   Section        0  oled_iic.o(i.IIC_GPIO_Config)
    i.IIC_Start                              0x08001218   Section        0  oled_iic.o(i.IIC_Start)
    i.IIC_Stop                               0x0800124c   Section        0  oled_iic.o(i.IIC_Stop)
    i.IIC_WaitAck                            0x08001270   Section        0  oled_iic.o(i.IIC_WaitAck)
    i.JudgeStr                               0x080012b8   Section        0  as608.o(i.JudgeStr)
    JudgeStr                                 0x080012b9   Thumb Code   122  as608.o(i.JudgeStr)
    i.M500PcdConfigISOType                   0x08001340   Section        0  rc522.o(i.M500PcdConfigISOType)
    i.MYUSART_SendData                       0x08001394   Section        0  as608.o(i.MYUSART_SendData)
    MYUSART_SendData                         0x08001395   Thumb Code    22  as608.o(i.MYUSART_SendData)
    i.MemManage_Handler                      0x080013b0   Section        0  stm32f10x_it.o(i.MemManage_Handler)
    i.NMI_Handler                            0x080013b4   Section        0  stm32f10x_it.o(i.NMI_Handler)
    i.NVIC_Init                              0x080013b8   Section        0  misc.o(i.NVIC_Init)
    i.NVIC_PriorityGroupConfig               0x08001428   Section        0  misc.o(i.NVIC_PriorityGroupConfig)
    i.OLED_Clear                             0x0800143c   Section        0  oled_iic.o(i.OLED_Clear)
    i.OLED_Fill                              0x08001446   Section        0  oled_iic.o(i.OLED_Fill)
    i.OLED_Init                              0x08001480   Section        0  oled_iic.o(i.OLED_Init)
    i.OLED_Set_Pos                           0x0800152a   Section        0  oled_iic.o(i.OLED_Set_Pos)
    i.OLED_ShowCH                            0x08001558   Section        0  oled_iic.o(i.OLED_ShowCH)
    i.OLED_ShowChar                          0x08001688   Section        0  oled_iic.o(i.OLED_ShowChar)
    i.OLED_ShowNum                           0x080016f4   Section        0  oled_iic.o(i.OLED_ShowNum)
    i.PS_DeletChar                           0x08001770   Section        0  as608.o(i.PS_DeletChar)
    i.PS_Empty                               0x080017dc   Section        0  as608.o(i.PS_Empty)
    i.PS_GenChar                             0x08001816   Section        0  as608.o(i.PS_GenChar)
    i.PS_GetImage                            0x0800185c   Section        0  as608.o(i.PS_GetImage)
    i.PS_HighSpeedSearch                     0x08001896   Section        0  as608.o(i.PS_HighSpeedSearch)
    i.PS_Match                               0x08001926   Section        0  as608.o(i.PS_Match)
    i.PS_RegModel                            0x08001960   Section        0  as608.o(i.PS_RegModel)
    i.PS_StoreChar                           0x0800199a   Section        0  as608.o(i.PS_StoreChar)
    i.PcdAntennaOn                           0x080019fa   Section        0  rc522.o(i.PcdAntennaOn)
    i.PcdAnticoll                            0x08001a14   Section        0  rc522.o(i.PcdAnticoll)
    i.PcdComMF522                            0x08001a84   Section        0  rc522.o(i.PcdComMF522)
    i.PcdRequest                             0x08001bb6   Section        0  rc522.o(i.PcdRequest)
    i.PcdReset                               0x08001c0c   Section        0  rc522.o(i.PcdReset)
    i.PendSV_Handler                         0x08001c94   Section        0  stm32f10x_it.o(i.PendSV_Handler)
    i.RC522_Init                             0x08001c98   Section        0  rc522.o(i.RC522_Init)
    i.RCC_APB1PeriphClockCmd                 0x08001cc8   Section        0  stm32f10x_rcc.o(i.RCC_APB1PeriphClockCmd)
    i.RCC_APB1PeriphResetCmd                 0x08001ce8   Section        0  stm32f10x_rcc.o(i.RCC_APB1PeriphResetCmd)
    i.RCC_APB2PeriphClockCmd                 0x08001d08   Section        0  stm32f10x_rcc.o(i.RCC_APB2PeriphClockCmd)
    i.RCC_APB2PeriphResetCmd                 0x08001d28   Section        0  stm32f10x_rcc.o(i.RCC_APB2PeriphResetCmd)
    i.RCC_GetClocksFreq                      0x08001d48   Section        0  stm32f10x_rcc.o(i.RCC_GetClocksFreq)
    i.ReadRawRC                              0x08001e1c   Section        0  rc522.o(i.ReadRawRC)
    i.Relay_Init                             0x08001e54   Section        0  relay.o(i.Relay_Init)
    i.Relay_Off                              0x08001e9c   Section        0  relay.o(i.Relay_Off)
    i.Relay_On                               0x08001eac   Section        0  relay.o(i.Relay_On)
    i.SPI1_Init                              0x08001ebc   Section        0  rc522.o(i.SPI1_Init)
    i.SPI_RC522_ReadByte                     0x08001f5c   Section        0  rc522.o(i.SPI_RC522_ReadByte)
    i.SPI_RC522_SendByte                     0x08001fb0   Section        0  rc522.o(i.SPI_RC522_SendByte)
    i.SVC_Handler                            0x0800200c   Section        0  stm32f10x_it.o(i.SVC_Handler)
    i.SendAddr                               0x08002010   Section        0  as608.o(i.SendAddr)
    SendAddr                                 0x08002011   Thumb Code    46  as608.o(i.SendAddr)
    i.SendCheck                              0x08002044   Section        0  as608.o(i.SendCheck)
    SendCheck                                0x08002045   Thumb Code    18  as608.o(i.SendCheck)
    i.SendFlag                               0x08002056   Section        0  as608.o(i.SendFlag)
    SendFlag                                 0x08002057   Thumb Code    12  as608.o(i.SendFlag)
    i.SendHead                               0x08002062   Section        0  as608.o(i.SendHead)
    SendHead                                 0x08002063   Thumb Code    16  as608.o(i.SendHead)
    i.SendLength                             0x08002072   Section        0  as608.o(i.SendLength)
    SendLength                               0x08002073   Thumb Code    20  as608.o(i.SendLength)
    i.Sendcmd                                0x08002086   Section        0  as608.o(i.Sendcmd)
    Sendcmd                                  0x08002087   Thumb Code    12  as608.o(i.Sendcmd)
    i.Serial_GetRxData                       0x08002094   Section        0  serial.o(i.Serial_GetRxData)
    i.Serial_GetRxFlag                       0x080020a0   Section        0  serial.o(i.Serial_GetRxFlag)
    i.Serial_Init                            0x080020bc   Section        0  serial.o(i.Serial_Init)
    i.Serial_SendByte                        0x08002174   Section        0  serial.o(i.Serial_SendByte)
    i.SetBitMask                             0x08002194   Section        0  rc522.o(i.SetBitMask)
    i.SetSysClock                            0x080021ae   Section        0  system_stm32f10x.o(i.SetSysClock)
    SetSysClock                              0x080021af   Thumb Code     8  system_stm32f10x.o(i.SetSysClock)
    i.SetSysClockTo72                        0x080021b8   Section        0  system_stm32f10x.o(i.SetSysClockTo72)
    SetSysClockTo72                          0x080021b9   Thumb Code   214  system_stm32f10x.o(i.SetSysClockTo72)
    i.ShowErrMessage                         0x08002298   Section        0  as608.o(i.ShowErrMessage)
    i.SysTick_CLKSourceConfig                0x0800229a   Section        0  misc.o(i.SysTick_CLKSourceConfig)
    i.SysTick_Handler                        0x080022c2   Section        0  stm32f10x_it.o(i.SysTick_Handler)
    i.SystemInit                             0x080022c4   Section        0  system_stm32f10x.o(i.SystemInit)
    i.TIM2_IRQHandler                        0x08002324   Section        0  timer.o(i.TIM2_IRQHandler)
    i.TIM2_Int_Init                          0x08002354   Section        0  timer.o(i.TIM2_Int_Init)
    i.TIM_ClearITPendingBit                  0x080023b0   Section        0  stm32f10x_tim.o(i.TIM_ClearITPendingBit)
    i.TIM_Cmd                                0x080023b6   Section        0  stm32f10x_tim.o(i.TIM_Cmd)
    i.TIM_GetITStatus                        0x080023ce   Section        0  stm32f10x_tim.o(i.TIM_GetITStatus)
    i.TIM_ITConfig                           0x080023f0   Section        0  stm32f10x_tim.o(i.TIM_ITConfig)
    i.TIM_SetCounter                         0x08002402   Section        0  stm32f10x_tim.o(i.TIM_SetCounter)
    i.TIM_TimeBaseInit                       0x08002408   Section        0  stm32f10x_tim.o(i.TIM_TimeBaseInit)
    i.USART1_IRQHandler                      0x080024ac   Section        0  serial.o(i.USART1_IRQHandler)
    i.USART2_IRQHandler                      0x080024e4   Section        0  main.o(i.USART2_IRQHandler)
    i.USART3_IRQHandler                      0x080025dc   Section        0  usart3.o(i.USART3_IRQHandler)
    i.USART_ClearITPendingBit                0x08002648   Section        0  stm32f10x_usart.o(i.USART_ClearITPendingBit)
    i.USART_Cmd                              0x08002666   Section        0  stm32f10x_usart.o(i.USART_Cmd)
    i.USART_DeInit                           0x08002680   Section        0  stm32f10x_usart.o(i.USART_DeInit)
    i.USART_GetFlagStatus                    0x0800271c   Section        0  stm32f10x_usart.o(i.USART_GetFlagStatus)
    i.USART_GetITStatus                      0x08002736   Section        0  stm32f10x_usart.o(i.USART_GetITStatus)
    i.USART_ITConfig                         0x0800278a   Section        0  stm32f10x_usart.o(i.USART_ITConfig)
    i.USART_Init                             0x080027d4   Section        0  stm32f10x_usart.o(i.USART_Init)
    i.USART_ReceiveData                      0x080028ac   Section        0  stm32f10x_usart.o(i.USART_ReceiveData)
    i.USART_SendData                         0x080028b6   Section        0  stm32f10x_usart.o(i.USART_SendData)
    i.UsageFault_Handler                     0x080028be   Section        0  stm32f10x_it.o(i.UsageFault_Handler)
    i.Weather_Init                           0x080028c4   Section        0  main.o(i.Weather_Init)
    i.WriteRawRC                             0x08002970   Section        0  rc522.o(i.WriteRawRC)
    i.Write_IIC_Byte                         0x080029a4   Section        0  oled_iic.o(i.Write_IIC_Byte)
    i.Write_IIC_Command                      0x080029fc   Section        0  oled_iic.o(i.Write_IIC_Command)
    i.Write_IIC_Data                         0x08002a28   Section        0  oled_iic.o(i.Write_IIC_Data)
    i.__0sprintf                             0x08002a54   Section        0  printfa.o(i.__0sprintf)
    i.__scatterload_copy                     0x08002a7c   Section       14  handlers.o(i.__scatterload_copy)
    i.__scatterload_null                     0x08002a8a   Section        2  handlers.o(i.__scatterload_null)
    i.__scatterload_zeroinit                 0x08002a8c   Section       14  handlers.o(i.__scatterload_zeroinit)
    i._fp_digits                             0x08002a9c   Section        0  printfa.o(i._fp_digits)
    _fp_digits                               0x08002a9d   Thumb Code   366  printfa.o(i._fp_digits)
    i._printf_core                           0x08002c20   Section        0  printfa.o(i._printf_core)
    _printf_core                             0x08002c21   Thumb Code  1744  printfa.o(i._printf_core)
    i._printf_post_padding                   0x080032fc   Section        0  printfa.o(i._printf_post_padding)
    _printf_post_padding                     0x080032fd   Thumb Code    36  printfa.o(i._printf_post_padding)
    i._printf_pre_padding                    0x08003320   Section        0  printfa.o(i._printf_pre_padding)
    _printf_pre_padding                      0x08003321   Thumb Code    46  printfa.o(i._printf_pre_padding)
    i._sputc                                 0x0800334e   Section        0  printfa.o(i._sputc)
    _sputc                                   0x0800334f   Thumb Code    10  printfa.o(i._sputc)
    i.add_card_mode                          0x08003358   Section        0  is_card_authorized.o(i.add_card_mode)
    i.add_new_card                           0x08003438   Section        0  is_card_authorized.o(i.add_new_card)
    i.delay_init                             0x08003500   Section        0  delay.o(i.delay_init)
    i.delay_ms                               0x08003544   Section        0  delay.o(i.delay_ms)
    i.delay_us                               0x08003590   Section        0  delay.o(i.delay_us)
    i.delete_card                            0x080035dc   Section        0  is_card_authorized.o(i.delete_card)
    i.delete_card_mode                       0x08003684   Section        0  is_card_authorized.o(i.delete_card_mode)
    i.flash_pwd_read                         0x08003768   Section        0  main.o(i.flash_pwd_read)
    flash_pwd_read                           0x08003769   Thumb Code    54  main.o(i.flash_pwd_read)
    i.flash_pwd_write                        0x080037b0   Section        0  main.o(i.flash_pwd_write)
    flash_pwd_write                          0x080037b1   Thumb Code    48  main.o(i.flash_pwd_write)
    i.get_6digits                            0x080037e4   Section        0  main.o(i.get_6digits)
    get_6digits                              0x080037e5   Thumb Code   108  main.o(i.get_6digits)
    i.is_authorized_card                     0x08003858   Section        0  is_card_authorized.o(i.is_authorized_card)
    i.key_to_digit                           0x08003980   Section        0  main.o(i.key_to_digit)
    key_to_digit                             0x08003981   Thumb Code    22  main.o(i.key_to_digit)
    i.main                                   0x08003998   Section        0  main.o(i.main)
    i.oled_pow                               0x08003d94   Section        0  oled_iic.o(i.oled_pow)
    i.password_change                        0x08003dac   Section        0  main.o(i.password_change)
    password_change                          0x08003dad   Thumb Code    94  main.o(i.password_change)
    i.password_login                         0x08003e38   Section        0  main.o(i.password_login)
    password_login                           0x08003e39   Thumb Code   308  main.o(i.password_login)
    i.press_FR                               0x08004004   Section        0  main.o(i.press_FR)
    i.usart3_init                            0x08004270   Section        0  usart3.o(i.usart3_init)
    .data                                    0x20000000   Section       13  main.o(.data)
    rx_idx                                   0x2000000c   Data           1  main.o(.data)
    .data                                    0x20000010   Section       20  system_stm32f10x.o(.data)
    .data                                    0x20000024   Section        4  delay.o(.data)
    fac_us                                   0x20000024   Data           1  delay.o(.data)
    fac_ms                                   0x20000026   Data           2  delay.o(.data)
    .data                                    0x20000028   Section       20  stm32f10x_rcc.o(.data)
    APBAHBPrescTable                         0x20000028   Data          16  stm32f10x_rcc.o(.data)
    ADCPrescTable                            0x20000038   Data           4  stm32f10x_rcc.o(.data)
    .data                                    0x2000003c   Section     4308  oled_iic.o(.data)
    .data                                    0x20001110   Section       10  as608.o(.data)
    .data                                    0x2000111a   Section        2  usart3.o(.data)
    .data                                    0x2000111c   Section        2  serial.o(.data)
    .data                                    0x20001120   Section       64  button4_4.o(.data)
    KEY_OUT                                  0x20001120   Data          32  button4_4.o(.data)
    KEY_IN                                   0x20001140   Data          32  button4_4.o(.data)
    .data                                    0x20001160   Section       81  rc522.o(.data)
    .data                                    0x200011b1   Section       41  is_card_authorized.o(.data)
    .bss                                     0x200011dc   Section       64  main.o(.bss)
    rx_buf                                   0x200011fc   Data          32  main.o(.bss)
    .bss                                     0x2000121c   Section      800  usart3.o(.bss)
    .bss                                     0x2000153c   Section       16  button4_4.o(.bss)
    STACK                                    0x20001550   Section     1024  startup_stm32f10x_hd.o(STACK)

    Global Symbols

    Symbol Name                              Value     Ov Type        Size  Object(Section)

    BuildAttributes$$THM_ISAv4$P$D$K$B$S$PE$A:L22UL41UL21$X:L11$S22US41US21$IEEE1$IW$USESV6$~STKCKD$USESV7$~SHL$OSPACE$ROPI$EBA8$MICROLIB$REQ8$PRES8$EABIv2 0x00000000   Number         0  anon$$obj.o ABSOLUTE
    __ARM_use_no_argv                        0x00000000   Number         0  main.o ABSOLUTE
    _printf_a                                0x00000000   Number         0  stubs.o ABSOLUTE
    _printf_c                                0x00000000   Number         0  stubs.o ABSOLUTE
    _printf_charcount                        0x00000000   Number         0  stubs.o ABSOLUTE
    _printf_d                                0x00000000   Number         0  stubs.o ABSOLUTE
    _printf_e                                0x00000000   Number         0  stubs.o ABSOLUTE
    _printf_f                                0x00000000   Number         0  stubs.o ABSOLUTE
    _printf_flags                            0x00000000   Number         0  stubs.o ABSOLUTE
    _printf_fp_dec                           0x00000000   Number         0  stubs.o ABSOLUTE
    _printf_fp_hex                           0x00000000   Number         0  stubs.o ABSOLUTE
    _printf_g                                0x00000000   Number         0  stubs.o ABSOLUTE
    _printf_i                                0x00000000   Number         0  stubs.o ABSOLUTE
    _printf_int_dec                          0x00000000   Number         0  stubs.o ABSOLUTE
    _printf_l                                0x00000000   Number         0  stubs.o ABSOLUTE
    _printf_lc                               0x00000000   Number         0  stubs.o ABSOLUTE
    _printf_ll                               0x00000000   Number         0  stubs.o ABSOLUTE
    _printf_lld                              0x00000000   Number         0  stubs.o ABSOLUTE
    _printf_lli                              0x00000000   Number         0  stubs.o ABSOLUTE
    _printf_llo                              0x00000000   Number         0  stubs.o ABSOLUTE
    _printf_llu                              0x00000000   Number         0  stubs.o ABSOLUTE
    _printf_llx                              0x00000000   Number         0  stubs.o ABSOLUTE
    _printf_longlong_dec                     0x00000000   Number         0  stubs.o ABSOLUTE
    _printf_longlong_hex                     0x00000000   Number         0  stubs.o ABSOLUTE
    _printf_longlong_oct                     0x00000000   Number         0  stubs.o ABSOLUTE
    _printf_ls                               0x00000000   Number         0  stubs.o ABSOLUTE
    _printf_mbtowc                           0x00000000   Number         0  stubs.o ABSOLUTE
    _printf_n                                0x00000000   Number         0  stubs.o ABSOLUTE
    _printf_o                                0x00000000   Number         0  stubs.o ABSOLUTE
    _printf_p                                0x00000000   Number         0  stubs.o ABSOLUTE
    _printf_percent                          0x00000000   Number         0  stubs.o ABSOLUTE
    _printf_pre_padding                      0x00000000   Number         0  stubs.o ABSOLUTE
    _printf_return_value                     0x00000000   Number         0  stubs.o ABSOLUTE
    _printf_s                                0x00000000   Number         0  stubs.o ABSOLUTE
    _printf_sizespec                         0x00000000   Number         0  stubs.o ABSOLUTE
    _printf_str                              0x00000000   Number         0  stubs.o ABSOLUTE
    _printf_truncate_signed                  0x00000000   Number         0  stubs.o ABSOLUTE
    _printf_truncate_unsigned                0x00000000   Number         0  stubs.o ABSOLUTE
    _printf_u                                0x00000000   Number         0  stubs.o ABSOLUTE
    _printf_wc                               0x00000000   Number         0  stubs.o ABSOLUTE
    _printf_wctomb                           0x00000000   Number         0  stubs.o ABSOLUTE
    _printf_widthprec                        0x00000000   Number         0  stubs.o ABSOLUTE
    _printf_x                                0x00000000   Number         0  stubs.o ABSOLUTE
    __cpp_initialize__aeabi_                  - Undefined Weak Reference
    __cxa_finalize                            - Undefined Weak Reference
    _clock_init                               - Undefined Weak Reference
    _microlib_exit                            - Undefined Weak Reference
    __Vectors_Size                           0x00000130   Number         0  startup_stm32f10x_hd.o ABSOLUTE
    __Vectors                                0x08000000   Data           4  startup_stm32f10x_hd.o(RESET)
    __Vectors_End                            0x08000130   Data           0  startup_stm32f10x_hd.o(RESET)
    __main                                   0x08000131   Thumb Code     0  entry.o(.ARM.Collect$$$$00000000)
    _main_stk                                0x08000131   Thumb Code     0  entry2.o(.ARM.Collect$$$$00000001)
    _main_scatterload                        0x08000135   Thumb Code     0  entry5.o(.ARM.Collect$$$$00000004)
    __main_after_scatterload                 0x08000139   Thumb Code     0  entry5.o(.ARM.Collect$$$$00000004)
    _main_clock                              0x08000139   Thumb Code     0  entry7b.o(.ARM.Collect$$$$00000008)
    _main_cpp_init                           0x08000139   Thumb Code     0  entry8b.o(.ARM.Collect$$$$0000000A)
    _main_init                               0x08000139   Thumb Code     0  entry9a.o(.ARM.Collect$$$$0000000B)
    __rt_final_cpp                           0x08000141   Thumb Code     0  entry10a.o(.ARM.Collect$$$$0000000D)
    __rt_final_exit                          0x08000141   Thumb Code     0  entry11a.o(.ARM.Collect$$$$0000000F)
    Reset_Handler                            0x08000145   Thumb Code     8  startup_stm32f10x_hd.o(.text)
    ADC1_2_IRQHandler                        0x0800015f   Thumb Code     0  startup_stm32f10x_hd.o(.text)
    ADC3_IRQHandler                          0x0800015f   Thumb Code     0  startup_stm32f10x_hd.o(.text)
    CAN1_RX1_IRQHandler                      0x0800015f   Thumb Code     0  startup_stm32f10x_hd.o(.text)
    CAN1_SCE_IRQHandler                      0x0800015f   Thumb Code     0  startup_stm32f10x_hd.o(.text)
    DMA1_Channel1_IRQHandler                 0x0800015f   Thumb Code     0  startup_stm32f10x_hd.o(.text)
    DMA1_Channel2_IRQHandler                 0x0800015f   Thumb Code     0  startup_stm32f10x_hd.o(.text)
    DMA1_Channel3_IRQHandler                 0x0800015f   Thumb Code     0  startup_stm32f10x_hd.o(.text)
    DMA1_Channel4_IRQHandler                 0x0800015f   Thumb Code     0  startup_stm32f10x_hd.o(.text)
    DMA1_Channel5_IRQHandler                 0x0800015f   Thumb Code     0  startup_stm32f10x_hd.o(.text)
    DMA1_Channel6_IRQHandler                 0x0800015f   Thumb Code     0  startup_stm32f10x_hd.o(.text)
    DMA1_Channel7_IRQHandler                 0x0800015f   Thumb Code     0  startup_stm32f10x_hd.o(.text)
    DMA2_Channel1_IRQHandler                 0x0800015f   Thumb Code     0  startup_stm32f10x_hd.o(.text)
    DMA2_Channel2_IRQHandler                 0x0800015f   Thumb Code     0  startup_stm32f10x_hd.o(.text)
    DMA2_Channel3_IRQHandler                 0x0800015f   Thumb Code     0  startup_stm32f10x_hd.o(.text)
    DMA2_Channel4_5_IRQHandler               0x0800015f   Thumb Code     0  startup_stm32f10x_hd.o(.text)
    EXTI0_IRQHandler                         0x0800015f   Thumb Code     0  startup_stm32f10x_hd.o(.text)
    EXTI15_10_IRQHandler                     0x0800015f   Thumb Code     0  startup_stm32f10x_hd.o(.text)
    EXTI1_IRQHandler                         0x0800015f   Thumb Code     0  startup_stm32f10x_hd.o(.text)
    EXTI2_IRQHandler                         0x0800015f   Thumb Code     0  startup_stm32f10x_hd.o(.text)
    EXTI3_IRQHandler                         0x0800015f   Thumb Code     0  startup_stm32f10x_hd.o(.text)
    EXTI4_IRQHandler                         0x0800015f   Thumb Code     0  startup_stm32f10x_hd.o(.text)
    EXTI9_5_IRQHandler                       0x0800015f   Thumb Code     0  startup_stm32f10x_hd.o(.text)
    FLASH_IRQHandler                         0x0800015f   Thumb Code     0  startup_stm32f10x_hd.o(.text)
    FSMC_IRQHandler                          0x0800015f   Thumb Code     0  startup_stm32f10x_hd.o(.text)
    I2C1_ER_IRQHandler                       0x0800015f   Thumb Code     0  startup_stm32f10x_hd.o(.text)
    I2C1_EV_IRQHandler                       0x0800015f   Thumb Code     0  startup_stm32f10x_hd.o(.text)
    I2C2_ER_IRQHandler                       0x0800015f   Thumb Code     0  startup_stm32f10x_hd.o(.text)
    I2C2_EV_IRQHandler                       0x0800015f   Thumb Code     0  startup_stm32f10x_hd.o(.text)
    PVD_IRQHandler                           0x0800015f   Thumb Code     0  startup_stm32f10x_hd.o(.text)
    RCC_IRQHandler                           0x0800015f   Thumb Code     0  startup_stm32f10x_hd.o(.text)
    RTCAlarm_IRQHandler                      0x0800015f   Thumb Code     0  startup_stm32f10x_hd.o(.text)
    RTC_IRQHandler                           0x0800015f   Thumb Code     0  startup_stm32f10x_hd.o(.text)
    SDIO_IRQHandler                          0x0800015f   Thumb Code     0  startup_stm32f10x_hd.o(.text)
    SPI1_IRQHandler                          0x0800015f   Thumb Code     0  startup_stm32f10x_hd.o(.text)
    SPI2_IRQHandler                          0x0800015f   Thumb Code     0  startup_stm32f10x_hd.o(.text)
    SPI3_IRQHandler                          0x0800015f   Thumb Code     0  startup_stm32f10x_hd.o(.text)
    TAMPER_IRQHandler                        0x0800015f   Thumb Code     0  startup_stm32f10x_hd.o(.text)
    TIM1_BRK_IRQHandler                      0x0800015f   Thumb Code     0  startup_stm32f10x_hd.o(.text)
    TIM1_CC_IRQHandler                       0x0800015f   Thumb Code     0  startup_stm32f10x_hd.o(.text)
    TIM1_TRG_COM_IRQHandler                  0x0800015f   Thumb Code     0  startup_stm32f10x_hd.o(.text)
    TIM1_UP_IRQHandler                       0x0800015f   Thumb Code     0  startup_stm32f10x_hd.o(.text)
    TIM3_IRQHandler                          0x0800015f   Thumb Code     0  startup_stm32f10x_hd.o(.text)
    TIM4_IRQHandler                          0x0800015f   Thumb Code     0  startup_stm32f10x_hd.o(.text)
    TIM5_IRQHandler                          0x0800015f   Thumb Code     0  startup_stm32f10x_hd.o(.text)
    TIM6_IRQHandler                          0x0800015f   Thumb Code     0  startup_stm32f10x_hd.o(.text)
    TIM7_IRQHandler                          0x0800015f   Thumb Code     0  startup_stm32f10x_hd.o(.text)
    TIM8_BRK_IRQHandler                      0x0800015f   Thumb Code     0  startup_stm32f10x_hd.o(.text)
    TIM8_CC_IRQHandler                       0x0800015f   Thumb Code     0  startup_stm32f10x_hd.o(.text)
    TIM8_TRG_COM_IRQHandler                  0x0800015f   Thumb Code     0  startup_stm32f10x_hd.o(.text)
    TIM8_UP_IRQHandler                       0x0800015f   Thumb Code     0  startup_stm32f10x_hd.o(.text)
    UART4_IRQHandler                         0x0800015f   Thumb Code     0  startup_stm32f10x_hd.o(.text)
    UART5_IRQHandler                         0x0800015f   Thumb Code     0  startup_stm32f10x_hd.o(.text)
    USBWakeUp_IRQHandler                     0x0800015f   Thumb Code     0  startup_stm32f10x_hd.o(.text)
    USB_HP_CAN1_TX_IRQHandler                0x0800015f   Thumb Code     0  startup_stm32f10x_hd.o(.text)
    USB_LP_CAN1_RX0_IRQHandler               0x0800015f   Thumb Code     0  startup_stm32f10x_hd.o(.text)
    WWDG_IRQHandler                          0x0800015f   Thumb Code     0  startup_stm32f10x_hd.o(.text)
    __aeabi_memset                           0x08000169   Thumb Code    14  memseta.o(.text)
    __aeabi_memset4                          0x08000169   Thumb Code     0  memseta.o(.text)
    __aeabi_memset8                          0x08000169   Thumb Code     0  memseta.o(.text)
    __aeabi_memclr                           0x08000177   Thumb Code     4  memseta.o(.text)
    __aeabi_memclr4                          0x08000177   Thumb Code     0  memseta.o(.text)
    __aeabi_memclr8                          0x08000177   Thumb Code     0  memseta.o(.text)
    _memset$wrapper                          0x0800017b   Thumb Code    18  memseta.o(.text)
    strstr                                   0x0800018d   Thumb Code    36  strstr.o(.text)
    strncpy                                  0x080001b1   Thumb Code    24  strncpy.o(.text)
    strchr                                   0x080001c9   Thumb Code    20  strchr.o(.text)
    strcmp                                   0x080001dd   Thumb Code    28  strcmp.o(.text)
    memcmp                                   0x080001f9   Thumb Code    26  memcmp.o(.text)
    strcpy                                   0x08000213   Thumb Code    18  strcpy.o(.text)
    __aeabi_uidiv                            0x08000225   Thumb Code     0  uidiv.o(.text)
    __aeabi_uidivmod                         0x08000225   Thumb Code    44  uidiv.o(.text)
    __aeabi_uldivmod                         0x08000251   Thumb Code    98  uldiv.o(.text)
    __I$use$fp                               0x080002b3   Thumb Code     0  iusefp.o(.text)
    __aeabi_dadd                             0x080002b3   Thumb Code   322  dadd.o(.text)
    __aeabi_dsub                             0x080003f5   Thumb Code     6  dadd.o(.text)
    __aeabi_drsub                            0x080003fb   Thumb Code     6  dadd.o(.text)
    __aeabi_dmul                             0x08000401   Thumb Code   228  dmul.o(.text)
    __aeabi_ddiv                             0x080004e5   Thumb Code   222  ddiv.o(.text)
    __aeabi_d2ulz                            0x080005c3   Thumb Code    48  dfixul.o(.text)
    __aeabi_cdrcmple                         0x080005f5   Thumb Code    48  cdrcmple.o(.text)
    __scatterload                            0x08000625   Thumb Code    28  init.o(.text)
    __scatterload_rt2                        0x08000625   Thumb Code     0  init.o(.text)
    __aeabi_llsl                             0x08000649   Thumb Code    30  llshl.o(.text)
    _ll_shift_l                              0x08000649   Thumb Code     0  llshl.o(.text)
    __aeabi_llsr                             0x08000667   Thumb Code    32  llushr.o(.text)
    _ll_ushift_r                             0x08000667   Thumb Code     0  llushr.o(.text)
    __aeabi_lasr                             0x08000687   Thumb Code    36  llsshr.o(.text)
    _ll_sshift_r                             0x08000687   Thumb Code     0  llsshr.o(.text)
    _double_round                            0x080006ab   Thumb Code    30  depilogue.o(.text)
    _double_epilogue                         0x080006c9   Thumb Code   156  depilogue.o(.text)
    __decompress                             0x08000765   Thumb Code     0  __dclz77c.o(.text)
    __decompress2                            0x08000765   Thumb Code    94  __dclz77c.o(.text)
    Add_FR                                   0x080007c5   Thumb Code   558  as608.o(i.Add_FR)
    BEEP_Init                                0x08000afd   Thumb Code    44  beep.o(i.BEEP_Init)
    BEEP_Off                                 0x08000b2d   Thumb Code    12  beep.o(i.BEEP_Off)
    BEEP_On                                  0x08000b3d   Thumb Code    12  beep.o(i.BEEP_On)
    BusFault_Handler                         0x08000b4d   Thumb Code     4  stm32f10x_it.o(i.BusFault_Handler)
    Button4_4_Init                           0x08000b51   Thumb Code   138  button4_4.o(i.Button4_4_Init)
    Button4_4_Scan                           0x08000be5   Thumb Code   310  button4_4.o(i.Button4_4_Scan)
    ClearBitMask                             0x08000d29   Thumb Code    26  rc522.o(i.ClearBitMask)
    DebugMon_Handler                         0x08000d43   Thumb Code     2  stm32f10x_it.o(i.DebugMon_Handler)
    Del_FR                                   0x08000d45   Thumb Code   250  as608.o(i.Del_FR)
    FLASH_ErasePage                          0x08000ed9   Thumb Code    72  stm32f10x_flash.o(i.FLASH_ErasePage)
    FLASH_GetBank1Status                     0x08000f25   Thumb Code    48  stm32f10x_flash.o(i.FLASH_GetBank1Status)
    FLASH_Lock                               0x08000f59   Thumb Code    14  stm32f10x_flash.o(i.FLASH_Lock)
    FLASH_ProgramHalfWord                    0x08000f6d   Thumb Code    60  stm32f10x_flash.o(i.FLASH_ProgramHalfWord)
    FLASH_Unlock                             0x08000fad   Thumb Code    12  stm32f10x_flash.o(i.FLASH_Unlock)
    FLASH_WaitForLastOperation               0x08000fc5   Thumb Code    38  stm32f10x_flash.o(i.FLASH_WaitForLastOperation)
    GB16_NUM                                 0x08000fed   Thumb Code    18  oled_iic.o(i.GB16_NUM)
    GPIO_Init                                0x08001005   Thumb Code   278  stm32f10x_gpio.o(i.GPIO_Init)
    GPIO_PinRemapConfig                      0x0800111d   Thumb Code   138  stm32f10x_gpio.o(i.GPIO_PinRemapConfig)
    GPIO_ReadInputDataBit                    0x080011ad   Thumb Code    18  stm32f10x_gpio.o(i.GPIO_ReadInputDataBit)
    GPIO_ResetBits                           0x080011bf   Thumb Code     4  stm32f10x_gpio.o(i.GPIO_ResetBits)
    GPIO_SetBits                             0x080011c3   Thumb Code     4  stm32f10x_gpio.o(i.GPIO_SetBits)
    HardFault_Handler                        0x080011c7   Thumb Code     4  stm32f10x_it.o(i.HardFault_Handler)
    IIC_GPIO_Config                          0x080011d9   Thumb Code    60  oled_iic.o(i.IIC_GPIO_Config)
    IIC_Start                                0x08001219   Thumb Code    42  oled_iic.o(i.IIC_Start)
    IIC_Stop                                 0x0800124d   Thumb Code    28  oled_iic.o(i.IIC_Stop)
    IIC_WaitAck                              0x08001271   Thumb Code    58  oled_iic.o(i.IIC_WaitAck)
    M500PcdConfigISOType                     0x08001341   Thumb Code    84  rc522.o(i.M500PcdConfigISOType)
    MemManage_Handler                        0x080013b1   Thumb Code     4  stm32f10x_it.o(i.MemManage_Handler)
    NMI_Handler                              0x080013b5   Thumb Code     2  stm32f10x_it.o(i.NMI_Handler)
    NVIC_Init                                0x080013b9   Thumb Code   100  misc.o(i.NVIC_Init)
    NVIC_PriorityGroupConfig                 0x08001429   Thumb Code    10  misc.o(i.NVIC_PriorityGroupConfig)
    OLED_Clear                               0x0800143d   Thumb Code    10  oled_iic.o(i.OLED_Clear)
    OLED_Fill                                0x08001447   Thumb Code    58  oled_iic.o(i.OLED_Fill)
    OLED_Init                                0x08001481   Thumb Code   170  oled_iic.o(i.OLED_Init)
    OLED_Set_Pos                             0x0800152b   Thumb Code    46  oled_iic.o(i.OLED_Set_Pos)
    OLED_ShowCH                              0x08001559   Thumb Code   284  oled_iic.o(i.OLED_ShowCH)
    OLED_ShowChar                            0x08001689   Thumb Code   102  oled_iic.o(i.OLED_ShowChar)
    OLED_ShowNum                             0x080016f5   Thumb Code   124  oled_iic.o(i.OLED_ShowNum)
    PS_DeletChar                             0x08001771   Thumb Code   108  as608.o(i.PS_DeletChar)
    PS_Empty                                 0x080017dd   Thumb Code    58  as608.o(i.PS_Empty)
    PS_GenChar                               0x08001817   Thumb Code    70  as608.o(i.PS_GenChar)
    PS_GetImage                              0x0800185d   Thumb Code    58  as608.o(i.PS_GetImage)
    PS_HighSpeedSearch                       0x08001897   Thumb Code   144  as608.o(i.PS_HighSpeedSearch)
    PS_Match                                 0x08001927   Thumb Code    58  as608.o(i.PS_Match)
    PS_RegModel                              0x08001961   Thumb Code    58  as608.o(i.PS_RegModel)
    PS_StoreChar                             0x0800199b   Thumb Code    96  as608.o(i.PS_StoreChar)
    PcdAntennaOn                             0x080019fb   Thumb Code    26  rc522.o(i.PcdAntennaOn)
    PcdAnticoll                              0x08001a15   Thumb Code   112  rc522.o(i.PcdAnticoll)
    PcdComMF522                              0x08001a85   Thumb Code   306  rc522.o(i.PcdComMF522)
    PcdRequest                               0x08001bb7   Thumb Code    84  rc522.o(i.PcdRequest)
    PcdReset                                 0x08001c0d   Thumb Code   130  rc522.o(i.PcdReset)
    PendSV_Handler                           0x08001c95   Thumb Code     2  stm32f10x_it.o(i.PendSV_Handler)
    RC522_Init                               0x08001c99   Thumb Code    38  rc522.o(i.RC522_Init)
    RCC_APB1PeriphClockCmd                   0x08001cc9   Thumb Code    26  stm32f10x_rcc.o(i.RCC_APB1PeriphClockCmd)
    RCC_APB1PeriphResetCmd                   0x08001ce9   Thumb Code    26  stm32f10x_rcc.o(i.RCC_APB1PeriphResetCmd)
    RCC_APB2PeriphClockCmd                   0x08001d09   Thumb Code    26  stm32f10x_rcc.o(i.RCC_APB2PeriphClockCmd)
    RCC_APB2PeriphResetCmd                   0x08001d29   Thumb Code    26  stm32f10x_rcc.o(i.RCC_APB2PeriphResetCmd)
    RCC_GetClocksFreq                        0x08001d49   Thumb Code   192  stm32f10x_rcc.o(i.RCC_GetClocksFreq)
    ReadRawRC                                0x08001e1d   Thumb Code    50  rc522.o(i.ReadRawRC)
    Relay_Init                               0x08001e55   Thumb Code    62  relay.o(i.Relay_Init)
    Relay_Off                                0x08001e9d   Thumb Code    12  relay.o(i.Relay_Off)
    Relay_On                                 0x08001ead   Thumb Code    12  relay.o(i.Relay_On)
    SPI1_Init                                0x08001ebd   Thumb Code   152  rc522.o(i.SPI1_Init)
    SPI_RC522_ReadByte                       0x08001f5d   Thumb Code    78  rc522.o(i.SPI_RC522_ReadByte)
    SPI_RC522_SendByte                       0x08001fb1   Thumb Code    88  rc522.o(i.SPI_RC522_SendByte)
    SVC_Handler                              0x0800200d   Thumb Code     2  stm32f10x_it.o(i.SVC_Handler)
    Serial_GetRxData                         0x08002095   Thumb Code     6  serial.o(i.Serial_GetRxData)
    Serial_GetRxFlag                         0x080020a1   Thumb Code    22  serial.o(i.Serial_GetRxFlag)
    Serial_Init                              0x080020bd   Thumb Code   174  serial.o(i.Serial_Init)
    Serial_SendByte                          0x08002175   Thumb Code    28  serial.o(i.Serial_SendByte)
    SetBitMask                               0x08002195   Thumb Code    26  rc522.o(i.SetBitMask)
    ShowErrMessage                           0x08002299   Thumb Code     2  as608.o(i.ShowErrMessage)
    SysTick_CLKSourceConfig                  0x0800229b   Thumb Code    40  misc.o(i.SysTick_CLKSourceConfig)
    SysTick_Handler                          0x080022c3   Thumb Code     2  stm32f10x_it.o(i.SysTick_Handler)
    SystemInit                               0x080022c5   Thumb Code    78  system_stm32f10x.o(i.SystemInit)
    TIM2_IRQHandler                          0x08002325   Thumb Code    44  timer.o(i.TIM2_IRQHandler)
    TIM2_Int_Init                            0x08002355   Thumb Code    92  timer.o(i.TIM2_Int_Init)
    TIM_ClearITPendingBit                    0x080023b1   Thumb Code     6  stm32f10x_tim.o(i.TIM_ClearITPendingBit)
    TIM_Cmd                                  0x080023b7   Thumb Code    24  stm32f10x_tim.o(i.TIM_Cmd)
    TIM_GetITStatus                          0x080023cf   Thumb Code    34  stm32f10x_tim.o(i.TIM_GetITStatus)
    TIM_ITConfig                             0x080023f1   Thumb Code    18  stm32f10x_tim.o(i.TIM_ITConfig)
    TIM_SetCounter                           0x08002403   Thumb Code     4  stm32f10x_tim.o(i.TIM_SetCounter)
    TIM_TimeBaseInit                         0x08002409   Thumb Code   122  stm32f10x_tim.o(i.TIM_TimeBaseInit)
    USART1_IRQHandler                        0x080024ad   Thumb Code    44  serial.o(i.USART1_IRQHandler)
    USART2_IRQHandler                        0x080024e5   Thumb Code   228  main.o(i.USART2_IRQHandler)
    USART3_IRQHandler                        0x080025dd   Thumb Code    96  usart3.o(i.USART3_IRQHandler)
    USART_ClearITPendingBit                  0x08002649   Thumb Code    30  stm32f10x_usart.o(i.USART_ClearITPendingBit)
    USART_Cmd                                0x08002667   Thumb Code    24  stm32f10x_usart.o(i.USART_Cmd)
    USART_DeInit                             0x08002681   Thumb Code   134  stm32f10x_usart.o(i.USART_DeInit)
    USART_GetFlagStatus                      0x0800271d   Thumb Code    26  stm32f10x_usart.o(i.USART_GetFlagStatus)
    USART_GetITStatus                        0x08002737   Thumb Code    84  stm32f10x_usart.o(i.USART_GetITStatus)
    USART_ITConfig                           0x0800278b   Thumb Code    74  stm32f10x_usart.o(i.USART_ITConfig)
    USART_Init                               0x080027d5   Thumb Code   210  stm32f10x_usart.o(i.USART_Init)
    USART_ReceiveData                        0x080028ad   Thumb Code    10  stm32f10x_usart.o(i.USART_ReceiveData)
    USART_SendData                           0x080028b7   Thumb Code     8  stm32f10x_usart.o(i.USART_SendData)
    UsageFault_Handler                       0x080028bf   Thumb Code     4  stm32f10x_it.o(i.UsageFault_Handler)
    Weather_Init                             0x080028c5   Thumb Code   164  main.o(i.Weather_Init)
    WriteRawRC                               0x08002971   Thumb Code    46  rc522.o(i.WriteRawRC)
    Write_IIC_Byte                           0x080029a5   Thumb Code    80  oled_iic.o(i.Write_IIC_Byte)
    Write_IIC_Command                        0x080029fd   Thumb Code    44  oled_iic.o(i.Write_IIC_Command)
    Write_IIC_Data                           0x08002a29   Thumb Code    44  oled_iic.o(i.Write_IIC_Data)
    __0sprintf                               0x08002a55   Thumb Code    34  printfa.o(i.__0sprintf)
    __1sprintf                               0x08002a55   Thumb Code     0  printfa.o(i.__0sprintf)
    __2sprintf                               0x08002a55   Thumb Code     0  printfa.o(i.__0sprintf)
    __c89sprintf                             0x08002a55   Thumb Code     0  printfa.o(i.__0sprintf)
    sprintf                                  0x08002a55   Thumb Code     0  printfa.o(i.__0sprintf)
    __scatterload_copy                       0x08002a7d   Thumb Code    14  handlers.o(i.__scatterload_copy)
    __scatterload_null                       0x08002a8b   Thumb Code     2  handlers.o(i.__scatterload_null)
    __scatterload_zeroinit                   0x08002a8d   Thumb Code    14  handlers.o(i.__scatterload_zeroinit)
    add_card_mode                            0x08003359   Thumb Code   156  is_card_authorized.o(i.add_card_mode)
    add_new_card                             0x08003439   Thumb Code   146  is_card_authorized.o(i.add_new_card)
    delay_init                               0x08003501   Thumb Code    50  delay.o(i.delay_init)
    delay_ms                                 0x08003545   Thumb Code    72  delay.o(i.delay_ms)
    delay_us                                 0x08003591   Thumb Code    72  delay.o(i.delay_us)
    delete_card                              0x080035dd   Thumb Code   128  is_card_authorized.o(i.delete_card)
    delete_card_mode                         0x08003685   Thumb Code   156  is_card_authorized.o(i.delete_card_mode)
    is_authorized_card                       0x08003859   Thumb Code   206  is_card_authorized.o(i.is_authorized_card)
    main                                     0x08003999   Thumb Code   804  main.o(i.main)
    oled_pow                                 0x08003d95   Thumb Code    22  oled_iic.o(i.oled_pow)
    press_FR                                 0x08004005   Thumb Code   430  main.o(i.press_FR)
    usart3_init                              0x08004271   Thumb Code   186  usart3.o(i.usart3_init)
    Region$$Table$$Base                      0x08004334   Number         0  anon$$obj.o(Region$$Table)
    Region$$Table$$Limit                     0x08004354   Number         0  anon$$obj.o(Region$$Table)
    error_cishu                              0x20000000   Data           1  main.o(.data)
    last_unauth_card                         0x20000001   Data           4  main.o(.data)
    last_unauth_valid                        0x20000008   Data           4  main.o(.data)
    SystemCoreClock                          0x20000010   Data           4  system_stm32f10x.o(.data)
    AHBPrescTable                            0x20000014   Data          16  system_stm32f10x.o(.data)
    zf                                       0x2000003c   Data        1520  oled_iic.o(.data)
    hz                                       0x2000062c   Data        2528  oled_iic.o(.data)
    hz_index                                 0x2000100c   Data         159  oled_iic.o(.data)
    zf_index                                 0x200010ab   Data          96  oled_iic.o(.data)
    HZ                                       0x2000110c   Data           4  oled_iic.o(.data)
    AS608Addr                                0x20001110   Data           4  as608.o(.data)
    str2                                     0x20001114   Data           6  as608.o(.data)
    USART3_RX_STA                            0x2000111a   Data           2  usart3.o(.data)
    Serial_RxData                            0x2000111c   Data           1  serial.o(.data)
    Serial_RxFlag                            0x2000111d   Data           1  serial.o(.data)
    CT                                       0x20001160   Data           2  rc522.o(.data)
    SN                                       0x20001162   Data           4  rc522.o(.data)
    lxl_bit                                  0x20001166   Data           1  rc522.o(.data)
    card1_bit                                0x20001167   Data           1  rc522.o(.data)
    card2_bit                                0x20001168   Data           1  rc522.o(.data)
    card3_bit                                0x20001169   Data           1  rc522.o(.data)
    card4_bit                                0x2000116a   Data           1  rc522.o(.data)
    total                                    0x2000116b   Data           1  rc522.o(.data)
    lxl                                      0x2000116c   Data           4  rc522.o(.data)
    card_1                                   0x20001170   Data           4  rc522.o(.data)
    card_2                                   0x20001174   Data           4  rc522.o(.data)
    card_3                                   0x20001178   Data           4  rc522.o(.data)
    card_4                                   0x2000117c   Data           4  rc522.o(.data)
    KEY                                      0x20001180   Data           6  rc522.o(.data)
    AUDIO_OPEN                               0x20001186   Data           6  rc522.o(.data)
    RFID1                                    0x2000118c   Data          16  rc522.o(.data)
    status                                   0x2000119c   Data           1  rc522.o(.data)
    s                                        0x2000119d   Data           1  rc522.o(.data)
    ShowON                                   0x2000119e   Data           1  rc522.o(.data)
    snr                                      0x2000119f   Data           1  rc522.o(.data)
    TagType                                  0x200011a0   Data           2  rc522.o(.data)
    SelectedSnr                              0x200011a2   Data           4  rc522.o(.data)
    DefaultKey                               0x200011a6   Data           6  rc522.o(.data)
    a                                        0x200011ac   Data           4  rc522.o(.data)
    OK_status                                0x200011b0   Data           1  rc522.o(.data)
    card_list                                0x200011b1   Data          40  is_card_authorized.o(.data)
    card_count                               0x200011d9   Data           1  is_card_authorized.o(.data)
    weather_type                             0x200011dc   Data          16  main.o(.bss)
    weather_temp                             0x200011ec   Data          16  main.o(.bss)
    USART3_RX_BUF                            0x2000121c   Data         400  usart3.o(.bss)
    USART3_TX_BUF                            0x200013ac   Data         400  usart3.o(.bss)
    key                                      0x2000153c   Data          16  button4_4.o(.bss)
    __initial_sp                             0x20001950   Data           0  startup_stm32f10x_hd.o(STACK)



==============================================================================

Memory Map of the image

  Image Entry point : 0x08000145

  Load Region LR_1 (Base: 0x08000000, Size: 0x00005530, Max: 0xffffffff, ABSOLUTE, COMPRESSED[0x00004ff4])

    Execution Region ER_RO (Exec base: 0x08000000, Load base: 0x08000000, Size: 0x00004354, Max: 0xffffffff, ABSOLUTE)

    Exec Addr    Load Addr    Size         Type   Attr      Idx    E Section Name        Object

    0x08000000   0x08000000   0x00000130   Data   RO          399    RESET               startup_stm32f10x_hd.o
    0x08000130   0x08000130   0x00000000   Code   RO         4099  * .ARM.Collect$$$$00000000  mc_w.l(entry.o)
    0x08000130   0x08000130   0x00000004   Code   RO         4383    .ARM.Collect$$$$00000001  mc_w.l(entry2.o)
    0x08000134   0x08000134   0x00000004   Code   RO         4386    .ARM.Collect$$$$00000004  mc_w.l(entry5.o)
    0x08000138   0x08000138   0x00000000   Code   RO         4388    .ARM.Collect$$$$00000008  mc_w.l(entry7b.o)
    0x08000138   0x08000138   0x00000000   Code   RO         4390    .ARM.Collect$$$$0000000A  mc_w.l(entry8b.o)
    0x08000138   0x08000138   0x00000008   Code   RO         4391    .ARM.Collect$$$$0000000B  mc_w.l(entry9a.o)
    0x08000140   0x08000140   0x00000000   Code   RO         4393    .ARM.Collect$$$$0000000D  mc_w.l(entry10a.o)
    0x08000140   0x08000140   0x00000000   Code   RO         4395    .ARM.Collect$$$$0000000F  mc_w.l(entry11a.o)
    0x08000140   0x08000140   0x00000004   Code   RO         4384    .ARM.Collect$$$$00002712  mc_w.l(entry2.o)
    0x08000144   0x08000144   0x00000024   Code   RO          400  * .text               startup_stm32f10x_hd.o
    0x08000168   0x08000168   0x00000024   Code   RO         4104    .text               mc_w.l(memseta.o)
    0x0800018c   0x0800018c   0x00000024   Code   RO         4106    .text               mc_w.l(strstr.o)
    0x080001b0   0x080001b0   0x00000018   Code   RO         4108    .text               mc_w.l(strncpy.o)
    0x080001c8   0x080001c8   0x00000014   Code   RO         4110    .text               mc_w.l(strchr.o)
    0x080001dc   0x080001dc   0x0000001c   Code   RO         4114    .text               mc_w.l(strcmp.o)
    0x080001f8   0x080001f8   0x0000001a   Code   RO         4116    .text               mc_w.l(memcmp.o)
    0x08000212   0x08000212   0x00000012   Code   RO         4118    .text               mc_w.l(strcpy.o)
    0x08000224   0x08000224   0x0000002c   Code   RO         4398    .text               mc_w.l(uidiv.o)
    0x08000250   0x08000250   0x00000062   Code   RO         4400    .text               mc_w.l(uldiv.o)
    0x080002b2   0x080002b2   0x00000000   Code   RO         4402    .text               mc_w.l(iusefp.o)
    0x080002b2   0x080002b2   0x0000014e   Code   RO         4403    .text               mf_w.l(dadd.o)
    0x08000400   0x08000400   0x000000e4   Code   RO         4405    .text               mf_w.l(dmul.o)
    0x080004e4   0x080004e4   0x000000de   Code   RO         4407    .text               mf_w.l(ddiv.o)
    0x080005c2   0x080005c2   0x00000030   Code   RO         4409    .text               mf_w.l(dfixul.o)
    0x080005f2   0x080005f2   0x00000002   PAD
    0x080005f4   0x080005f4   0x00000030   Code   RO         4411    .text               mf_w.l(cdrcmple.o)
    0x08000624   0x08000624   0x00000024   Code   RO         4413    .text               mc_w.l(init.o)
    0x08000648   0x08000648   0x0000001e   Code   RO         4415    .text               mc_w.l(llshl.o)
    0x08000666   0x08000666   0x00000020   Code   RO         4417    .text               mc_w.l(llushr.o)
    0x08000686   0x08000686   0x00000024   Code   RO         4419    .text               mc_w.l(llsshr.o)
    0x080006aa   0x080006aa   0x000000ba   Code   RO         4421    .text               mf_w.l(depilogue.o)
    0x08000764   0x08000764   0x0000005e   Code   RO         4431    .text               mc_w.l(__dclz77c.o)
    0x080007c2   0x080007c2   0x00000002   PAD
    0x080007c4   0x080007c4   0x00000338   Code   RO         3508    i.Add_FR            as608.o
    0x08000afc   0x08000afc   0x00000030   Code   RO         4069    i.BEEP_Init         beep.o
    0x08000b2c   0x08000b2c   0x00000010   Code   RO         4070    i.BEEP_Off          beep.o
    0x08000b3c   0x08000b3c   0x00000010   Code   RO         4071    i.BEEP_On           beep.o
    0x08000b4c   0x08000b4c   0x00000004   Code   RO          209    i.BusFault_Handler  stm32f10x_it.o
    0x08000b50   0x08000b50   0x00000094   Code   RO         3819    i.Button4_4_Init    button4_4.o
    0x08000be4   0x08000be4   0x00000144   Code   RO         3820    i.Button4_4_Scan    button4_4.o
    0x08000d28   0x08000d28   0x0000001a   Code   RO         3872    i.ClearBitMask      rc522.o
    0x08000d42   0x08000d42   0x00000002   Code   RO          210    i.DebugMon_Handler  stm32f10x_it.o
    0x08000d44   0x08000d44   0x00000194   Code   RO         3509    i.Del_FR            as608.o
    0x08000ed8   0x08000ed8   0x0000004c   Code   RO         1260    i.FLASH_ErasePage   stm32f10x_flash.o
    0x08000f24   0x08000f24   0x00000034   Code   RO         1261    i.FLASH_GetBank1Status  stm32f10x_flash.o
    0x08000f58   0x08000f58   0x00000014   Code   RO         1270    i.FLASH_Lock        stm32f10x_flash.o
    0x08000f6c   0x08000f6c   0x00000040   Code   RO         1273    i.FLASH_ProgramHalfWord  stm32f10x_flash.o
    0x08000fac   0x08000fac   0x00000018   Code   RO         1278    i.FLASH_Unlock      stm32f10x_flash.o
    0x08000fc4   0x08000fc4   0x00000026   Code   RO         1282    i.FLASH_WaitForLastOperation  stm32f10x_flash.o
    0x08000fea   0x08000fea   0x00000002   PAD
    0x08000fec   0x08000fec   0x00000018   Code   RO         3371    i.GB16_NUM          oled_iic.o
    0x08001004   0x08001004   0x00000116   Code   RO         1555    i.GPIO_Init         stm32f10x_gpio.o
    0x0800111a   0x0800111a   0x00000002   PAD
    0x0800111c   0x0800111c   0x00000090   Code   RO         1557    i.GPIO_PinRemapConfig  stm32f10x_gpio.o
    0x080011ac   0x080011ac   0x00000012   Code   RO         1559    i.GPIO_ReadInputDataBit  stm32f10x_gpio.o
    0x080011be   0x080011be   0x00000004   Code   RO         1562    i.GPIO_ResetBits    stm32f10x_gpio.o
    0x080011c2   0x080011c2   0x00000004   Code   RO         1563    i.GPIO_SetBits      stm32f10x_gpio.o
    0x080011c6   0x080011c6   0x00000004   Code   RO          211    i.HardFault_Handler  stm32f10x_it.o
    0x080011ca   0x080011ca   0x0000000e   Code   RO         3372    i.IIC_Delay         oled_iic.o
    0x080011d8   0x080011d8   0x00000040   Code   RO         3373    i.IIC_GPIO_Config   oled_iic.o
    0x08001218   0x08001218   0x00000034   Code   RO         3374    i.IIC_Start         oled_iic.o
    0x0800124c   0x0800124c   0x00000024   Code   RO         3375    i.IIC_Stop          oled_iic.o
    0x08001270   0x08001270   0x00000048   Code   RO         3376    i.IIC_WaitAck       oled_iic.o
    0x080012b8   0x080012b8   0x00000088   Code   RO         3511    i.JudgeStr          as608.o
    0x08001340   0x08001340   0x00000054   Code   RO         3874    i.M500PcdConfigISOType  rc522.o
    0x08001394   0x08001394   0x0000001c   Code   RO         3512    i.MYUSART_SendData  as608.o
    0x080013b0   0x080013b0   0x00000004   Code   RO          212    i.MemManage_Handler  stm32f10x_it.o
    0x080013b4   0x080013b4   0x00000002   Code   RO          213    i.NMI_Handler       stm32f10x_it.o
    0x080013b6   0x080013b6   0x00000002   PAD
    0x080013b8   0x080013b8   0x00000070   Code   RO          404    i.NVIC_Init         misc.o
    0x08001428   0x08001428   0x00000014   Code   RO          405    i.NVIC_PriorityGroupConfig  misc.o
    0x0800143c   0x0800143c   0x0000000a   Code   RO         3377    i.OLED_Clear        oled_iic.o
    0x08001446   0x08001446   0x0000003a   Code   RO         3379    i.OLED_Fill         oled_iic.o
    0x08001480   0x08001480   0x000000aa   Code   RO         3380    i.OLED_Init         oled_iic.o
    0x0800152a   0x0800152a   0x0000002e   Code   RO         3383    i.OLED_Set_Pos      oled_iic.o
    0x08001558   0x08001558   0x00000130   Code   RO         3384    i.OLED_ShowCH       oled_iic.o
    0x08001688   0x08001688   0x0000006c   Code   RO         3385    i.OLED_ShowChar     oled_iic.o
    0x080016f4   0x080016f4   0x0000007c   Code   RO         3386    i.OLED_ShowNum      oled_iic.o
    0x08001770   0x08001770   0x0000006c   Code   RO         3513    i.PS_DeletChar      as608.o
    0x080017dc   0x080017dc   0x0000003a   Code   RO         3514    i.PS_Empty          as608.o
    0x08001816   0x08001816   0x00000046   Code   RO         3515    i.PS_GenChar        as608.o
    0x0800185c   0x0800185c   0x0000003a   Code   RO         3516    i.PS_GetImage       as608.o
    0x08001896   0x08001896   0x00000090   Code   RO         3518    i.PS_HighSpeedSearch  as608.o
    0x08001926   0x08001926   0x0000003a   Code   RO         3519    i.PS_Match          as608.o
    0x08001960   0x08001960   0x0000003a   Code   RO         3522    i.PS_RegModel       as608.o
    0x0800199a   0x0800199a   0x00000060   Code   RO         3525    i.PS_StoreChar      as608.o
    0x080019fa   0x080019fa   0x0000001a   Code   RO         3876    i.PcdAntennaOn      rc522.o
    0x08001a14   0x08001a14   0x00000070   Code   RO         3877    i.PcdAnticoll       rc522.o
    0x08001a84   0x08001a84   0x00000132   Code   RO         3879    i.PcdComMF522       rc522.o
    0x08001bb6   0x08001bb6   0x00000054   Code   RO         3882    i.PcdRequest        rc522.o
    0x08001c0a   0x08001c0a   0x00000002   PAD
    0x08001c0c   0x08001c0c   0x00000088   Code   RO         3883    i.PcdReset          rc522.o
    0x08001c94   0x08001c94   0x00000002   Code   RO          214    i.PendSV_Handler    stm32f10x_it.o
    0x08001c96   0x08001c96   0x00000002   PAD
    0x08001c98   0x08001c98   0x00000030   Code   RO         3887    i.RC522_Init        rc522.o
    0x08001cc8   0x08001cc8   0x00000020   Code   RO         1971    i.RCC_APB1PeriphClockCmd  stm32f10x_rcc.o
    0x08001ce8   0x08001ce8   0x00000020   Code   RO         1972    i.RCC_APB1PeriphResetCmd  stm32f10x_rcc.o
    0x08001d08   0x08001d08   0x00000020   Code   RO         1973    i.RCC_APB2PeriphClockCmd  stm32f10x_rcc.o
    0x08001d28   0x08001d28   0x00000020   Code   RO         1974    i.RCC_APB2PeriphResetCmd  stm32f10x_rcc.o
    0x08001d48   0x08001d48   0x000000d4   Code   RO         1981    i.RCC_GetClocksFreq  stm32f10x_rcc.o
    0x08001e1c   0x08001e1c   0x00000038   Code   RO         3888    i.ReadRawRC         rc522.o
    0x08001e54   0x08001e54   0x00000048   Code   RO         3841    i.Relay_Init        relay.o
    0x08001e9c   0x08001e9c   0x00000010   Code   RO         3842    i.Relay_Off         relay.o
    0x08001eac   0x08001eac   0x00000010   Code   RO         3843    i.Relay_On          relay.o
    0x08001ebc   0x08001ebc   0x000000a0   Code   RO         3889    i.SPI1_Init         rc522.o
    0x08001f5c   0x08001f5c   0x00000054   Code   RO         3890    i.SPI_RC522_ReadByte  rc522.o
    0x08001fb0   0x08001fb0   0x0000005c   Code   RO         3891    i.SPI_RC522_SendByte  rc522.o
    0x0800200c   0x0800200c   0x00000002   Code   RO          215    i.SVC_Handler       stm32f10x_it.o
    0x0800200e   0x0800200e   0x00000002   PAD
    0x08002010   0x08002010   0x00000034   Code   RO         3529    i.SendAddr          as608.o
    0x08002044   0x08002044   0x00000012   Code   RO         3530    i.SendCheck         as608.o
    0x08002056   0x08002056   0x0000000c   Code   RO         3531    i.SendFlag          as608.o
    0x08002062   0x08002062   0x00000010   Code   RO         3532    i.SendHead          as608.o
    0x08002072   0x08002072   0x00000014   Code   RO         3533    i.SendLength        as608.o
    0x08002086   0x08002086   0x0000000c   Code   RO         3534    i.Sendcmd           as608.o
    0x08002092   0x08002092   0x00000002   PAD
    0x08002094   0x08002094   0x0000000c   Code   RO         3744    i.Serial_GetRxData  serial.o
    0x080020a0   0x080020a0   0x0000001c   Code   RO         3745    i.Serial_GetRxFlag  serial.o
    0x080020bc   0x080020bc   0x000000b8   Code   RO         3746    i.Serial_Init       serial.o
    0x08002174   0x08002174   0x00000020   Code   RO         3750    i.Serial_SendByte   serial.o
    0x08002194   0x08002194   0x0000001a   Code   RO         3892    i.SetBitMask        rc522.o
    0x080021ae   0x080021ae   0x00000008   Code   RO          298    i.SetSysClock       system_stm32f10x.o
    0x080021b6   0x080021b6   0x00000002   PAD
    0x080021b8   0x080021b8   0x000000e0   Code   RO          299    i.SetSysClockTo72   system_stm32f10x.o
    0x08002298   0x08002298   0x00000002   Code   RO         3535    i.ShowErrMessage    as608.o
    0x0800229a   0x0800229a   0x00000028   Code   RO          408    i.SysTick_CLKSourceConfig  misc.o
    0x080022c2   0x080022c2   0x00000002   Code   RO          216    i.SysTick_Handler   stm32f10x_it.o
    0x080022c4   0x080022c4   0x00000060   Code   RO          301    i.SystemInit        system_stm32f10x.o
    0x08002324   0x08002324   0x00000030   Code   RO         3684    i.TIM2_IRQHandler   timer.o
    0x08002354   0x08002354   0x0000005c   Code   RO         3685    i.TIM2_Int_Init     timer.o
    0x080023b0   0x080023b0   0x00000006   Code   RO         2600    i.TIM_ClearITPendingBit  stm32f10x_tim.o
    0x080023b6   0x080023b6   0x00000018   Code   RO         2605    i.TIM_Cmd           stm32f10x_tim.o
    0x080023ce   0x080023ce   0x00000022   Code   RO         2626    i.TIM_GetITStatus   stm32f10x_tim.o
    0x080023f0   0x080023f0   0x00000012   Code   RO         2630    i.TIM_ITConfig      stm32f10x_tim.o
    0x08002402   0x08002402   0x00000004   Code   RO         2670    i.TIM_SetCounter    stm32f10x_tim.o
    0x08002406   0x08002406   0x00000002   PAD
    0x08002408   0x08002408   0x000000a4   Code   RO         2676    i.TIM_TimeBaseInit  stm32f10x_tim.o
    0x080024ac   0x080024ac   0x00000038   Code   RO         3753    i.USART1_IRQHandler  serial.o
    0x080024e4   0x080024e4   0x000000f8   Code   RO            1    i.USART2_IRQHandler  main.o
    0x080025dc   0x080025dc   0x0000006c   Code   RO         3706    i.USART3_IRQHandler  usart3.o
    0x08002648   0x08002648   0x0000001e   Code   RO         3138    i.USART_ClearITPendingBit  stm32f10x_usart.o
    0x08002666   0x08002666   0x00000018   Code   RO         3141    i.USART_Cmd         stm32f10x_usart.o
    0x0800267e   0x0800267e   0x00000002   PAD
    0x08002680   0x08002680   0x0000009c   Code   RO         3143    i.USART_DeInit      stm32f10x_usart.o
    0x0800271c   0x0800271c   0x0000001a   Code   RO         3144    i.USART_GetFlagStatus  stm32f10x_usart.o
    0x08002736   0x08002736   0x00000054   Code   RO         3145    i.USART_GetITStatus  stm32f10x_usart.o
    0x0800278a   0x0800278a   0x0000004a   Code   RO         3147    i.USART_ITConfig    stm32f10x_usart.o
    0x080027d4   0x080027d4   0x000000d8   Code   RO         3148    i.USART_Init        stm32f10x_usart.o
    0x080028ac   0x080028ac   0x0000000a   Code   RO         3155    i.USART_ReceiveData  stm32f10x_usart.o
    0x080028b6   0x080028b6   0x00000008   Code   RO         3158    i.USART_SendData    stm32f10x_usart.o
    0x080028be   0x080028be   0x00000004   Code   RO          217    i.UsageFault_Handler  stm32f10x_it.o
    0x080028c2   0x080028c2   0x00000002   PAD
    0x080028c4   0x080028c4   0x000000ac   Code   RO            2    i.Weather_Init      main.o
    0x08002970   0x08002970   0x00000034   Code   RO         3893    i.WriteRawRC        rc522.o
    0x080029a4   0x080029a4   0x00000058   Code   RO         3387    i.Write_IIC_Byte    oled_iic.o
    0x080029fc   0x080029fc   0x0000002c   Code   RO         3388    i.Write_IIC_Command  oled_iic.o
    0x08002a28   0x08002a28   0x0000002c   Code   RO         3389    i.Write_IIC_Data    oled_iic.o
    0x08002a54   0x08002a54   0x00000028   Code   RO         4357    i.__0sprintf        mc_w.l(printfa.o)
    0x08002a7c   0x08002a7c   0x0000000e   Code   RO         4425    i.__scatterload_copy  mc_w.l(handlers.o)
    0x08002a8a   0x08002a8a   0x00000002   Code   RO         4426    i.__scatterload_null  mc_w.l(handlers.o)
    0x08002a8c   0x08002a8c   0x0000000e   Code   RO         4427    i.__scatterload_zeroinit  mc_w.l(handlers.o)
    0x08002a9a   0x08002a9a   0x00000002   PAD
    0x08002a9c   0x08002a9c   0x00000184   Code   RO         4362    i._fp_digits        mc_w.l(printfa.o)
    0x08002c20   0x08002c20   0x000006dc   Code   RO         4363    i._printf_core      mc_w.l(printfa.o)
    0x080032fc   0x080032fc   0x00000024   Code   RO         4364    i._printf_post_padding  mc_w.l(printfa.o)
    0x08003320   0x08003320   0x0000002e   Code   RO         4365    i._printf_pre_padding  mc_w.l(printfa.o)
    0x0800334e   0x0800334e   0x0000000a   Code   RO         4367    i._sputc            mc_w.l(printfa.o)
    0x08003358   0x08003358   0x000000e0   Code   RO         4026    i.add_card_mode     is_card_authorized.o
    0x08003438   0x08003438   0x000000c8   Code   RO         4027    i.add_new_card      is_card_authorized.o
    0x08003500   0x08003500   0x00000044   Code   RO          332    i.delay_init        delay.o
    0x08003544   0x08003544   0x0000004c   Code   RO          333    i.delay_ms          delay.o
    0x08003590   0x08003590   0x0000004c   Code   RO          334    i.delay_us          delay.o
    0x080035dc   0x080035dc   0x000000a8   Code   RO         4028    i.delete_card       is_card_authorized.o
    0x08003684   0x08003684   0x000000e4   Code   RO         4029    i.delete_card_mode  is_card_authorized.o
    0x08003768   0x08003768   0x00000048   Code   RO            3    i.flash_pwd_read    main.o
    0x080037b0   0x080037b0   0x00000034   Code   RO            4    i.flash_pwd_write   main.o
    0x080037e4   0x080037e4   0x00000074   Code   RO            5    i.get_6digits       main.o
    0x08003858   0x08003858   0x00000128   Code   RO         4030    i.is_authorized_card  is_card_authorized.o
    0x08003980   0x08003980   0x00000016   Code   RO            6    i.key_to_digit      main.o
    0x08003996   0x08003996   0x00000002   PAD
    0x08003998   0x08003998   0x000003fc   Code   RO            7    i.main              main.o
    0x08003d94   0x08003d94   0x00000016   Code   RO         3390    i.oled_pow          oled_iic.o
    0x08003daa   0x08003daa   0x00000002   PAD
    0x08003dac   0x08003dac   0x0000008c   Code   RO            8    i.password_change   main.o
    0x08003e38   0x08003e38   0x000001cc   Code   RO            9    i.password_login    main.o
    0x08004004   0x08004004   0x0000026c   Code   RO           10    i.press_FR          main.o
    0x08004270   0x08004270   0x000000c4   Code   RO         3708    i.usart3_init       usart3.o
    0x08004334   0x08004334   0x00000020   Data   RO         4423    Region$$Table       anon$$obj.o


    Execution Region ER_RW (Exec base: 0x20000000, Load base: 0x08004354, Size: 0x000011dc, Max: 0xffffffff, ABSOLUTE, COMPRESSED[0x00000ca0])

    Exec Addr    Load Addr    Size         Type   Attr      Idx    E Section Name        Object

    0x20000000   COMPRESSED   0x0000000d   Data   RW           12    .data               main.o
    0x2000000d   COMPRESSED   0x00000003   PAD
    0x20000010   COMPRESSED   0x00000014   Data   RW          302    .data               system_stm32f10x.o
    0x20000024   COMPRESSED   0x00000004   Data   RW          335    .data               delay.o
    0x20000028   COMPRESSED   0x00000014   Data   RW         2001    .data               stm32f10x_rcc.o
    0x2000003c   COMPRESSED   0x000010d4   Data   RW         3391    .data               oled_iic.o
    0x20001110   COMPRESSED   0x0000000a   Data   RW         3536    .data               as608.o
    0x2000111a   COMPRESSED   0x00000002   Data   RW         3710    .data               usart3.o
    0x2000111c   COMPRESSED   0x00000002   Data   RW         3755    .data               serial.o
    0x2000111e   COMPRESSED   0x00000002   PAD
    0x20001120   COMPRESSED   0x00000040   Data   RW         3822    .data               button4_4.o
    0x20001160   COMPRESSED   0x00000051   Data   RW         3895    .data               rc522.o
    0x200011b1   COMPRESSED   0x00000029   Data   RW         4031    .data               is_card_authorized.o


    Execution Region ER_ZI (Exec base: 0x200011dc, Load base: 0x08004ff4, Size: 0x00000774, Max: 0xffffffff, ABSOLUTE)

    Exec Addr    Load Addr    Size         Type   Attr      Idx    E Section Name        Object

    0x200011dc        -       0x00000040   Zero   RW           11    .bss                main.o
    0x2000121c        -       0x00000320   Zero   RW         3709    .bss                usart3.o
    0x2000153c        -       0x00000010   Zero   RW         3821    .bss                button4_4.o
    0x2000154c   0x08004ff4   0x00000004   PAD
    0x20001550        -       0x00000400   Zero   RW          397    STACK               startup_stm32f10x_hd.o


==============================================================================

Image component sizes


      Code (inc. data)   RO Data    RW Data    ZI Data      Debug   Object Name

      2174        452          0         10          0      13510   as608.o
        80         12          0          0          0       1501   beep.o
       472         24          0         64         16       2400   button4_4.o
       220         26          0          4          0       1883   delay.o
      1116        324          0         41          0       5068   is_card_authorized.o
      2922        662          0         13         64     269237   main.o
       172         22          0          0          0       2225   misc.o
      1280         76          0       4308          0      11773   oled_iic.o
      1292         46          0         81          0      11142   rc522.o
       104         18          0          0          0       1528   relay.o
       312         38          0          2          0       3200   serial.o
        36          8        304          0       1024        832   startup_stm32f10x_hd.o
       274         30          0          0          0       3678   stm32f10x_flash.o
       448          6          0          0          0       4746   stm32f10x_gpio.o
        26          0          0          0          0       4082   stm32f10x_it.o
       340         44          0         20          0       5876   stm32f10x_rcc.o
       250         42          0          0          0       4379   stm32f10x_tim.o
       628         28          0          0          0       7834   stm32f10x_usart.o
         0          0          0          0          0         32   sys.o
       328         28          0         20          0       2297   system_stm32f10x.o
       140          4          0          0          0       1222   timer.o
       304         22          0          2        800       2254   usart3.o

    ----------------------------------------------------------------------
     12944       1912        336       4572       1908     360699   Object Totals
         0          0         32          0          0          0   (incl. Generated)
        26          0          0          7          4          0   (incl. Padding)

    ----------------------------------------------------------------------

      Code (inc. data)   RO Data    RW Data    ZI Data      Debug   Library Member Name

        94          0          0          0          0          0   __dclz77c.o
         0          0          0          0          0          0   entry.o
         0          0          0          0          0          0   entry10a.o
         0          0          0          0          0          0   entry11a.o
         8          4          0          0          0          0   entry2.o
         4          0          0          0          0          0   entry5.o
         0          0          0          0          0          0   entry7b.o
         0          0          0          0          0          0   entry8b.o
         8          4          0          0          0          0   entry9a.o
        30          0          0          0          0          0   handlers.o
        36          8          0          0          0         68   init.o
         0          0          0          0          0          0   iusefp.o
        30          0          0          0          0         68   llshl.o
        36          0          0          0          0         68   llsshr.o
        32          0          0          0          0         68   llushr.o
        26          0          0          0          0         80   memcmp.o
        36          0          0          0          0        108   memseta.o
      2276         86          0          0          0        520   printfa.o
        20          0          0          0          0         68   strchr.o
        28          0          0          0          0         76   strcmp.o
        18          0          0          0          0         68   strcpy.o
        24          0          0          0          0         76   strncpy.o
        36          0          0          0          0         80   strstr.o
        44          0          0          0          0         80   uidiv.o
        98          0          0          0          0         92   uldiv.o
        48          0          0          0          0         68   cdrcmple.o
       334          0          0          0          0        148   dadd.o
       222          0          0          0          0        100   ddiv.o
       186          0          0          0          0        176   depilogue.o
        48          0          0          0          0         68   dfixul.o
       228          0          0          0          0         96   dmul.o

    ----------------------------------------------------------------------
      3956        102          0          0          0       2176   Library Totals
         6          0          0          0          0          0   (incl. Padding)

    ----------------------------------------------------------------------

      Code (inc. data)   RO Data    RW Data    ZI Data      Debug   Library Name

      2884        102          0          0          0       1520   mc_w.l
      1066          0          0          0          0        656   mf_w.l

    ----------------------------------------------------------------------
      3956        102          0          0          0       2176   Library Totals

    ----------------------------------------------------------------------

==============================================================================


      Code (inc. data)   RO Data    RW Data    ZI Data      Debug   

     16900       2014        336       4572       1908     355359   Grand Totals
     16900       2014        336       3232       1908     355359   ELF Image Totals (compressed)
     16900       2014        336       3232          0          0   ROM Totals

==============================================================================

    Total RO  Size (Code + RO Data)                17236 (  16.83kB)
    Total RW  Size (RW Data + ZI Data)              6480 (   6.33kB)
    Total ROM Size (Code + RO Data + RW Data)      20468 (  19.99kB)

==============================================================================

