Component: ARM Compiler 5.06 update 5 (build 528) Tool: armlink [4d35e2]

==============================================================================

Section Cross References

    main.o(i.flash_pwd_write) refers to stm32f10x_flash.o(i.FLASH_Unlock) for FLASH_Unlock
    main.o(i.flash_pwd_write) refers to stm32f10x_flash.o(i.FLASH_ErasePage) for FLASH_ErasePage
    main.o(i.flash_pwd_write) refers to stm32f10x_flash.o(i.FLASH_ProgramHalfWord) for FLASH_ProgramHalfWord
    main.o(i.flash_pwd_write) refers to stm32f10x_flash.o(i.FLASH_Lock) for FLASH_Lock
    main.o(i.get_6digits) refers to oled_iic.o(i.OLED_ShowCH) for OLED_ShowCH
    main.o(i.get_6digits) refers to button4_4.o(i.Button4_4_Scan) for Button4_4_Scan
    main.o(i.get_6digits) refers to main.o(i.key_to_digit) for key_to_digit
    main.o(i.get_6digits) refers to delay.o(i.delay_ms) for delay_ms
    main.o(i.main) refers to oled_iic.o(i.GB16_NUM) for GB16_NUM
    main.o(i.main) refers to misc.o(i.NVIC_PriorityGroupConfig) for NVIC_PriorityGroupConfig
    main.o(i.main) refers to delay.o(i.delay_init) for delay_init
    main.o(i.main) refers to usart3.o(i.usart3_init) for usart3_init
    main.o(i.main) refers to relay.o(i.Relay_Init) for Relay_Init
    main.o(i.main) refers to button4_4.o(i.Button4_4_Init) for Button4_4_Init
    main.o(i.main) refers to oled_iic.o(i.OLED_Init) for OLED_Init
    main.o(i.main) refers to oled_iic.o(i.OLED_Clear) for OLED_Clear
    main.o(i.main) refers to serial.o(i.Serial_Init) for Serial_Init
    main.o(i.main) refers to oled_iic.o(i.OLED_ShowCH) for OLED_ShowCH
    main.o(i.main) refers to button4_4.o(i.Button4_4_Scan) for Button4_4_Scan
    main.o(i.main) refers to as608.o(i.press_FR) for press_FR
    main.o(i.main) refers to main.o(i.password_login) for password_login
    main.o(i.main) refers to as608.o(i.Add_FR) for Add_FR
    main.o(i.main) refers to as608.o(i.Del_FR) for Del_FR
    main.o(i.main) refers to main.o(i.password_change) for password_change
    main.o(i.main) refers to delay.o(i.delay_ms) for delay_ms
    main.o(i.main) refers to serial.o(i.Serial_SendByte) for Serial_SendByte
    main.o(i.main) refers to serial.o(i.Serial_GetRxFlag) for Serial_GetRxFlag
    main.o(i.main) refers to serial.o(i.Serial_GetRxData) for Serial_GetRxData
    main.o(i.main) refers to relay.o(i.Relay_Off) for Relay_Off
    main.o(i.main) refers to oled_iic.o(.data) for HZ
    main.o(i.password_change) refers to oled_iic.o(i.OLED_Clear) for OLED_Clear
    main.o(i.password_change) refers to oled_iic.o(i.OLED_ShowCH) for OLED_ShowCH
    main.o(i.password_change) refers to main.o(i.get_6digits) for get_6digits
    main.o(i.password_change) refers to strcmp.o(.text) for strcmp
    main.o(i.password_change) refers to main.o(i.flash_pwd_write) for flash_pwd_write
    main.o(i.password_change) refers to delay.o(i.delay_ms) for delay_ms
    main.o(i.password_login) refers to main.o(i.flash_pwd_read) for flash_pwd_read
    main.o(i.password_login) refers to oled_iic.o(i.OLED_Clear) for OLED_Clear
    main.o(i.password_login) refers to oled_iic.o(i.OLED_ShowCH) for OLED_ShowCH
    main.o(i.password_login) refers to main.o(i.get_6digits) for get_6digits
    main.o(i.password_login) refers to strcmp.o(.text) for strcmp
    main.o(i.password_login) refers to delay.o(i.delay_ms) for delay_ms
    main.o(i.password_login) refers to serial.o(i.Serial_SendByte) for Serial_SendByte
    main.o(i.password_login) refers to serial.o(i.Serial_GetRxFlag) for Serial_GetRxFlag
    main.o(i.password_login) refers to serial.o(i.Serial_GetRxData) for Serial_GetRxData
    main.o(i.password_login) refers to relay.o(i.Relay_On) for Relay_On
    system_stm32f10x.o(i.SetSysClock) refers to system_stm32f10x.o(i.SetSysClockTo72) for SetSysClockTo72
    system_stm32f10x.o(i.SystemCoreClockUpdate) refers to system_stm32f10x.o(.data) for SystemCoreClock
    system_stm32f10x.o(i.SystemInit) refers to system_stm32f10x.o(i.SetSysClock) for SetSysClock
    delay.o(i.delay_init) refers to misc.o(i.SysTick_CLKSourceConfig) for SysTick_CLKSourceConfig
    delay.o(i.delay_init) refers to system_stm32f10x.o(.data) for SystemCoreClock
    delay.o(i.delay_init) refers to delay.o(.data) for fac_us
    delay.o(i.delay_ms) refers to delay.o(.data) for fac_ms
    delay.o(i.delay_us) refers to delay.o(.data) for fac_us
    startup_stm32f10x_hd.o(RESET) refers to startup_stm32f10x_hd.o(STACK) for __initial_sp
    startup_stm32f10x_hd.o(RESET) refers to startup_stm32f10x_hd.o(.text) for Reset_Handler
    startup_stm32f10x_hd.o(RESET) refers to stm32f10x_it.o(i.NMI_Handler) for NMI_Handler
    startup_stm32f10x_hd.o(RESET) refers to stm32f10x_it.o(i.HardFault_Handler) for HardFault_Handler
    startup_stm32f10x_hd.o(RESET) refers to stm32f10x_it.o(i.MemManage_Handler) for MemManage_Handler
    startup_stm32f10x_hd.o(RESET) refers to stm32f10x_it.o(i.BusFault_Handler) for BusFault_Handler
[...]
    Removing stm32f10x_i2c.o(i.I2C_GeneralCallCmd), (24 bytes).
    Removing stm32f10x_i2c.o(i.I2C_GenerateSTART), (24 bytes).
    Removing stm32f10x_i2c.o(i.I2C_GenerateSTOP), (24 bytes).
    Removing stm32f10x_i2c.o(i.I2C_GetFlagStatus), (58 bytes).
    Removing stm32f10x_i2c.o(i.I2C_GetITStatus), (38 bytes).
    Removing stm32f10x_i2c.o(i.I2C_GetLastEvent), (26 bytes).
    Removing stm32f10x_i2c.o(i.I2C_GetPEC), (8 bytes).
    Removing stm32f10x_i2c.o(i.I2C_ITConfig), (18 bytes).
    Removing stm32f10x_i2c.o(i.I2C_Init), (236 bytes).
    Removing stm32f10x_i2c.o(i.I2C_NACKPositionConfig), (28 bytes).
    Removing stm32f10x_i2c.o(i.I2C_OwnAddress2Config), (22 bytes).
    Removing stm32f10x_i2c.o(i.I2C_PECPositionConfig), (28 bytes).
    Removing stm32f10x_i2c.o(i.I2C_ReadRegister), (22 bytes).
    Removing stm32f10x_i2c.o(i.I2C_ReceiveData), (8 bytes).
    Removing stm32f10x_i2c.o(i.I2C_SMBusAlertConfig), (28 bytes).
    Removing stm32f10x_i2c.o(i.I2C_Send7bitAddress), (18 bytes).
    Removing stm32f10x_i2c.o(i.I2C_SendData), (4 bytes).
    Removing stm32f10x_i2c.o(i.I2C_SoftwareResetCmd), (22 bytes).
    Removing stm32f10x_i2c.o(i.I2C_StretchClockCmd), (24 bytes).
    Removing stm32f10x_i2c.o(i.I2C_StructInit), (30 bytes).
    Removing stm32f10x_i2c.o(i.I2C_TransmitPEC), (24 bytes).
    Removing stm32f10x_iwdg.o(i.IWDG_Enable), (16 bytes).
    Removing stm32f10x_iwdg.o(i.IWDG_GetFlagStatus), (24 bytes).
    Removing stm32f10x_iwdg.o(i.IWDG_ReloadCounter), (16 bytes).
    Removing stm32f10x_iwdg.o(i.IWDG_SetPrescaler), (12 bytes).
    Removing stm32f10x_iwdg.o(i.IWDG_SetReload), (12 bytes).
    Removing stm32f10x_iwdg.o(i.IWDG_WriteAccessCmd), (12 bytes).
    Removing stm32f10x_pwr.o(i.PWR_BackupAccessCmd), (12 bytes).
    Removing stm32f10x_pwr.o(i.PWR_ClearFlag), (20 bytes).
    Removing stm32f10x_pwr.o(i.PWR_DeInit), (22 bytes).
    Removing stm32f10x_pwr.o(i.PWR_EnterSTANDBYMode), (52 bytes).
    Removing stm32f10x_pwr.o(i.PWR_EnterSTOPMode), (64 bytes).
    Removing stm32f10x_pwr.o(i.PWR_GetFlagStatus), (24 bytes).
    Removing stm32f10x_pwr.o(i.PWR_PVDCmd), (12 bytes).
    Removing stm32f10x_pwr.o(i.PWR_PVDLevelConfig), (24 bytes).
    Removing stm32f10x_pwr.o(i.PWR_WakeUpPinCmd), (12 bytes).
    Removing stm32f10x_rcc.o(i.RCC_ADCCLKConfig), (24 bytes).
    Removing stm32f10x_rcc.o(i.RCC_AHBPeriphClockCmd), (32 bytes).
    Removing stm32f10x_rcc.o(i.RCC_AdjustHSICalibrationValue), (24 bytes).
    Removing stm32f10x_rcc.o(i.RCC_BackupResetCmd), (12 bytes).
    Removing stm32f10x_rcc.o(i.RCC_ClearFlag), (20 bytes).
    Removing stm32f10x_rcc.o(i.RCC_ClearITPendingBit), (12 bytes).
    Removing stm32f10x_rcc.o(i.RCC_ClockSecuritySystemCmd), (12 bytes).
    Removing stm32f10x_rcc.o(i.RCC_DeInit), (76 bytes).
    Removing stm32f10x_rcc.o(i.RCC_GetFlagStatus), (60 bytes).
    Removing stm32f10x_rcc.o(i.RCC_GetITStatus), (24 bytes).
    Removing stm32f10x_rcc.o(i.RCC_GetSYSCLKSource), (16 bytes).
    Removing stm32f10x_rcc.o(i.RCC_HCLKConfig), (24 bytes).
    Removing stm32f10x_rcc.o(i.RCC_HSEConfig), (76 bytes).
    Removing stm32f10x_rcc.o(i.RCC_HSICmd), (12 bytes).
    Removing stm32f10x_rcc.o(i.RCC_ITConfig), (32 bytes).
    Removing stm32f10x_rcc.o(i.RCC_LSEConfig), (52 bytes).
    Removing stm32f10x_rcc.o(i.RCC_LSICmd), (12 bytes).
    Removing stm32f10x_rcc.o(i.RCC_MCOConfig), (12 bytes).
    Removing stm32f10x_rcc.o(i.RCC_PCLK1Config), (24 bytes).
    Removing stm32f10x_rcc.o(i.RCC_PCLK2Config), (24 bytes).
    Removing stm32f10x_rcc.o(i.RCC_PLLCmd), (12 bytes).
    Removing stm32f10x_rcc.o(i.RCC_PLLConfig), (28 bytes).
    Removing stm32f10x_rcc.o(i.RCC_RTCCLKCmd), (12 bytes).
    Removing stm32f10x_rcc.o(i.RCC_RTCCLKConfig), (16 bytes).
    Removing stm32f10x_rcc.o(i.RCC_SYSCLKConfig), (24 bytes).
    Removing stm32f10x_rcc.o(i.RCC_USBCLKConfig), (12 bytes).
    Removing stm32f10x_rcc.o(i.RCC_WaitForHSEStartUp), (56 bytes).
    Removing stm32f10x_rtc.o(i.RTC_ClearFlag), (16 bytes).
    Removing stm32f10x_rtc.o(i.RTC_ClearITPendingBit), (16 bytes).
    Removing stm32f10x_rtc.o(i.RTC_EnterConfigMode), (20 bytes).
    Removing stm32f10x_rtc.o(i.RTC_ExitConfigMode), (20 bytes).
    Removing stm32f10x_rtc.o(i.RTC_GetCounter), (20 bytes).
    Removing stm32f10x_rtc.o(i.RTC_GetDivider), (24 bytes).
    Removing stm32f10x_rtc.o(i.RTC_GetFlagStatus), (24 bytes).
    Removing stm32f10x_rtc.o(i.RTC_GetITStatus), (36 bytes).
    Removing stm32f10x_rtc.o(i.RTC_ITConfig), (32 bytes).
    Removing stm32f10x_rtc.o(i.RTC_SetAlarm), (28 bytes).
    Removing stm32f10x_rtc.o(i.RTC_SetCounter), (28 bytes).
    Removing stm32f10x_rtc.o(i.RTC_SetPrescaler), (32 bytes).
    Removing stm32f10x_rtc.o(i.RTC_WaitForLastTask), (20 bytes).
    Removing stm32f10x_rtc.o(i.RTC_WaitForSynchro), (36 bytes).
    Removing stm32f10x_sdio.o(i.SDIO_CEATAITCmd), (16 bytes).
    Removing stm32f10x_sdio.o(i.SDIO_ClearFlag), (12 bytes).
    Removing stm32f10x_sdio.o(i.SDIO_ClearITPendingBit), (12 bytes).
    Removing stm32f10x_sdio.o(i.SDIO_ClockCmd), (12 bytes).
    Removing stm32f10x_sdio.o(i.SDIO_CmdStructInit), (14 bytes).
    Removing stm32f10x_sdio.o(i.SDIO_CommandCompletionCmd), (12 bytes).
    Removing stm32f10x_sdio.o(i.SDIO_DMACmd), (12 bytes).
    Removing stm32f10x_sdio.o(i.SDIO_DataConfig), (48 bytes).
    Removing stm32f10x_sdio.o(i.SDIO_DataStructInit), (20 bytes).
    Removing stm32f10x_sdio.o(i.SDIO_DeInit), (36 bytes).
    Removing stm32f10x_sdio.o(i.SDIO_GetCommandResponse), (12 bytes).
    Removing stm32f10x_sdio.o(i.SDIO_GetDataCounter), (12 bytes).
    Removing stm32f10x_sdio.o(i.SDIO_GetFIFOCount), (12 bytes).
    Removing stm32f10x_sdio.o(i.SDIO_GetFlagStatus), (24 bytes).
    Removing stm32f10x_sdio.o(i.SDIO_GetITStatus), (24 bytes).
    Removing stm32f10x_sdio.o(i.SDIO_GetPowerState), (16 bytes).
    Removing stm32f10x_sdio.o(i.SDIO_GetResponse), (24 bytes).
    Removing stm32f10x_sdio.o(i.SDIO_ITConfig), (32 bytes).
    Removing stm32f10x_sdio.o(i.SDIO_Init), (48 bytes).
    Removing stm32f10x_sdio.o(i.SDIO_ReadData), (12 bytes).
    Removing stm32f10x_sdio.o(i.SDIO_SendCEATACmd), (12 bytes).
    Removing stm32f10x_sdio.o(i.SDIO_SendCommand), (44 bytes).
    Removing stm32f10x_sdio.o(i.SDIO_SendSDIOSuspendCmd), (12 bytes).
    Removing stm32f10x_sdio.o(i.SDIO_SetPowerState), (28 bytes).
    Removing stm32f10x_sdio.o(i.SDIO_SetSDIOOperation), (12 bytes).
    Removing stm32f10x_sdio.o(i.SDIO_SetSDIOReadWaitMode), (12 bytes).
    Removing stm32f10x_sdio.o(i.SDIO_StartSDIOReadWait), (12 bytes).
    Removing stm32f10x_sdio.o(i.SDIO_StopSDIOReadWait), (12 bytes).
    Removing stm32f10x_sdio.o(i.SDIO_StructInit), (16 bytes).
    Removing stm32f10x_sdio.o(i.SDIO_WriteData), (12 bytes).
    Removing stm32f10x_spi.o(i.I2S_Cmd), (24 bytes).
    Removing stm32f10x_spi.o(i.I2S_Init), (232 bytes).
    Removing stm32f10x_spi.o(i.I2S_StructInit), (20 bytes).
    Removing stm32f10x_spi.o(i.SPI_BiDirectionalLineConfig), (28 bytes).
    Removing stm32f10x_spi.o(i.SPI_CalculateCRC), (24 bytes).
    Removing stm32f10x_spi.o(i.SPI_Cmd), (24 bytes).
    Removing stm32f10x_spi.o(i.SPI_DataSizeConfig), (18 bytes).
    Removing stm32f10x_spi.o(i.SPI_GetCRC), (16 bytes).
    Removing stm32f10x_spi.o(i.SPI_GetCRCPolynomial), (6 bytes).
    Removing stm32f10x_spi.o(i.SPI_I2S_ClearFlag), (6 bytes).
    Removing stm32f10x_spi.o(i.SPI_I2S_ClearITPendingBit), (20 bytes).
    Removing stm32f10x_spi.o(i.SPI_I2S_DMACmd), (18 bytes).
    Removing stm32f10x_spi.o(i.SPI_I2S_DeInit), (88 bytes).
    Removing stm32f10x_spi.o(i.SPI_I2S_GetFlagStatus), (18 bytes).
    Removing stm32f10x_spi.o(i.SPI_I2S_GetITStatus), (52 bytes).
    Removing stm32f10x_spi.o(i.SPI_I2S_ITConfig), (32 bytes).
    Removing stm32f10x_spi.o(i.SPI_I2S_ReceiveData), (6 bytes).
    Removing stm32f10x_spi.o(i.SPI_I2S_SendData), (4 bytes).
    Removing stm32f10x_spi.o(i.SPI_Init), (60 bytes).
    Removing stm32f10x_spi.o(i.SPI_NSSInternalSoftwareConfig), (30 bytes).
    Removing stm32f10x_spi.o(i.SPI_SSOutputCmd), (24 bytes).
    Removing stm32f10x_spi.o(i.SPI_StructInit), (24 bytes).
    Removing stm32f10x_spi.o(i.SPI_TransmitCRC), (10 bytes).
    Removing stm32f10x_tim.o(i.TI1_Config), (128 bytes).
    Removing stm32f10x_tim.o(i.TI2_Config), (152 bytes).
    Removing stm32f10x_tim.o(i.TI3_Config), (144 bytes).
    Removing stm32f10x_tim.o(i.TI4_Config), (152 bytes).
    Removing stm32f10x_tim.o(i.TIM_ARRPreloadConfig), (24 bytes).
    Removing stm32f10x_tim.o(i.TIM_BDTRConfig), (32 bytes).
    Removing stm32f10x_tim.o(i.TIM_BDTRStructInit), (18 bytes).
    Removing stm32f10x_tim.o(i.TIM_CCPreloadControl), (24 bytes).
    Removing stm32f10x_tim.o(i.TIM_CCxCmd), (30 bytes).
    Removing stm32f10x_tim.o(i.TIM_CCxNCmd), (30 bytes).
    Removing stm32f10x_tim.o(i.TIM_ClearFlag), (6 bytes).
    Removing stm32f10x_tim.o(i.TIM_ClearOC1Ref), (18 bytes).
    Removing stm32f10x_tim.o(i.TIM_ClearOC2Ref), (24 bytes).
    Removing stm32f10x_tim.o(i.TIM_ClearOC3Ref), (18 bytes).
    Removing stm32f10x_tim.o(i.TIM_ClearOC4Ref), (24 bytes).
    Removing stm32f10x_tim.o(i.TIM_CounterModeConfig), (18 bytes).
    Removing stm32f10x_tim.o(i.TIM_CtrlPWMOutputs), (30 bytes).
    Removing stm32f10x_tim.o(i.TIM_DMACmd), (18 bytes).
    Removing stm32f10x_tim.o(i.TIM_DMAConfig), (10 bytes).
    Removing stm32f10x_tim.o(i.TIM_DeInit), (488 bytes).
    Removing stm32f10x_tim.o(i.TIM_ETRClockMode1Config), (54 bytes).
    Removing stm32f10x_tim.o(i.TIM_ETRClockMode2Config), (32 bytes).
    Removing stm32f10x_tim.o(i.TIM_ETRConfig), (28 bytes).
    Removing stm32f10x_tim.o(i.TIM_EncoderInterfaceConfig), (66 bytes).
    Removing stm32f10x_tim.o(i.TIM_ForcedOC1Config), (18 bytes).
    Removing stm32f10x_tim.o(i.TIM_ForcedOC2Config), (26 bytes).
    Removing stm32f10x_tim.o(i.TIM_ForcedOC3Config), (18 bytes).
    Removing stm32f10x_tim.o(i.TIM_ForcedOC4Config), (26 bytes).
    Removing stm32f10x_tim.o(i.TIM_GenerateEvent), (4 bytes).
    Removing stm32f10x_tim.o(i.TIM_GetCapture1), (6 bytes).
    Removing stm32f10x_tim.o(i.TIM_GetCapture2), (6 bytes).
    Removing stm32f10x_tim.o(i.TIM_GetCapture3), (6 bytes).
    Removing stm32f10x_tim.o(i.TIM_GetCapture4), (8 bytes).
    Removing stm32f10x_tim.o(i.TIM_GetCounter), (6 bytes).
    Removing stm32f10x_tim.o(i.TIM_GetFlagStatus), (18 bytes).
    Removing stm32f10x_tim.o(i.TIM_GetPrescaler), (6 bytes).
    Removing stm32f10x_tim.o(i.TIM_ICInit), (172 bytes).
    Removing stm32f10x_tim.o(i.TIM_ICStructInit), (18 bytes).
    Removing stm32f10x_tim.o(i.TIM_ITRxExternalClockConfig), (24 bytes).
    Removing stm32f10x_tim.o(i.TIM_InternalClockConfig), (12 bytes).
    Removing stm32f10x_tim.o(i.TIM_OC1FastConfig), (18 bytes).
    Removing stm32f10x_tim.o(i.TIM_OC1Init), (152 bytes).
    Removing stm32f10x_tim.o(i.TIM_OC1NPolarityConfig), (18 bytes).
    Removing stm32f10x_tim.o(i.TIM_OC1PolarityConfig), (18 bytes).
    Removing stm32f10x_tim.o(i.TIM_OC1PreloadConfig), (18 bytes).
    Removing stm32f10x_tim.o(i.TIM_OC2FastConfig), (26 bytes).
    Removing stm32f10x_tim.o(i.TIM_OC2Init), (164 bytes).
    Removing stm32f10x_tim.o(i.TIM_OC2NPolarityConfig), (26 bytes).
    Removing stm32f10x_tim.o(i.TIM_OC2PolarityConfig), (26 bytes).
    Removing stm32f10x_tim.o(i.TIM_OC2PreloadConfig), (26 bytes).
    Removing stm32f10x_tim.o(i.TIM_OC3FastConfig), (18 bytes).
    Removing stm32f10x_tim.o(i.TIM_OC3Init), (160 bytes).
    Removing stm32f10x_tim.o(i.TIM_OC3NPolarityConfig), (26 bytes).
    Removing stm32f10x_tim.o(i.TIM_OC3PolarityConfig), (26 bytes).
    Removing stm32f10x_tim.o(i.TIM_OC3PreloadConfig), (18 bytes).
    Removing stm32f10x_tim.o(i.TIM_OC4FastConfig), (26 bytes).
    Removing stm32f10x_tim.o(i.TIM_OC4Init), (124 bytes).
    Removing stm32f10x_tim.o(i.TIM_OC4PolarityConfig), (26 bytes).
    Removing stm32f10x_tim.o(i.TIM_OC4PreloadConfig), (26 bytes).
    Removing stm32f10x_tim.o(i.TIM_OCStructInit), (20 bytes).
    Removing stm32f10x_tim.o(i.TIM_PWMIConfig), (124 bytes).
    Removing stm32f10x_tim.o(i.TIM_PrescalerConfig), (6 bytes).
    Removing stm32f10x_tim.o(i.TIM_SelectCCDMA), (24 bytes).
    Removing stm32f10x_tim.o(i.TIM_SelectCOM), (24 bytes).
    Removing stm32f10x_tim.o(i.TIM_SelectHallSensor), (24 bytes).
    Removing stm32f10x_tim.o(i.TIM_SelectInputTrigger), (18 bytes).
    Removing stm32f10x_tim.o(i.TIM_SelectMasterSlaveMode), (18 bytes).
    Removing stm32f10x_tim.o(i.TIM_SelectOCxM), (82 bytes).
    Removing stm32f10x_tim.o(i.TIM_SelectOnePulseMode), (18 bytes).
    Removing stm32f10x_tim.o(i.TIM_SelectOutputTrigger), (18 bytes).
    Removing stm32f10x_tim.o(i.TIM_SelectSlaveMode), (18 bytes).
    Removing stm32f10x_tim.o(i.TIM_SetAutoreload), (4 bytes).
    Removing stm32f10x_tim.o(i.TIM_SetClockDivision), (18 bytes).
    Removing stm32f10x_tim.o(i.TIM_SetCompare1), (4 bytes).
    Removing stm32f10x_tim.o(i.TIM_SetCompare2), (4 bytes).
    Removing stm32f10x_tim.o(i.TIM_SetCompare3), (4 bytes).
    Removing stm32f10x_tim.o(i.TIM_SetCompare4), (6 bytes).
    Removing stm32f10x_tim.o(i.TIM_SetIC1Prescaler), (18 bytes).
    Removing stm32f10x_tim.o(i.TIM_SetIC2Prescaler), (26 bytes).
    Removing stm32f10x_tim.o(i.TIM_SetIC3Prescaler), (18 bytes).
    Removing stm32f10x_tim.o(i.TIM_SetIC4Prescaler), (26 bytes).
    Removing stm32f10x_tim.o(i.TIM_TIxExternalClockConfig), (62 bytes).
    Removing stm32f10x_tim.o(i.TIM_TimeBaseStructInit), (18 bytes).
    Removing stm32f10x_tim.o(i.TIM_UpdateDisableConfig), (24 bytes).
    Removing stm32f10x_tim.o(i.TIM_UpdateRequestConfig), (24 bytes).
    Removing stm32f10x_usart.o(i.USART_ClearFlag), (18 bytes).
    Removing stm32f10x_usart.o(i.USART_ClockInit), (34 bytes).
    Removing stm32f10x_usart.o(i.USART_ClockStructInit), (12 bytes).
    Removing stm32f10x_usart.o(i.USART_DMACmd), (18 bytes).
    Removing stm32f10x_usart.o(i.USART_HalfDuplexCmd), (24 bytes).
    Removing stm32f10x_usart.o(i.USART_IrDACmd), (24 bytes).
    Removing stm32f10x_usart.o(i.USART_IrDAConfig), (18 bytes).
    Removing stm32f10x_usart.o(i.USART_LINBreakDetectLengthConfig), (18 bytes).
    Removing stm32f10x_usart.o(i.USART_LINCmd), (24 bytes).
    Removing stm32f10x_usart.o(i.USART_OneBitMethodCmd), (24 bytes).
    Removing stm32f10x_usart.o(i.USART_OverSampling8Cmd), (22 bytes).
    Removing stm32f10x_usart.o(i.USART_ReceiverWakeUpCmd), (24 bytes).
    Removing stm32f10x_usart.o(i.USART_SendBreak), (10 bytes).
    Removing stm32f10x_usart.o(i.USART_SetAddress), (18 bytes).
    Removing stm32f10x_usart.o(i.USART_SetGuardTime), (16 bytes).
    Removing stm32f10x_usart.o(i.USART_SetPrescaler), (16 bytes).
    Removing stm32f10x_usart.o(i.USART_SmartCardCmd), (24 bytes).
    Removing stm32f10x_usart.o(i.USART_SmartCardNACKCmd), (24 bytes).
    Removing stm32f10x_usart.o(i.USART_StructInit), (24 bytes).
    Removing stm32f10x_usart.o(i.USART_WakeUpConfig), (18 bytes).
    Removing stm32f10x_wwdg.o(i.WWDG_ClearFlag), (12 bytes).
    Removing stm32f10x_wwdg.o(i.WWDG_DeInit), (22 bytes).
    Removing stm32f10x_wwdg.o(i.WWDG_Enable), (16 bytes).
    Removing stm32f10x_wwdg.o(i.WWDG_EnableIT), (12 bytes).
    Removing stm32f10x_wwdg.o(i.WWDG_GetFlagStatus), (12 bytes).
    Removing stm32f10x_wwdg.o(i.WWDG_SetCounter), (16 bytes).
    Removing stm32f10x_wwdg.o(i.WWDG_SetPrescaler), (24 bytes).
    Removing stm32f10x_wwdg.o(i.WWDG_SetWindowValue), (40 bytes).
    Removing oled_iic.o(i.OLED_DrawBMP), (118 bytes).
    Removing oled_iic.o(i.OLED_OFF), (22 bytes).
    Removing oled_iic.o(i.OLED_ON), (22 bytes).
    Removing as608.o(i.EnsureMessage), (496 bytes).
    Removing as608.o(i.PS_HandShake), (128 bytes).
    Removing as608.o(i.PS_ReadNotepad), (96 bytes).
    Removing as608.o(i.PS_ReadSysPara), (240 bytes).
    Removing as608.o(i.PS_Search), (144 bytes).
    Removing as608.o(i.PS_SetAddr), (180 bytes).
    Removing as608.o(i.PS_ValidTempleteNum), (136 bytes).
    Removing as608.o(i.PS_WriteNotepad), (108 bytes).
    Removing as608.o(i.PS_WriteReg), (140 bytes).
    Removing timer.o(i.TIM3_Int_Init), (92 bytes).
    Removing timer.o(.data), (1 bytes).
    Removing usart3.o(i.u2_printf), (80 bytes).
    Removing serial.o(i.Serial_Pow), (20 bytes).
    Removing serial.o(i.Serial_Printf), (36 bytes).
    Removing serial.o(i.Serial_SendArray), (26 bytes).
    Removing serial.o(i.Serial_SendNumber), (58 bytes).
    Removing serial.o(i.Serial_SendString), (26 bytes).
    Removing serial.o(i.fputc), (16 bytes).
    Removing pwm.o(i.PWM_Init), (148 bytes).
    Removing pwm.o(i.PWM_SetCompare2), (20 bytes).
    Removing servo.o(i.Servo_Init), (8 bytes).
    Removing servo.o(i.Servo_SetAngle), (84 bytes).
    Removing relay.o(i.Relay_Toggle), (44 bytes).
    Removing fadd.o(.text), (176 bytes).
    Removing fmul.o(.text), (100 bytes).
    Removing fdiv.o(.text), (124 bytes).
    Removing ffixui.o(.text), (40 bytes).
    Removing cfcmple.o(.text), (20 bytes).
    Removing cfrcmple.o(.text), (20 bytes).
    Removing fepilogue.o(.text), (110 bytes).

480 unused section(s) (total 21089 bytes) removed from the image.

==============================================================================

Image Symbol Table

    Local Symbols

    Symbol Name                              Value     Ov Type        Size  Object(Section)

    ../clib/../cmprslib/lz77c.c              0x00000000   Number         0  __dclz77c.o ABSOLUTE
    ../clib/microlib/division.c              0x00000000   Number         0  uldiv.o ABSOLUTE
    ../clib/microlib/division.c              0x00000000   Number         0  uidiv.o ABSOLUTE
    ../clib/microlib/init/entry.s            0x00000000   Number         0  entry11a.o ABSOLUTE
    ../clib/microlib/init/entry.s            0x00000000   Number         0  entry8a.o ABSOLUTE
    ../clib/microlib/init/entry.s            0x00000000   Number         0  entry.o ABSOLUTE
    ../clib/microlib/init/entry.s            0x00000000   Number         0  entry7b.o ABSOLUTE
    ../clib/microlib/init/entry.s            0x00000000   Number         0  entry8b.o ABSOLUTE
    ../clib/microlib/init/entry.s            0x00000000   Number         0  entry2.o ABSOLUTE
    ../clib/microlib/init/entry.s            0x00000000   Number         0  entry10b.o ABSOLUTE
    ../clib/microlib/init/entry.s            0x00000000   Number         0  entry7a.o ABSOLUTE
    ../clib/microlib/init/entry.s            0x00000000   Number         0  entry11b.o ABSOLUTE
    ../clib/microlib/init/entry.s            0x00000000   Number         0  entry5.o ABSOLUTE
    ../clib/microlib/init/entry.s            0x00000000   Number         0  entry9a.o ABSOLUTE
    ../clib/microlib/init/entry.s            0x00000000   Number         0  entry9b.o ABSOLUTE
    ../clib/microlib/init/entry.s            0x00000000   Number         0  entry10a.o ABSOLUTE
    ../clib/microlib/longlong.c              0x00000000   Number         0  llshl.o ABSOLUTE
    ../clib/microlib/longlong.c              0x00000000   Number         0  llsshr.o ABSOLUTE
    ../clib/microlib/longlong.c              0x00000000   Number         0  llushr.o ABSOLUTE
    ../clib/microlib/printf/printf.c         0x00000000   Number         0  printf5.o ABSOLUTE
    ../clib/microlib/printf/printf.c         0x00000000   Number         0  printf7.o ABSOLUTE
    ../clib/microlib/printf/printf.c         0x00000000   Number         0  printf6.o ABSOLUTE
    ../clib/microlib/printf/printf.c         0x00000000   Number         0  printfa.o ABSOLUTE
    ../clib/microlib/printf/printf.c         0x00000000   Number         0  printf8.o ABSOLUTE
    ../clib/microlib/printf/printf.c         0x00000000   Number         0  printf3.o ABSOLUTE
    ../clib/microlib/printf/printf.c         0x00000000   Number         0  printf2.o ABSOLUTE
    ../clib/microlib/printf/printf.c         0x00000000   Number         0  printf4.o ABSOLUTE
    ../clib/microlib/printf/printf.c         0x00000000   Number         0  printf1.o ABSOLUTE
    ../clib/microlib/printf/printf.c         0x00000000   Number         0  printf0.o ABSOLUTE
    ../clib/microlib/printf/printf.c         0x00000000   Number         0  printfb.o ABSOLUTE
    ../clib/microlib/printf/stubs.s          0x00000000   Number         0  stubs.o ABSOLUTE
    ../clib/microlib/stdio/streams.c         0x00000000   Number         0  stdout.o ABSOLUTE
    ../clib/microlib/string/strchr.c         0x00000000   Number         0  strchr.o ABSOLUTE
    ../clib/microlib/string/strcmp.c         0x00000000   Number         0  strcmp.o ABSOLUTE
    ../clib/microlib/string/strlen.c         0x00000000   Number         0  strlen.o ABSOLUTE
    ../clib/microlib/string/strstr.c         0x00000000   Number         0  strstr.o ABSOLUTE
    ../clib/microlib/stubs.s                 0x00000000   Number         0  iusefp.o ABSOLUTE
    ../fplib/microlib/fpadd.c                0x00000000   Number         0  dadd.o ABSOLUTE
    ../fplib/microlib/fpadd.c                0x00000000   Number         0  fadd.o ABSOLUTE
    ../fplib/microlib/fpdiv.c                0x00000000   Number         0  fdiv.o ABSOLUTE
    ../fplib/microlib/fpdiv.c                0x00000000   Number         0  ddiv.o ABSOLUTE
    ../fplib/microlib/fpepilogue.c           0x00000000   Number         0  fepilogue.o ABSOLUTE
    ../fplib/microlib/fpepilogue.c           0x00000000   Number         0  depilogue.o ABSOLUTE
    ../fplib/microlib/fpfix.c                0x00000000   Number         0  dfixul.o ABSOLUTE
    ../fplib/microlib/fpfix.c                0x00000000   Number         0  ffixui.o ABSOLUTE
    ../fplib/microlib/fpmul.c                0x00000000   Number         0  dmul.o ABSOLUTE
    ../fplib/microlib/fpmul.c                0x00000000   Number         0  fmul.o ABSOLUTE
    ..\CORE\STARTUP\startup_stm32f10x_hd.s   0x00000000   Number         0  startup_stm32f10x_hd.o ABSOLUTE
    ..\CORE\core_cm3.c                       0x00000000   Number         0  core_cm3.o ABSOLUTE
    ..\HARDWARE\AS608\as608.c                0x00000000   Number         0  as608.o ABSOLUTE
    ..\HARDWARE\BUTTON4_4\button4_4.c        0x00000000   Number         0  button4_4.o ABSOLUTE
    ..\HARDWARE\OLED\oled_iic.c              0x00000000   Number         0  oled_iic.o ABSOLUTE
    ..\HARDWARE\PWM\PWM.c                    0x00000000   Number         0  pwm.o ABSOLUTE
    ..\HARDWARE\RELAY\relay.c                0x00000000   Number         0  relay.o ABSOLUTE
    ..\HARDWARE\SERIAL\Serial.c              0x00000000   Number         0  serial.o ABSOLUTE
    ..\HARDWARE\SERVO\Servo.c                0x00000000   Number         0  servo.o ABSOLUTE
    ..\HARDWARE\TIMER\timer.c                0x00000000   Number         0  timer.o ABSOLUTE
    ..\HARDWARE\USART3\usart3.c              0x00000000   Number         0  usart3.o ABSOLUTE
    ..\STM32F10x_FWLib\src\misc.c            0x00000000   Number         0  misc.o ABSOLUTE
    ..\STM32F10x_FWLib\src\stm32f10x_adc.c   0x00000000   Number         0  stm32f10x_adc.o ABSOLUTE
    ..\STM32F10x_FWLib\src\stm32f10x_bkp.c   0x00000000   Number         0  stm32f10x_bkp.o ABSOLUTE
    ..\STM32F10x_FWLib\src\stm32f10x_can.c   0x00000000   Number         0  stm32f10x_can.o ABSOLUTE
    ..\STM32F10x_FWLib\src\stm32f10x_cec.c   0x00000000   Number         0  stm32f10x_cec.o ABSOLUTE
    ..\STM32F10x_FWLib\src\stm32f10x_crc.c   0x00000000   Number         0  stm32f10x_crc.o ABSOLUTE
    ..\STM32F10x_FWLib\src\stm32f10x_dac.c   0x00000000   Number         0  stm32f10x_dac.o ABSOLUTE
    ..\STM32F10x_FWLib\src\stm32f10x_dbgmcu.c 0x00000000   Number         0  stm32f10x_dbgmcu.o ABSOLUTE
    ..\STM32F10x_FWLib\src\stm32f10x_dma.c   0x00000000   Number         0  stm32f10x_dma.o ABSOLUTE
    ..\STM32F10x_FWLib\src\stm32f10x_exti.c  0x00000000   Number         0  stm32f10x_exti.o ABSOLUTE
    ..\STM32F10x_FWLib\src\stm32f10x_flash.c 0x00000000   Number         0  stm32f10x_flash.o ABSOLUTE
    ..\STM32F10x_FWLib\src\stm32f10x_fsmc.c  0x00000000   Number         0  stm32f10x_fsmc.o ABSOLUTE
    ..\STM32F10x_FWLib\src\stm32f10x_gpio.c  0x00000000   Number         0  stm32f10x_gpio.o ABSOLUTE
    ..\STM32F10x_FWLib\src\stm32f10x_i2c.c   0x00000000   Number         0  stm32f10x_i2c.o ABSOLUTE
    ..\STM32F10x_FWLib\src\stm32f10x_iwdg.c  0x00000000   Number         0  stm32f10x_iwdg.o ABSOLUTE
    ..\STM32F10x_FWLib\src\stm32f10x_pwr.c   0x00000000   Number         0  stm32f10x_pwr.o ABSOLUTE
    ..\STM32F10x_FWLib\src\stm32f10x_rcc.c   0x00000000   Number         0  stm32f10x_rcc.o ABSOLUTE
    ..\STM32F10x_FWLib\src\stm32f10x_rtc.c   0x00000000   Number         0  stm32f10x_rtc.o ABSOLUTE
    ..\STM32F10x_FWLib\src\stm32f10x_sdio.c  0x00000000   Number         0  stm32f10x_sdio.o ABSOLUTE
    ..\STM32F10x_FWLib\src\stm32f10x_spi.c   0x00000000   Number         0  stm32f10x_spi.o ABSOLUTE
    ..\STM32F10x_FWLib\src\stm32f10x_tim.c   0x00000000   Number         0  stm32f10x_tim.o ABSOLUTE
    ..\STM32F10x_FWLib\src\stm32f10x_usart.c 0x00000000   Number         0  stm32f10x_usart.o ABSOLUTE
    ..\STM32F10x_FWLib\src\stm32f10x_wwdg.c  0x00000000   Number         0  stm32f10x_wwdg.o ABSOLUTE
    ..\SYSTEM\delay\delay.c                  0x00000000   Number         0  delay.o ABSOLUTE
    ..\SYSTEM\sys\sys.c                      0x00000000   Number         0  sys.o ABSOLUTE
    ..\\CORE\\core_cm3.c                     0x00000000   Number         0  core_cm3.o ABSOLUTE
    ..\\SYSTEM\\sys\\sys.c                   0x00000000   Number         0  sys.o ABSOLUTE
    cdrcmple.s                               0x00000000   Number         0  cdrcmple.o ABSOLUTE
    cfcmple.s                                0x00000000   Number         0  cfcmple.o ABSOLUTE
    cfrcmple.s                               0x00000000   Number         0  cfrcmple.o ABSOLUTE
    dc.s                                     0x00000000   Number         0  dc.o ABSOLUTE
    handlers.s                               0x00000000   Number         0  handlers.o ABSOLUTE
    init.s                                   0x00000000   Number         0  init.o ABSOLUTE
    main.c                                   0x00000000   Number         0  main.o ABSOLUTE
    stm32f10x_it.c                           0x00000000   Number         0  stm32f10x_it.o ABSOLUTE
    system_stm32f10x.c                       0x00000000   Number         0  system_stm32f10x.o ABSOLUTE
    RESET                                    0x08000000   Section      304  startup_stm32f10x_hd.o(RESET)
    .ARM.Collect$$$$00000000                 0x08000130   Section        0  entry.o(.ARM.Collect$$$$00000000)
    .ARM.Collect$$$$00000001                 0x08000130   Section        4  entry2.o(.ARM.Collect$$$$00000001)
    .ARM.Collect$$$$00000004                 0x08000134   Section        4  entry5.o(.ARM.Collect$$$$00000004)
    .ARM.Collect$$$$00000008                 0x08000138   Section        0  entry7b.o(.ARM.Collect$$$$00000008)
    .ARM.Collect$$$$0000000A                 0x08000138   Section        0  entry8b.o(.ARM.Collect$$$$0000000A)
    .ARM.Collect$$$$0000000B                 0x08000138   Section        8  entry9a.o(.ARM.Collect$$$$0000000B)
    .ARM.Collect$$$$0000000D                 0x08000140   Section        0  entry10a.o(.ARM.Collect$$$$0000000D)
    .ARM.Collect$$$$0000000F                 0x08000140   Section        0  entry11a.o(.ARM.Collect$$$$0000000F)
    .ARM.Collect$$$$00002712                 0x08000140   Section        4  entry2.o(.ARM.Collect$$$$00002712)
    __lit__00000000                          0x08000140   Data           4  entry2.o(.ARM.Collect$$$$00002712)
    .text                                    0x08000144   Section       36  startup_stm32f10x_hd.o(.text)
    .text                                    0x08000168   Section        0  strstr.o(.text)
    .text                                    0x0800018c   Section        0  strchr.o(.text)
    .text                                    0x080001a0   Section        0  strcmp.o(.text)
    .text                                    0x080001bc   Section        0  uidiv.o(.text)
    .text                                    0x080001e8   Section        0  uldiv.o(.text)
    .text                                    0x0800024a   Section        0  iusefp.o(.text)
    .text                                    0x0800024a   Section        0  dadd.o(.text)
    .text                                    0x08000398   Section        0  dmul.o(.text)
    .text                                    0x0800047c   Section        0  ddiv.o(.text)
    .text                                    0x0800055a   Section        0  dfixul.o(.text)
    .text                                    0x0800058c   Section       48  cdrcmple.o(.text)
    .text                                    0x080005bc   Section       36  init.o(.text)
    .text                                    0x080005e0   Section        0  llshl.o(.text)
    .text                                    0x080005fe   Section        0  llushr.o(.text)
    .text                                    0x0800061e   Section        0  llsshr.o(.text)
    .text                                    0x08000642   Section        0  depilogue.o(.text)
    .text                                    0x080006fc   Section        0  __dclz77c.o(.text)
    i.Add_FR                                 0x0800075c   Section        0  as608.o(i.Add_FR)
    i.BusFault_Handler                       0x08000a94   Section        0  stm32f10x_it.o(i.BusFault_Handler)
    i.Button4_4_Init                         0x08000a98   Section        0  button4_4.o(i.Button4_4_Init)
    i.Button4_4_Scan                         0x08000b2c   Section        0  button4_4.o(i.Button4_4_Scan)
    i.DebugMon_Handler                       0x08000c70   Section        0  stm32f10x_it.o(i.DebugMon_Handler)
    i.Del_FR                                 0x08000c74   Section        0  as608.o(i.Del_FR)
    i.FLASH_ErasePage                        0x08000e00   Section        0  stm32f10x_flash.o(i.FLASH_ErasePage)
    i.FLASH_GetBank1Status                   0x08000e4c   Section        0  stm32f10x_flash.o(i.FLASH_GetBank1Status)
    i.FLASH_Lock                             0x08000e80   Section        0  stm32f10x_flash.o(i.FLASH_Lock)
    i.FLASH_ProgramHalfWord                  0x08000e94   Section        0  stm32f10x_flash.o(i.FLASH_ProgramHalfWord)
    i.FLASH_Unlock                           0x08000ed4   Section        0  stm32f10x_flash.o(i.FLASH_Unlock)
    i.FLASH_WaitForLastOperation             0x08000eec   Section        0  stm32f10x_flash.o(i.FLASH_WaitForLastOperation)
    i.GB16_NUM                               0x08000f14   Section        0  oled_iic.o(i.GB16_NUM)
    i.GPIO_Init                              0x08000f2c   Section        0  stm32f10x_gpio.o(i.GPIO_Init)
    i.GPIO_ReadInputDataBit                  0x08001042   Section        0  stm32f10x_gpio.o(i.GPIO_ReadInputDataBit)
    i.GPIO_ResetBits                         0x08001054   Section        0  stm32f10x_gpio.o(i.GPIO_ResetBits)
    i.GPIO_SetBits                           0x08001058   Section        0  stm32f10x_gpio.o(i.GPIO_SetBits)
    i.HardFault_Handler                      0x0800105c   Section        0  stm32f10x_it.o(i.HardFault_Handler)
    i.IIC_Delay                              0x08001060   Section        0  oled_iic.o(i.IIC_Delay)
    IIC_Delay                                0x08001061   Thumb Code    14  oled_iic.o(i.IIC_Delay)
    i.IIC_GPIO_Config                        0x08001070   Section        0  oled_iic.o(i.IIC_GPIO_Config)
    i.IIC_Start                              0x080010b0   Section        0  oled_iic.o(i.IIC_Start)
    i.IIC_Stop                               0x080010e4   Section        0  oled_iic.o(i.IIC_Stop)
    i.IIC_WaitAck                            0x08001108   Section        0  oled_iic.o(i.IIC_WaitAck)
    i.JudgeStr                               0x08001150   Section        0  as608.o(i.JudgeStr)
    JudgeStr                                 0x08001151   Thumb Code   122  as608.o(i.JudgeStr)
    i.MYUSART_SendData                       0x080011d8   Section        0  as608.o(i.MYUSART_SendData)
    MYUSART_SendData                         0x080011d9   Thumb Code    22  as608.o(i.MYUSART_SendData)
    i.MemManage_Handler                      0x080011f4   Section        0  stm32f10x_it.o(i.MemManage_Handler)
    i.NMI_Handler                            0x080011f8   Section        0  stm32f10x_it.o(i.NMI_Handler)
    i.NVIC_Init                              0x080011fc   Section        0  misc.o(i.NVIC_Init)
    i.NVIC_PriorityGroupConfig               0x0800126c   Section        0  misc.o(i.NVIC_PriorityGroupConfig)
    i.OLED_Clear                             0x08001280   Section        0  oled_iic.o(i.OLED_Clear)
    i.OLED_Fill                              0x0800128a   Section        0  oled_iic.o(i.OLED_Fill)
    i.OLED_Init                              0x080012c4   Section        0  oled_iic.o(i.OLED_Init)
    i.OLED_Set_Pos                           0x0800136e   Section        0  oled_iic.o(i.OLED_Set_Pos)
    i.OLED_ShowCH                            0x0800139c   Section        0  oled_iic.o(i.OLED_ShowCH)
    i.OLED_ShowChar                          0x080014cc   Section        0  oled_iic.o(i.OLED_ShowChar)
    i.OLED_ShowNum                           0x08001538   Section        0  oled_iic.o(i.OLED_ShowNum)
    i.PS_DeletChar                           0x080015b4   Section        0  as608.o(i.PS_DeletChar)
    i.PS_Empty                               0x08001620   Section        0  as608.o(i.PS_Empty)
    i.PS_GenChar                             0x0800165a   Section        0  as608.o(i.PS_GenChar)
    i.PS_GetImage                            0x080016a0   Section        0  as608.o(i.PS_GetImage)
    i.PS_HighSpeedSearch                     0x080016da   Section        0  as608.o(i.PS_HighSpeedSearch)
    i.PS_Match                               0x0800176a   Section        0  as608.o(i.PS_Match)
    i.PS_RegModel                            0x080017a4   Section        0  as608.o(i.PS_RegModel)
    i.PS_StoreChar                           0x080017de   Section        0  as608.o(i.PS_StoreChar)
    i.PendSV_Handler                         0x0800183e   Section        0  stm32f10x_it.o(i.PendSV_Handler)
    i.RCC_APB1PeriphClockCmd                 0x08001840   Section        0  stm32f10x_rcc.o(i.RCC_APB1PeriphClockCmd)
    i.RCC_APB1PeriphResetCmd                 0x08001860   Section        0  stm32f10x_rcc.o(i.RCC_APB1PeriphResetCmd)
    i.RCC_APB2PeriphClockCmd                 0x08001880   Section        0  stm32f10x_rcc.o(i.RCC_APB2PeriphClockCmd)
    i.RCC_APB2PeriphResetCmd                 0x080018a0   Section        0  stm32f10x_rcc.o(i.RCC_APB2PeriphResetCmd)
    i.RCC_GetClocksFreq                      0x080018c0   Section        0  stm32f10x_rcc.o(i.RCC_GetClocksFreq)
    i.Relay_Init                             0x08001994   Section        0  relay.o(i.Relay_Init)
    i.Relay_Off                              0x080019cc   Section        0  relay.o(i.Relay_Off)
    i.Relay_On                               0x080019e0   Section        0  relay.o(i.Relay_On)
    i.SVC_Handler                            0x080019f4   Section        0  stm32f10x_it.o(i.SVC_Handler)
    i.SendAddr                               0x080019f8   Section        0  as608.o(i.SendAddr)
    SendAddr                                 0x080019f9   Thumb Code    46  as608.o(i.SendAddr)
    i.SendCheck                              0x08001a2c   Section        0  as608.o(i.SendCheck)
    SendCheck                                0x08001a2d   Thumb Code    18  as608.o(i.SendCheck)
    i.SendFlag                               0x08001a3e   Section        0  as608.o(i.SendFlag)
    SendFlag                                 0x08001a3f   Thumb Code    12  as608.o(i.SendFlag)
    i.SendHead                               0x08001a4a   Section        0  as608.o(i.SendHead)
    SendHead                                 0x08001a4b   Thumb Code    16  as608.o(i.SendHead)
    i.SendLength                             0x08001a5a   Section        0  as608.o(i.SendLength)
    SendLength                               0x08001a5b   Thumb Code    20  as608.o(i.SendLength)
    i.Sendcmd                                0x08001a6e   Section        0  as608.o(i.Sendcmd)
    Sendcmd                                  0x08001a6f   Thumb Code    12  as608.o(i.Sendcmd)
    i.Serial_GetRxData                       0x08001a7c   Section        0  serial.o(i.Serial_GetRxData)
    i.Serial_GetRxFlag                       0x08001a88   Section        0  serial.o(i.Serial_GetRxFlag)
    i.Serial_Init                            0x08001aa4   Section        0  serial.o(i.Serial_Init)
    i.Serial_SendByte                        0x08001b5c   Section        0  serial.o(i.Serial_SendByte)
    i.SetSysClock                            0x08001b7c   Section        0  system_stm32f10x.o(i.SetSysClock)
    SetSysClock                              0x08001b7d   Thumb Code     8  system_stm32f10x.o(i.SetSysClock)
    i.SetSysClockTo72                        0x08001b84   Section        0  system_stm32f10x.o(i.SetSysClockTo72)
    SetSysClockTo72                          0x08001b85   Thumb Code   214  system_stm32f10x.o(i.SetSysClockTo72)
    i.ShowErrMessage                         0x08001c64   Section        0  as608.o(i.ShowErrMessage)
    i.SysTick_CLKSourceConfig                0x08001c66   Section        0  misc.o(i.SysTick_CLKSourceConfig)
    i.SysTick_Handler                        0x08001c8e   Section        0  stm32f10x_it.o(i.SysTick_Handler)
    i.SystemInit                             0x08001c90   Section        0  system_stm32f10x.o(i.SystemInit)
    i.TIM3_IRQHandler                        0x08001cf0   Section        0  timer.o(i.TIM3_IRQHandler)
    i.TIM4_IRQHandler                        0x08001d0c   Section        0  timer.o(i.TIM4_IRQHandler)
    i.TIM4_Int_Init                          0x08001d40   Section        0  timer.o(i.TIM4_Int_Init)
    i.TIM_ClearITPendingBit                  0x08001da0   Section        0  stm32f10x_tim.o(i.TIM_ClearITPendingBit)
    i.TIM_Cmd                                0x08001da6   Section        0  stm32f10x_tim.o(i.TIM_Cmd)
    i.TIM_GetITStatus                        0x08001dbe   Section        0  stm32f10x_tim.o(i.TIM_GetITStatus)
    i.TIM_ITConfig                           0x08001de0   Section        0  stm32f10x_tim.o(i.TIM_ITConfig)
    i.TIM_SetCounter                         0x08001df2   Section        0  stm32f10x_tim.o(i.TIM_SetCounter)
    i.TIM_TimeBaseInit                       0x08001df8   Section        0  stm32f10x_tim.o(i.TIM_TimeBaseInit)
    i.USART1_IRQHandler                      0x08001e9c   Section        0  serial.o(i.USART1_IRQHandler)
    i.USART3_IRQHandler                      0x08001ed4   Section        0  usart3.o(i.USART3_IRQHandler)
    i.USART_ClearITPendingBit                0x08001f48   Section        0  stm32f10x_usart.o(i.USART_ClearITPendingBit)
    i.USART_Cmd                              0x08001f66   Section        0  stm32f10x_usart.o(i.USART_Cmd)
    i.USART_DeInit                           0x08001f80   Section        0  stm32f10x_usart.o(i.USART_DeInit)
    i.USART_GetFlagStatus                    0x0800201c   Section        0  stm32f10x_usart.o(i.USART_GetFlagStatus)
    i.USART_GetITStatus                      0x08002036   Section        0  stm32f10x_usart.o(i.USART_GetITStatus)
    i.USART_ITConfig                         0x0800208a   Section        0  stm32f10x_usart.o(i.USART_ITConfig)
    i.USART_Init                             0x080020d4   Section        0  stm32f10x_usart.o(i.USART_Init)
    i.USART_ReceiveData                      0x080021ac   Section        0  stm32f10x_usart.o(i.USART_ReceiveData)
    i.USART_SendData                         0x080021b6   Section        0  stm32f10x_usart.o(i.USART_SendData)
    i.UsageFault_Handler                     0x080021be   Section        0  stm32f10x_it.o(i.UsageFault_Handler)
    i.Write_IIC_Byte                         0x080021c4   Section        0  oled_iic.o(i.Write_IIC_Byte)
    i.Write_IIC_Command                      0x0800221c   Section        0  oled_iic.o(i.Write_IIC_Command)
    i.Write_IIC_Data                         0x08002248   Section        0  oled_iic.o(i.Write_IIC_Data)
    i.__0sprintf                             0x08002274   Section        0  printfa.o(i.__0sprintf)
    i.__scatterload_copy                     0x0800229c   Section       14  handlers.o(i.__scatterload_copy)
    i.__scatterload_null                     0x080022aa   Section        2  handlers.o(i.__scatterload_null)
    i.__scatterload_zeroinit                 0x080022ac   Section       14  handlers.o(i.__scatterload_zeroinit)
    i._fp_digits                             0x080022bc   Section        0  printfa.o(i._fp_digits)
    _fp_digits                               0x080022bd   Thumb Code   366  printfa.o(i._fp_digits)
    i._printf_core                           0x08002440   Section        0  printfa.o(i._printf_core)
    _printf_core                             0x08002441   Thumb Code  1744  printfa.o(i._printf_core)
    i._printf_post_padding                   0x08002b1c   Section        0  printfa.o(i._printf_post_padding)
    _printf_post_padding                     0x08002b1d   Thumb Code    36  printfa.o(i._printf_post_padding)
    i._printf_pre_padding                    0x08002b40   Section        0  printfa.o(i._printf_pre_padding)
    _printf_pre_padding                      0x08002b41   Thumb Code    46  printfa.o(i._printf_pre_padding)
    i._sputc                                 0x08002b6e   Section        0  printfa.o(i._sputc)
    _sputc                                   0x08002b6f   Thumb Code    10  printfa.o(i._sputc)
    i.delay_init                             0x08002b78   Section        0  delay.o(i.delay_init)
    i.delay_ms                               0x08002bbc   Section        0  delay.o(i.delay_ms)
    i.flash_pwd_read                         0x08002c08   Section        0  main.o(i.flash_pwd_read)
    flash_pwd_read                           0x08002c09   Thumb Code    54  main.o(i.flash_pwd_read)
    i.flash_pwd_write                        0x08002c50   Section        0  main.o(i.flash_pwd_write)
    flash_pwd_write                          0x08002c51   Thumb Code    48  main.o(i.flash_pwd_write)
    i.get_6digits                            0x08002c84   Section        0  main.o(i.get_6digits)
    get_6digits                              0x08002c85   Thumb Code   108  main.o(i.get_6digits)
    i.key_to_digit                           0x08002cf8   Section        0  main.o(i.key_to_digit)
    key_to_digit                             0x08002cf9   Thumb Code    22  main.o(i.key_to_digit)
    i.main                                   0x08002d10   Section        0  main.o(i.main)
    i.oled_pow                               0x08002ef0   Section        0  oled_iic.o(i.oled_pow)
    i.password_change                        0x08002f08   Section        0  main.o(i.password_change)
    password_change                          0x08002f09   Thumb Code    94  main.o(i.password_change)
    i.password_login                         0x08002f94   Section        0  main.o(i.password_login)
    password_login                           0x08002f95   Thumb Code   168  main.o(i.password_login)
    i.press_FR                               0x08003078   Section        0  as608.o(i.press_FR)
    i.usart3_init                            0x080031c8   Section        0  usart3.o(i.usart3_init)
    .data                                    0x20000000   Section       20  system_stm32f10x.o(.data)
    .data                                    0x20000014   Section        4  delay.o(.data)
    fac_us                                   0x20000014   Data           1  delay.o(.data)
    fac_ms                                   0x20000016   Data           2  delay.o(.data)
    .data                                    0x20000018   Section       20  stm32f10x_rcc.o(.data)
    APBAHBPrescTable                         0x20000018   Data          16  stm32f10x_rcc.o(.data)
    ADCPrescTable                            0x20000028   Data           4  stm32f10x_rcc.o(.data)
    .data                                    0x2000002c   Section     3936  oled_iic.o(.data)
    .data                                    0x20000f8c   Section       10  as608.o(.data)
    .data                                    0x20000f96   Section        2  usart3.o(.data)
    .data                                    0x20000f98   Section        2  serial.o(.data)
    .data                                    0x20000f9c   Section       64  button4_4.o(.data)
    KEY_OUT                                  0x20000f9c   Data          32  button4_4.o(.data)
    KEY_IN                                   0x20000fbc   Data          32  button4_4.o(.data)
    .bss                                     0x20000fdc   Section      800  usart3.o(.bss)
    .bss                                     0x200012fc   Section       16  button4_4.o(.bss)
    STACK                                    0x20001310   Section     1024  startup_stm32f10x_hd.o(STACK)

    Global Symbols

    Symbol Name                              Value     Ov Type        Size  Object(Section)

    BuildAttributes$$THM_ISAv4$P$D$K$B$S$PE$A:L22UL41UL21$X:L11$S22US41US21$IEEE1$IW$USESV6$~STKCKD$USESV7$~SHL$OTIME$ROPI$EBA8$MICROLIB$REQ8$PRES8$EABIv2 0x00000000   Number         0  anon$$obj.o ABSOLUTE
    __ARM_use_no_argv                        0x00000000   Number         0  main.o ABSOLUTE
    _printf_a                                0x00000000   Number         0  stubs.o ABSOLUTE
    _printf_c                                0x00000000   Number         0  stubs.o ABSOLUTE
    _printf_charcount                        0x00000000   Number         0  stubs.o ABSOLUTE
    _printf_d                                0x00000000   Number         0  stubs.o ABSOLUTE
    _printf_e                                0x00000000   Number         0  stubs.o ABSOLUTE
    _printf_f                                0x00000000   Number         0  stubs.o ABSOLUTE
    _printf_flags                            0x00000000   Number         0  stubs.o ABSOLUTE
    _printf_fp_dec                           0x00000000   Number         0  stubs.o ABSOLUTE
    _printf_fp_hex                           0x00000000   Number         0  stubs.o ABSOLUTE
    _printf_g                                0x00000000   Number         0  stubs.o ABSOLUTE
    _printf_i                                0x00000000   Number         0  stubs.o ABSOLUTE
    _printf_int_dec                          0x00000000   Number         0  stubs.o ABSOLUTE
    _printf_l                                0x00000000   Number         0  stubs.o ABSOLUTE
    _printf_lc                               0x00000000   Number         0  stubs.o ABSOLUTE
    _printf_ll                               0x00000000   Number         0  stubs.o ABSOLUTE
    _printf_lld                              0x00000000   Number         0  stubs.o ABSOLUTE
    _printf_lli                              0x00000000   Number         0  stubs.o ABSOLUTE
    _printf_llo                              0x00000000   Number         0  stubs.o ABSOLUTE
    _printf_llu                              0x00000000   Number         0  stubs.o ABSOLUTE
    _printf_llx                              0x00000000   Number         0  stubs.o ABSOLUTE
    _printf_longlong_dec                     0x00000000   Number         0  stubs.o ABSOLUTE
    _printf_longlong_hex                     0x00000000   Number         0  stubs.o ABSOLUTE
    _printf_longlong_oct                     0x00000000   Number         0  stubs.o ABSOLUTE
    _printf_ls                               0x00000000   Number         0  stubs.o ABSOLUTE
    _printf_mbtowc                           0x00000000   Number         0  stubs.o ABSOLUTE
    _printf_n                                0x00000000   Number         0  stubs.o ABSOLUTE
    _printf_o                                0x00000000   Number         0  stubs.o ABSOLUTE
    _printf_p                                0x00000000   Number         0  stubs.o ABSOLUTE
    _printf_percent                          0x00000000   Number         0  stubs.o ABSOLUTE
    _printf_pre_padding                      0x00000000   Number         0  stubs.o ABSOLUTE
    _printf_return_value                     0x00000000   Number         0  stubs.o ABSOLUTE
    _printf_s                                0x00000000   Number         0  stubs.o ABSOLUTE
    _printf_sizespec                         0x00000000   Number         0  stubs.o ABSOLUTE
    _printf_str                              0x00000000   Number         0  stubs.o ABSOLUTE
    _printf_truncate_signed                  0x00000000   Number         0  stubs.o ABSOLUTE
    _printf_truncate_unsigned                0x00000000   Number         0  stubs.o ABSOLUTE
    _printf_u                                0x00000000   Number         0  stubs.o ABSOLUTE
    _printf_wc                               0x00000000   Number         0  stubs.o ABSOLUTE
    _printf_wctomb                           0x00000000   Number         0  stubs.o ABSOLUTE
    _printf_widthprec                        0x00000000   Number         0  stubs.o ABSOLUTE
    _printf_x                                0x00000000   Number         0  stubs.o ABSOLUTE
    __cpp_initialize__aeabi_                  - Undefined Weak Reference
    __cxa_finalize                            - Undefined Weak Reference
    _clock_init                               - Undefined Weak Reference
    _microlib_exit                            - Undefined Weak Reference
    __Vectors_Size                           0x00000130   Number         0  startup_stm32f10x_hd.o ABSOLUTE
    __Vectors                                0x08000000   Data           4  startup_stm32f10x_hd.o(RESET)
    __Vectors_End                            0x08000130   Data           0  startup_stm32f10x_hd.o(RESET)
    __main                                   0x08000131   Thumb Code     0  entry.o(.ARM.Collect$$$$00000000)
    _main_stk                                0x08000131   Thumb Code     0  entry2.o(.ARM.Collect$$$$00000001)
    _main_scatterload                        0x08000135   Thumb Code     0  entry5.o(.ARM.Collect$$$$00000004)
    __main_after_scatterload                 0x08000139   Thumb Code     0  entry5.o(.ARM.Collect$$$$00000004)
    _main_clock                              0x08000139   Thumb Code     0  entry7b.o(.ARM.Collect$$$$00000008)
    _main_cpp_init                           0x08000139   Thumb Code     0  entry8b.o(.ARM.Collect$$$$0000000A)
    _main_init                               0x08000139   Thumb Code     0  entry9a.o(.ARM.Collect$$$$0000000B)
    __rt_final_cpp                           0x08000141   Thumb Code     0  entry10a.o(.ARM.Collect$$$$0000000D)
    __rt_final_exit                          0x08000141   Thumb Code     0  entry11a.o(.ARM.Collect$$$$0000000F)
    Reset_Handler                            0x08000145   Thumb Code     8  startup_stm32f10x_hd.o(.text)
    ADC1_2_IRQHandler                        0x0800015f   Thumb Code     0  startup_stm32f10x_hd.o(.text)
    ADC3_IRQHandler                          0x0800015f   Thumb Code     0  startup_stm32f10x_hd.o(.text)
    CAN1_RX1_IRQHandler                      0x0800015f   Thumb Code     0  startup_stm32f10x_hd.o(.text)
    CAN1_SCE_IRQHandler                      0x0800015f   Thumb Code     0  startup_stm32f10x_hd.o(.text)
    DMA1_Channel1_IRQHandler                 0x0800015f   Thumb Code     0  startup_stm32f10x_hd.o(.text)
    DMA1_Channel2_IRQHandler                 0x0800015f   Thumb Code     0  startup_stm32f10x_hd.o(.text)
    DMA1_Channel3_IRQHandler                 0x0800015f   Thumb Code     0  startup_stm32f10x_hd.o(.text)
    DMA1_Channel4_IRQHandler                 0x0800015f   Thumb Code     0  startup_stm32f10x_hd.o(.text)
    DMA1_Channel5_IRQHandler                 0x0800015f   Thumb Code     0  startup_stm32f10x_hd.o(.text)
    DMA1_Channel6_IRQHandler                 0x0800015f   Thumb Code     0  startup_stm32f10x_hd.o(.text)
    DMA1_Channel7_IRQHandler                 0x0800015f   Thumb Code     0  startup_stm32f10x_hd.o(.text)
    DMA2_Channel1_IRQHandler                 0x0800015f   Thumb Code     0  startup_stm32f10x_hd.o(.text)
    DMA2_Channel2_IRQHandler                 0x0800015f   Thumb Code     0  startup_stm32f10x_hd.o(.text)
    DMA2_Channel3_IRQHandler                 0x0800015f   Thumb Code     0  startup_stm32f10x_hd.o(.text)
    DMA2_Channel4_5_IRQHandler               0x0800015f   Thumb Code     0  startup_stm32f10x_hd.o(.text)
    EXTI0_IRQHandler                         0x0800015f   Thumb Code     0  startup_stm32f10x_hd.o(.text)
    EXTI15_10_IRQHandler                     0x0800015f   Thumb Code     0  startup_stm32f10x_hd.o(.text)
    EXTI1_IRQHandler                         0x0800015f   Thumb Code     0  startup_stm32f10x_hd.o(.text)
    EXTI2_IRQHandler                         0x0800015f   Thumb Code     0  startup_stm32f10x_hd.o(.text)
    EXTI3_IRQHandler                         0x0800015f   Thumb Code     0  startup_stm32f10x_hd.o(.text)
    EXTI4_IRQHandler                         0x0800015f   Thumb Code     0  startup_stm32f10x_hd.o(.text)
    EXTI9_5_IRQHandler                       0x0800015f   Thumb Code     0  startup_stm32f10x_hd.o(.text)
    FLASH_IRQHandler                         0x0800015f   Thumb Code     0  startup_stm32f10x_hd.o(.text)
    FSMC_IRQHandler                          0x0800015f   Thumb Code     0  startup_stm32f10x_hd.o(.text)
    I2C1_ER_IRQHandler                       0x0800015f   Thumb Code     0  startup_stm32f10x_hd.o(.text)
    I2C1_EV_IRQHandler                       0x0800015f   Thumb Code     0  startup_stm32f10x_hd.o(.text)
    I2C2_ER_IRQHandler                       0x0800015f   Thumb Code     0  startup_stm32f10x_hd.o(.text)
    I2C2_EV_IRQHandler                       0x0800015f   Thumb Code     0  startup_stm32f10x_hd.o(.text)
    PVD_IRQHandler                           0x0800015f   Thumb Code     0  startup_stm32f10x_hd.o(.text)
    RCC_IRQHandler                           0x0800015f   Thumb Code     0  startup_stm32f10x_hd.o(.text)
    RTCAlarm_IRQHandler                      0x0800015f   Thumb Code     0  startup_stm32f10x_hd.o(.text)
    RTC_IRQHandler                           0x0800015f   Thumb Code     0  startup_stm32f10x_hd.o(.text)
    SDIO_IRQHandler                          0x0800015f   Thumb Code     0  startup_stm32f10x_hd.o(.text)
    SPI1_IRQHandler                          0x0800015f   Thumb Code     0  startup_stm32f10x_hd.o(.text)
    SPI2_IRQHandler                          0x0800015f   Thumb Code     0  startup_stm32f10x_hd.o(.text)
    SPI3_IRQHandler                          0x0800015f   Thumb Code     0  startup_stm32f10x_hd.o(.text)
    TAMPER_IRQHandler                        0x0800015f   Thumb Code     0  startup_stm32f10x_hd.o(.text)
    TIM1_BRK_IRQHandler                      0x0800015f   Thumb Code     0  startup_stm32f10x_hd.o(.text)
    TIM1_CC_IRQHandler                       0x0800015f   Thumb Code     0  startup_stm32f10x_hd.o(.text)
    TIM1_TRG_COM_IRQHandler                  0x0800015f   Thumb Code     0  startup_stm32f10x_hd.o(.text)
    TIM1_UP_IRQHandler                       0x0800015f   Thumb Code     0  startup_stm32f10x_hd.o(.text)
    TIM2_IRQHandler                          0x0800015f   Thumb Code     0  startup_stm32f10x_hd.o(.text)
    TIM5_IRQHandler                          0x0800015f   Thumb Code     0  startup_stm32f10x_hd.o(.text)
    TIM6_IRQHandler                          0x0800015f   Thumb Code     0  startup_stm32f10x_hd.o(.text)
    TIM7_IRQHandler                          0x0800015f   Thumb Code     0  startup_stm32f10x_hd.o(.text)
    TIM8_BRK_IRQHandler                      0x0800015f   Thumb Code     0  startup_stm32f10x_hd.o(.text)
    TIM8_CC_IRQHandler                       0x0800015f   Thumb Code     0  startup_stm32f10x_hd.o(.text)
    TIM8_TRG_COM_IRQHandler                  0x0800015f   Thumb Code     0  startup_stm32f10x_hd.o(.text)
    TIM8_UP_IRQHandler                       0x0800015f   Thumb Code     0  startup_stm32f10x_hd.o(.text)
    UART4_IRQHandler                         0x0800015f   Thumb Code     0  startup_stm32f10x_hd.o(.text)
    UART5_IRQHandler                         0x0800015f   Thumb Code     0  startup_stm32f10x_hd.o(.text)
    USART2_IRQHandler                        0x0800015f   Thumb Code     0  startup_stm32f10x_hd.o(.text)
    USBWakeUp_IRQHandler                     0x0800015f   Thumb Code     0  startup_stm32f10x_hd.o(.text)
    USB_HP_CAN1_TX_IRQHandler                0x0800015f   Thumb Code     0  startup_stm32f10x_hd.o(.text)
    USB_LP_CAN1_RX0_IRQHandler               0x0800015f   Thumb Code     0  startup_stm32f10x_hd.o(.text)
    WWDG_IRQHandler                          0x0800015f   Thumb Code     0  startup_stm32f10x_hd.o(.text)
    strstr                                   0x08000169   Thumb Code    36  strstr.o(.text)
    strchr                                   0x0800018d   Thumb Code    20  strchr.o(.text)
    strcmp                                   0x080001a1   Thumb Code    28  strcmp.o(.text)
    __aeabi_uidiv                            0x080001bd   Thumb Code     0  uidiv.o(.text)
    __aeabi_uidivmod                         0x080001bd   Thumb Code    44  uidiv.o(.text)
    __aeabi_uldivmod                         0x080001e9   Thumb Code    98  uldiv.o(.text)
    __I$use$fp                               0x0800024b   Thumb Code     0  iusefp.o(.text)
    __aeabi_dadd                             0x0800024b   Thumb Code   322  dadd.o(.text)
    __aeabi_dsub                             0x0800038d   Thumb Code     6  dadd.o(.text)
    __aeabi_drsub                            0x08000393   Thumb Code     6  dadd.o(.text)
    __aeabi_dmul                             0x08000399   Thumb Code   228  dmul.o(.text)
    __aeabi_ddiv                             0x0800047d   Thumb Code   222  ddiv.o(.text)
    __aeabi_d2ulz                            0x0800055b   Thumb Code    48  dfixul.o(.text)
    __aeabi_cdrcmple                         0x0800058d   Thumb Code    48  cdrcmple.o(.text)
    __scatterload                            0x080005bd   Thumb Code    28  init.o(.text)
    __scatterload_rt2                        0x080005bd   Thumb Code     0  init.o(.text)
    __aeabi_llsl                             0x080005e1   Thumb Code    30  llshl.o(.text)
    _ll_shift_l                              0x080005e1   Thumb Code     0  llshl.o(.text)
    __aeabi_llsr                             0x080005ff   Thumb Code    32  llushr.o(.text)
    _ll_ushift_r                             0x080005ff   Thumb Code     0  llushr.o(.text)
    __aeabi_lasr                             0x0800061f   Thumb Code    36  llsshr.o(.text)
    _ll_sshift_r                             0x0800061f   Thumb Code     0  llsshr.o(.text)
    _double_round                            0x08000643   Thumb Code    30  depilogue.o(.text)
    _double_epilogue                         0x08000661   Thumb Code   156  depilogue.o(.text)
    __decompress                             0x080006fd   Thumb Code     0  __dclz77c.o(.text)
    __decompress2                            0x080006fd   Thumb Code    94  __dclz77c.o(.text)
    Add_FR                                   0x0800075d   Thumb Code   558  as608.o(i.Add_FR)
    BusFault_Handler                         0x08000a95   Thumb Code     4  stm32f10x_it.o(i.BusFault_Handler)
    Button4_4_Init                           0x08000a99   Thumb Code   138  button4_4.o(i.Button4_4_Init)
    Button4_4_Scan                           0x08000b2d   Thumb Code   310  button4_4.o(i.Button4_4_Scan)
    DebugMon_Handler                         0x08000c71   Thumb Code     2  stm32f10x_it.o(i.DebugMon_Handler)
    Del_FR                                   0x08000c75   Thumb Code   250  as608.o(i.Del_FR)
    FLASH_ErasePage                          0x08000e01   Thumb Code    72  stm32f10x_flash.o(i.FLASH_ErasePage)
    FLASH_GetBank1Status                     0x08000e4d   Thumb Code    48  stm32f10x_flash.o(i.FLASH_GetBank1Status)
    FLASH_Lock                               0x08000e81   Thumb Code    14  stm32f10x_flash.o(i.FLASH_Lock)
    FLASH_ProgramHalfWord                    0x08000e95   Thumb Code    60  stm32f10x_flash.o(i.FLASH_ProgramHalfWord)
    FLASH_Unlock                             0x08000ed5   Thumb Code    12  stm32f10x_flash.o(i.FLASH_Unlock)
    FLASH_WaitForLastOperation               0x08000eed   Thumb Code    38  stm32f10x_flash.o(i.FLASH_WaitForLastOperation)
    GB16_NUM                                 0x08000f15   Thumb Code    18  oled_iic.o(i.GB16_NUM)
    GPIO_Init                                0x08000f2d   Thumb Code   278  stm32f10x_gpio.o(i.GPIO_Init)
    GPIO_ReadInputDataBit                    0x08001043   Thumb Code    18  stm32f10x_gpio.o(i.GPIO_ReadInputDataBit)
    GPIO_ResetBits                           0x08001055   Thumb Code     4  stm32f10x_gpio.o(i.GPIO_ResetBits)
    GPIO_SetBits                             0x08001059   Thumb Code     4  stm32f10x_gpio.o(i.GPIO_SetBits)
    HardFault_Handler                        0x0800105d   Thumb Code     4  stm32f10x_it.o(i.HardFault_Handler)
    IIC_GPIO_Config                          0x08001071   Thumb Code    60  oled_iic.o(i.IIC_GPIO_Config)
    IIC_Start                                0x080010b1   Thumb Code    42  oled_iic.o(i.IIC_Start)
    IIC_Stop                                 0x080010e5   Thumb Code    28  oled_iic.o(i.IIC_Stop)
    IIC_WaitAck                              0x08001109   Thumb Code    58  oled_iic.o(i.IIC_WaitAck)
    MemManage_Handler                        0x080011f5   Thumb Code     4  stm32f10x_it.o(i.MemManage_Handler)
    NMI_Handler                              0x080011f9   Thumb Code     2  stm32f10x_it.o(i.NMI_Handler)
    NVIC_Init                                0x080011fd   Thumb Code   100  misc.o(i.NVIC_Init)
    NVIC_PriorityGroupConfig                 0x0800126d   Thumb Code    10  misc.o(i.NVIC_PriorityGroupConfig)
    OLED_Clear                               0x08001281   Thumb Code    10  oled_iic.o(i.OLED_Clear)
    OLED_Fill                                0x0800128b   Thumb Code    58  oled_iic.o(i.OLED_Fill)
    OLED_Init                                0x080012c5   Thumb Code   170  oled_iic.o(i.OLED_Init)
    OLED_Set_Pos                             0x0800136f   Thumb Code    46  oled_iic.o(i.OLED_Set_Pos)
    OLED_ShowCH                              0x0800139d   Thumb Code   284  oled_iic.o(i.OLED_ShowCH)
    OLED_ShowChar                            0x080014cd   Thumb Code   102  oled_iic.o(i.OLED_ShowChar)
    OLED_ShowNum                             0x08001539   Thumb Code   124  oled_iic.o(i.OLED_ShowNum)
    PS_DeletChar                             0x080015b5   Thumb Code   108  as608.o(i.PS_DeletChar)
    PS_Empty                                 0x08001621   Thumb Code    58  as608.o(i.PS_Empty)
    PS_GenChar                               0x0800165b   Thumb Code    70  as608.o(i.PS_GenChar)
    PS_GetImage                              0x080016a1   Thumb Code    58  as608.o(i.PS_GetImage)
    PS_HighSpeedSearch                       0x080016db   Thumb Code   144  as608.o(i.PS_HighSpeedSearch)
    PS_Match                                 0x0800176b   Thumb Code    58  as608.o(i.PS_Match)
    PS_RegModel                              0x080017a5   Thumb Code    58  as608.o(i.PS_RegModel)
    PS_StoreChar                             0x080017df   Thumb Code    96  as608.o(i.PS_StoreChar)
    PendSV_Handler                           0x0800183f   Thumb Code     2  stm32f10x_it.o(i.PendSV_Handler)
    RCC_APB1PeriphClockCmd                   0x08001841   Thumb Code    26  stm32f10x_rcc.o(i.RCC_APB1PeriphClockCmd)
    RCC_APB1PeriphResetCmd                   0x08001861   Thumb Code    26  stm32f10x_rcc.o(i.RCC_APB1PeriphResetCmd)
    RCC_APB2PeriphClockCmd                   0x08001881   Thumb Code    26  stm32f10x_rcc.o(i.RCC_APB2PeriphClockCmd)
    RCC_APB2PeriphResetCmd                   0x080018a1   Thumb Code    26  stm32f10x_rcc.o(i.RCC_APB2PeriphResetCmd)
    RCC_GetClocksFreq                        0x080018c1   Thumb Code   192  stm32f10x_rcc.o(i.RCC_GetClocksFreq)
    Relay_Init                               0x08001995   Thumb Code    50  relay.o(i.Relay_Init)
    Relay_Off                                0x080019cd   Thumb Code    14  relay.o(i.Relay_Off)
    Relay_On                                 0x080019e1   Thumb Code    14  relay.o(i.Relay_On)
    SVC_Handler                              0x080019f5   Thumb Code     2  stm32f10x_it.o(i.SVC_Handler)
    Serial_GetRxData                         0x08001a7d   Thumb Code     6  serial.o(i.Serial_GetRxData)
    Serial_GetRxFlag                         0x08001a89   Thumb Code    22  serial.o(i.Serial_GetRxFlag)
    Serial_Init                              0x08001aa5   Thumb Code   174  serial.o(i.Serial_Init)
    Serial_SendByte                          0x08001b5d   Thumb Code    28  serial.o(i.Serial_SendByte)
    ShowErrMessage                           0x08001c65   Thumb Code     2  as608.o(i.ShowErrMessage)
    SysTick_CLKSourceConfig                  0x08001c67   Thumb Code    40  misc.o(i.SysTick_CLKSourceConfig)
    SysTick_Handler                          0x08001c8f   Thumb Code     2  stm32f10x_it.o(i.SysTick_Handler)
    SystemInit                               0x08001c91   Thumb Code    78  system_stm32f10x.o(i.SystemInit)
    TIM3_IRQHandler                          0x08001cf1   Thumb Code    22  timer.o(i.TIM3_IRQHandler)
    TIM4_IRQHandler                          0x08001d0d   Thumb Code    42  timer.o(i.TIM4_IRQHandler)
    TIM4_Int_Init                            0x08001d41   Thumb Code    90  timer.o(i.TIM4_Int_Init)
    TIM_ClearITPendingBit                    0x08001da1   Thumb Code     6  stm32f10x_tim.o(i.TIM_ClearITPendingBit)
    TIM_Cmd                                  0x08001da7   Thumb Code    24  stm32f10x_tim.o(i.TIM_Cmd)
    TIM_GetITStatus                          0x08001dbf   Thumb Code    34  stm32f10x_tim.o(i.TIM_GetITStatus)
    TIM_ITConfig                             0x08001de1   Thumb Code    18  stm32f10x_tim.o(i.TIM_ITConfig)
    TIM_SetCounter                           0x08001df3   Thumb Code     4  stm32f10x_tim.o(i.TIM_SetCounter)
    TIM_TimeBaseInit                         0x08001df9   Thumb Code   122  stm32f10x_tim.o(i.TIM_TimeBaseInit)
    USART1_IRQHandler                        0x08001e9d   Thumb Code    44  serial.o(i.USART1_IRQHandler)
    USART3_IRQHandler                        0x08001ed5   Thumb Code    94  usart3.o(i.USART3_IRQHandler)
    USART_ClearITPendingBit                  0x08001f49   Thumb Code    30  stm32f10x_usart.o(i.USART_ClearITPendingBit)
    USART_Cmd                                0x08001f67   Thumb Code    24  stm32f10x_usart.o(i.USART_Cmd)
    USART_DeInit                             0x08001f81   Thumb Code   134  stm32f10x_usart.o(i.USART_DeInit)
    USART_GetFlagStatus                      0x0800201d   Thumb Code    26  stm32f10x_usart.o(i.USART_GetFlagStatus)
    USART_GetITStatus                        0x08002037   Thumb Code    84  stm32f10x_usart.o(i.USART_GetITStatus)
    USART_ITConfig                           0x0800208b   Thumb Code    74  stm32f10x_usart.o(i.USART_ITConfig)
    USART_Init                               0x080020d5   Thumb Code   210  stm32f10x_usart.o(i.USART_Init)
    USART_ReceiveData                        0x080021ad   Thumb Code    10  stm32f10x_usart.o(i.USART_ReceiveData)
    USART_SendData                           0x080021b7   Thumb Code     8  stm32f10x_usart.o(i.USART_SendData)
    UsageFault_Handler                       0x080021bf   Thumb Code     4  stm32f10x_it.o(i.UsageFault_Handler)
    Write_IIC_Byte                           0x080021c5   Thumb Code    80  oled_iic.o(i.Write_IIC_Byte)
    Write_IIC_Command                        0x0800221d   Thumb Code    44  oled_iic.o(i.Write_IIC_Command)
    Write_IIC_Data                           0x08002249   Thumb Code    44  oled_iic.o(i.Write_IIC_Data)
    __0sprintf                               0x08002275   Thumb Code    34  printfa.o(i.__0sprintf)
    __1sprintf                               0x08002275   Thumb Code     0  printfa.o(i.__0sprintf)
    __2sprintf                               0x08002275   Thumb Code     0  printfa.o(i.__0sprintf)
    __c89sprintf                             0x08002275   Thumb Code     0  printfa.o(i.__0sprintf)
    sprintf                                  0x08002275   Thumb Code     0  printfa.o(i.__0sprintf)
    __scatterload_copy                       0x0800229d   Thumb Code    14  handlers.o(i.__scatterload_copy)
    __scatterload_null                       0x080022ab   Thumb Code     2  handlers.o(i.__scatterload_null)
    __scatterload_zeroinit                   0x080022ad   Thumb Code    14  handlers.o(i.__scatterload_zeroinit)
    delay_init                               0x08002b79   Thumb Code    50  delay.o(i.delay_init)
    delay_ms                                 0x08002bbd   Thumb Code    72  delay.o(i.delay_ms)
    main                                     0x08002d11   Thumb Code   368  main.o(i.main)
    oled_pow                                 0x08002ef1   Thumb Code    22  oled_iic.o(i.oled_pow)
    press_FR                                 0x08003079   Thumb Code   252  as608.o(i.press_FR)
    usart3_init                              0x080031c9   Thumb Code   190  usart3.o(i.usart3_init)
    Region$$Table$$Base                      0x08003298   Number         0  anon$$obj.o(Region$$Table)
    Region$$Table$$Limit                     0x080032b8   Number         0  anon$$obj.o(Region$$Table)
    SystemCoreClock                          0x20000000   Data           4  system_stm32f10x.o(.data)
    AHBPrescTable                            0x20000004   Data          16  system_stm32f10x.o(.data)
    zf                                       0x2000002c   Data        1520  oled_iic.o(.data)
    hz                                       0x2000061c   Data        2176  oled_iic.o(.data)
    hz_index                                 0x20000e9c   Data         137  oled_iic.o(.data)
    zf_index                                 0x20000f25   Data          96  oled_iic.o(.data)
    HZ                                       0x20000f88   Data           4  oled_iic.o(.data)
    AS608Addr                                0x20000f8c   Data           4  as608.o(.data)
    str2                                     0x20000f90   Data           6  as608.o(.data)
    USART3_RX_STA                            0x20000f96   Data           2  usart3.o(.data)
    Serial_RxData                            0x20000f98   Data           1  serial.o(.data)
    Serial_RxFlag                            0x20000f99   Data           1  serial.o(.data)
    USART3_RX_BUF                            0x20000fdc   Data         400  usart3.o(.bss)
    USART3_TX_BUF                            0x2000116c   Data         400  usart3.o(.bss)
    key                                      0x200012fc   Data          16  button4_4.o(.bss)
    __initial_sp                             0x20001710   Data           0  startup_stm32f10x_hd.o(STACK)



==============================================================================

Memory Map of the image

  Image Entry point : 0x08000145

  Load Region LR_1 (Base: 0x08000000, Size: 0x00004294, Max: 0xffffffff, ABSOLUTE, COMPRESSED[0x00003e08])

    Execution Region ER_RO (Exec base: 0x08000000, Load base: 0x08000000, Size: 0x000032b8, Max: 0xffffffff, ABSOLUTE)

    Exec Addr    Load Addr    Size         Type   Attr      Idx    E Section Name        Object

    0x08000000   0x08000000   0x00000130   Data   RO          369    RESET               startup_stm32f10x_hd.o
    0x08000130   0x08000130   0x00000000   Code   RO         3900  * .ARM.Collect$$$$00000000  mc_w.l(entry.o)
    0x08000130   0x08000130   0x00000004   Code   RO         4184    .ARM.Collect$$$$00000001  mc_w.l(entry2.o)
    0x08000134   0x08000134   0x00000004   Code   RO         4187    .ARM.Collect$$$$00000004  mc_w.l(entry5.o)
    0x08000138   0x08000138   0x00000000   Code   RO         4189    .ARM.Collect$$$$00000008  mc_w.l(entry7b.o)
    0x08000138   0x08000138   0x00000000   Code   RO         4191    .ARM.Collect$$$$0000000A  mc_w.l(entry8b.o)
    0x08000138   0x08000138   0x00000008   Code   RO         4192    .ARM.Collect$$$$0000000B  mc_w.l(entry9a.o)
    0x08000140   0x08000140   0x00000000   Code   RO         4194    .ARM.Collect$$$$0000000D  mc_w.l(entry10a.o)
    0x08000140   0x08000140   0x00000000   Code   RO         4196    .ARM.Collect$$$$0000000F  mc_w.l(entry11a.o)
    0x08000140   0x08000140   0x00000004   Code   RO         4185    .ARM.Collect$$$$00002712  mc_w.l(entry2.o)
    0x08000144   0x08000144   0x00000024   Code   RO          370  * .text               startup_stm32f10x_hd.o
    0x08000168   0x08000168   0x00000024   Code   RO         3903    .text               mc_w.l(strstr.o)
    0x0800018c   0x0800018c   0x00000014   Code   RO         3905    .text               mc_w.l(strchr.o)
    0x080001a0   0x080001a0   0x0000001c   Code   RO         3909    .text               mc_w.l(strcmp.o)
    0x080001bc   0x080001bc   0x0000002c   Code   RO         4199    .text               mc_w.l(uidiv.o)
    0x080001e8   0x080001e8   0x00000062   Code   RO         4201    .text               mc_w.l(uldiv.o)
    0x0800024a   0x0800024a   0x00000000   Code   RO         4203    .text               mc_w.l(iusefp.o)
    0x0800024a   0x0800024a   0x0000014e   Code   RO         4206    .text               mf_w.l(dadd.o)
    0x08000398   0x08000398   0x000000e4   Code   RO         4208    .text               mf_w.l(dmul.o)
    0x0800047c   0x0800047c   0x000000de   Code   RO         4210    .text               mf_w.l(ddiv.o)
    0x0800055a   0x0800055a   0x00000030   Code   RO         4212    .text               mf_w.l(dfixul.o)
    0x0800058a   0x0800058a   0x00000002   PAD
    0x0800058c   0x0800058c   0x00000030   Code   RO         4214    .text               mf_w.l(cdrcmple.o)
    0x080005bc   0x080005bc   0x00000024   Code   RO         4216    .text               mc_w.l(init.o)
    0x080005e0   0x080005e0   0x0000001e   Code   RO         4218    .text               mc_w.l(llshl.o)
    0x080005fe   0x080005fe   0x00000020   Code   RO         4220    .text               mc_w.l(llushr.o)
    0x0800061e   0x0800061e   0x00000024   Code   RO         4222    .text               mc_w.l(llsshr.o)
    0x08000642   0x08000642   0x000000ba   Code   RO         4224    .text               mf_w.l(depilogue.o)
    0x080006fc   0x080006fc   0x0000005e   Code   RO         4234    .text               mc_w.l(__dclz77c.o)
    0x0800075a   0x0800075a   0x00000002   PAD
    0x0800075c   0x0800075c   0x00000338   Code   RO         3478    i.Add_FR            as608.o
    0x08000a94   0x08000a94   0x00000004   Code   RO          179    i.BusFault_Handler  stm32f10x_it.o
    0x08000a98   0x08000a98   0x00000094   Code   RO         3809    i.Button4_4_Init    button4_4.o
    0x08000b2c   0x08000b2c   0x00000144   Code   RO         3810    i.Button4_4_Scan    button4_4.o
    0x08000c70   0x08000c70   0x00000002   Code   RO          180    i.DebugMon_Handler  stm32f10x_it.o
    0x08000c72   0x08000c72   0x00000002   PAD
    0x08000c74   0x08000c74   0x0000018c   Code   RO         3479    i.Del_FR            as608.o
    0x08000e00   0x08000e00   0x0000004c   Code   RO         1230    i.FLASH_ErasePage   stm32f10x_flash.o
    0x08000e4c   0x08000e4c   0x00000034   Code   RO         1231    i.FLASH_GetBank1Status  stm32f10x_flash.o
    0x08000e80   0x08000e80   0x00000014   Code   RO         1240    i.FLASH_Lock        stm32f10x_flash.o
    0x08000e94   0x08000e94   0x00000040   Code   RO         1243    i.FLASH_ProgramHalfWord  stm32f10x_flash.o
    0x08000ed4   0x08000ed4   0x00000018   Code   RO         1248    i.FLASH_Unlock      stm32f10x_flash.o
    0x08000eec   0x08000eec   0x00000026   Code   RO         1252    i.FLASH_WaitForLastOperation  stm32f10x_flash.o
    0x08000f12   0x08000f12   0x00000002   PAD
    0x08000f14   0x08000f14   0x00000018   Code   RO         3341    i.GB16_NUM          oled_iic.o
    0x08000f2c   0x08000f2c   0x00000116   Code   RO         1525    i.GPIO_Init         stm32f10x_gpio.o
    0x08001042   0x08001042   0x00000012   Code   RO         1529    i.GPIO_ReadInputDataBit  stm32f10x_gpio.o
    0x08001054   0x08001054   0x00000004   Code   RO         1532    i.GPIO_ResetBits    stm32f10x_gpio.o
    0x08001058   0x08001058   0x00000004   Code   RO         1533    i.GPIO_SetBits      stm32f10x_gpio.o
    0x0800105c   0x0800105c   0x00000004   Code   RO          181    i.HardFault_Handler  stm32f10x_it.o
    0x08001060   0x08001060   0x0000000e   Code   RO         3342    i.IIC_Delay         oled_iic.o
    0x0800106e   0x0800106e   0x00000002   PAD
    0x08001070   0x08001070   0x00000040   Code   RO         3343    i.IIC_GPIO_Config   oled_iic.o
    0x080010b0   0x080010b0   0x00000034   Code   RO         3344    i.IIC_Start         oled_iic.o
    0x080010e4   0x080010e4   0x00000024   Code   RO         3345    i.IIC_Stop          oled_iic.o
    0x08001108   0x08001108   0x00000048   Code   RO         3346    i.IIC_WaitAck       oled_iic.o
    0x08001150   0x08001150   0x00000088   Code   RO         3481    i.JudgeStr          as608.o
    0x080011d8   0x080011d8   0x0000001c   Code   RO         3482    i.MYUSART_SendData  as608.o
    0x080011f4   0x080011f4   0x00000004   Code   RO          182    i.MemManage_Handler  stm32f10x_it.o
    0x080011f8   0x080011f8   0x00000002   Code   RO          183    i.NMI_Handler       stm32f10x_it.o
    0x080011fa   0x080011fa   0x00000002   PAD
    0x080011fc   0x080011fc   0x00000070   Code   RO          374    i.NVIC_Init         misc.o
    0x0800126c   0x0800126c   0x00000014   Code   RO          375    i.NVIC_PriorityGroupConfig  misc.o
    0x08001280   0x08001280   0x0000000a   Code   RO         3347    i.OLED_Clear        oled_iic.o
    0x0800128a   0x0800128a   0x0000003a   Code   RO         3349    i.OLED_Fill         oled_iic.o
    0x080012c4   0x080012c4   0x000000aa   Code   RO         3350    i.OLED_Init         oled_iic.o
    0x0800136e   0x0800136e   0x0000002e   Code   RO         3353    i.OLED_Set_Pos      oled_iic.o
    0x0800139c   0x0800139c   0x00000130   Code   RO         3354    i.OLED_ShowCH       oled_iic.o
    0x080014cc   0x080014cc   0x0000006c   Code   RO         3355    i.OLED_ShowChar     oled_iic.o
    0x08001538   0x08001538   0x0000007c   Code   RO         3356    i.OLED_ShowNum      oled_iic.o
    0x080015b4   0x080015b4   0x0000006c   Code   RO         3483    i.PS_DeletChar      as608.o
    0x08001620   0x08001620   0x0000003a   Code   RO         3484    i.PS_Empty          as608.o
    0x0800165a   0x0800165a   0x00000046   Code   RO         3485    i.PS_GenChar        as608.o
    0x080016a0   0x080016a0   0x0000003a   Code   RO         3486    i.PS_GetImage       as608.o
    0x080016da   0x080016da   0x00000090   Code   RO         3488    i.PS_HighSpeedSearch  as608.o
    0x0800176a   0x0800176a   0x0000003a   Code   RO         3489    i.PS_Match          as608.o
    0x080017a4   0x080017a4   0x0000003a   Code   RO         3492    i.PS_RegModel       as608.o
    0x080017de   0x080017de   0x00000060   Code   RO         3495    i.PS_StoreChar      as608.o
    0x0800183e   0x0800183e   0x00000002   Code   RO          184    i.PendSV_Handler    stm32f10x_it.o
    0x08001840   0x08001840   0x00000020   Code   RO         1941    i.RCC_APB1PeriphClockCmd  stm32f10x_rcc.o
    0x08001860   0x08001860   0x00000020   Code   RO         1942    i.RCC_APB1PeriphResetCmd  stm32f10x_rcc.o
    0x08001880   0x08001880   0x00000020   Code   RO         1943    i.RCC_APB2PeriphClockCmd  stm32f10x_rcc.o
    0x080018a0   0x080018a0   0x00000020   Code   RO         1944    i.RCC_APB2PeriphResetCmd  stm32f10x_rcc.o
    0x080018c0   0x080018c0   0x000000d4   Code   RO         1951    i.RCC_GetClocksFreq  stm32f10x_rcc.o
    0x08001994   0x08001994   0x00000038   Code   RO         3870    i.Relay_Init        relay.o
    0x080019cc   0x080019cc   0x00000014   Code   RO         3871    i.Relay_Off         relay.o
    0x080019e0   0x080019e0   0x00000014   Code   RO         3872    i.Relay_On          relay.o
    0x080019f4   0x080019f4   0x00000002   Code   RO          185    i.SVC_Handler       stm32f10x_it.o
    0x080019f6   0x080019f6   0x00000002   PAD
    0x080019f8   0x080019f8   0x00000034   Code   RO         3499    i.SendAddr          as608.o
    0x08001a2c   0x08001a2c   0x00000012   Code   RO         3500    i.SendCheck         as608.o
    0x08001a3e   0x08001a3e   0x0000000c   Code   RO         3501    i.SendFlag          as608.o
    0x08001a4a   0x08001a4a   0x00000010   Code   RO         3502    i.SendHead          as608.o
    0x08001a5a   0x08001a5a   0x00000014   Code   RO         3503    i.SendLength        as608.o
    0x08001a6e   0x08001a6e   0x0000000c   Code   RO         3504    i.Sendcmd           as608.o
    0x08001a7a   0x08001a7a   0x00000002   PAD
    0x08001a7c   0x08001a7c   0x0000000c   Code   RO         3734    i.Serial_GetRxData  serial.o
    0x08001a88   0x08001a88   0x0000001c   Code   RO         3735    i.Serial_GetRxFlag  serial.o
    0x08001aa4   0x08001aa4   0x000000b8   Code   RO         3736    i.Serial_Init       serial.o
    0x08001b5c   0x08001b5c   0x00000020   Code   RO         3740    i.Serial_SendByte   serial.o
    0x08001b7c   0x08001b7c   0x00000008   Code   RO          268    i.SetSysClock       system_stm32f10x.o
    0x08001b84   0x08001b84   0x000000e0   Code   RO          269    i.SetSysClockTo72   system_stm32f10x.o
    0x08001c64   0x08001c64   0x00000002   Code   RO         3505    i.ShowErrMessage    as608.o
    0x08001c66   0x08001c66   0x00000028   Code   RO          378    i.SysTick_CLKSourceConfig  misc.o
    0x08001c8e   0x08001c8e   0x00000002   Code   RO          186    i.SysTick_Handler   stm32f10x_it.o
    0x08001c90   0x08001c90   0x00000060   Code   RO          271    i.SystemInit        system_stm32f10x.o
    0x08001cf0   0x08001cf0   0x0000001c   Code   RO         3660    i.TIM3_IRQHandler   timer.o
    0x08001d0c   0x08001d0c   0x00000034   Code   RO         3662    i.TIM4_IRQHandler   timer.o
    0x08001d40   0x08001d40   0x00000060   Code   RO         3663    i.TIM4_Int_Init     timer.o
    0x08001da0   0x08001da0   0x00000006   Code   RO         2570    i.TIM_ClearITPendingBit  stm32f10x_tim.o
    0x08001da6   0x08001da6   0x00000018   Code   RO         2575    i.TIM_Cmd           stm32f10x_tim.o
    0x08001dbe   0x08001dbe   0x00000022   Code   RO         2596    i.TIM_GetITStatus   stm32f10x_tim.o
    0x08001de0   0x08001de0   0x00000012   Code   RO         2600    i.TIM_ITConfig      stm32f10x_tim.o
    0x08001df2   0x08001df2   0x00000004   Code   RO         2640    i.TIM_SetCounter    stm32f10x_tim.o
    0x08001df6   0x08001df6   0x00000002   PAD
    0x08001df8   0x08001df8   0x000000a4   Code   RO         2646    i.TIM_TimeBaseInit  stm32f10x_tim.o
    0x08001e9c   0x08001e9c   0x00000038   Code   RO         3743    i.USART1_IRQHandler  serial.o
    0x08001ed4   0x08001ed4   0x00000074   Code   RO         3696    i.USART3_IRQHandler  usart3.o
    0x08001f48   0x08001f48   0x0000001e   Code   RO         3108    i.USART_ClearITPendingBit  stm32f10x_usart.o
    0x08001f66   0x08001f66   0x00000018   Code   RO         3111    i.USART_Cmd         stm32f10x_usart.o
    0x08001f7e   0x08001f7e   0x00000002   PAD
    0x08001f80   0x08001f80   0x0000009c   Code   RO         3113    i.USART_DeInit      stm32f10x_usart.o
    0x0800201c   0x0800201c   0x0000001a   Code   RO         3114    i.USART_GetFlagStatus  stm32f10x_usart.o
    0x08002036   0x08002036   0x00000054   Code   RO         3115    i.USART_GetITStatus  stm32f10x_usart.o
    0x0800208a   0x0800208a   0x0000004a   Code   RO         3117    i.USART_ITConfig    stm32f10x_usart.o
    0x080020d4   0x080020d4   0x000000d8   Code   RO         3118    i.USART_Init        stm32f10x_usart.o
    0x080021ac   0x080021ac   0x0000000a   Code   RO         3125    i.USART_ReceiveData  stm32f10x_usart.o
    0x080021b6   0x080021b6   0x00000008   Code   RO         3128    i.USART_SendData    stm32f10x_usart.o
    0x080021be   0x080021be   0x00000004   Code   RO          187    i.UsageFault_Handler  stm32f10x_it.o
    0x080021c2   0x080021c2   0x00000002   PAD
    0x080021c4   0x080021c4   0x00000058   Code   RO         3357    i.Write_IIC_Byte    oled_iic.o
    0x0800221c   0x0800221c   0x0000002c   Code   RO         3358    i.Write_IIC_Command  oled_iic.o
    0x08002248   0x08002248   0x0000002c   Code   RO         3359    i.Write_IIC_Data    oled_iic.o
    0x08002274   0x08002274   0x00000028   Code   RO         4146    i.__0sprintf        mc_w.l(printfa.o)
    0x0800229c   0x0800229c   0x0000000e   Code   RO         4228    i.__scatterload_copy  mc_w.l(handlers.o)
    0x080022aa   0x080022aa   0x00000002   Code   RO         4229    i.__scatterload_null  mc_w.l(handlers.o)
    0x080022ac   0x080022ac   0x0000000e   Code   RO         4230    i.__scatterload_zeroinit  mc_w.l(handlers.o)
    0x080022ba   0x080022ba   0x00000002   PAD
    0x080022bc   0x080022bc   0x00000184   Code   RO         4151    i._fp_digits        mc_w.l(printfa.o)
    0x08002440   0x08002440   0x000006dc   Code   RO         4152    i._printf_core      mc_w.l(printfa.o)
    0x08002b1c   0x08002b1c   0x00000024   Code   RO         4153    i._printf_post_padding  mc_w.l(printfa.o)
    0x08002b40   0x08002b40   0x0000002e   Code   RO         4154    i._printf_pre_padding  mc_w.l(printfa.o)
    0x08002b6e   0x08002b6e   0x0000000a   Code   RO         4156    i._sputc            mc_w.l(printfa.o)
    0x08002b78   0x08002b78   0x00000044   Code   RO          302    i.delay_init        delay.o
    0x08002bbc   0x08002bbc   0x0000004c   Code   RO          303    i.delay_ms          delay.o
    0x08002c08   0x08002c08   0x00000048   Code   RO            1    i.flash_pwd_read    main.o
    0x08002c50   0x08002c50   0x00000034   Code   RO            2    i.flash_pwd_write   main.o
    0x08002c84   0x08002c84   0x00000074   Code   RO            3    i.get_6digits       main.o
    0x08002cf8   0x08002cf8   0x00000016   Code   RO            4    i.key_to_digit      main.o
    0x08002d0e   0x08002d0e   0x00000002   PAD
    0x08002d10   0x08002d10   0x000001e0   Code   RO            5    i.main              main.o
    0x08002ef0   0x08002ef0   0x00000016   Code   RO         3360    i.oled_pow          oled_iic.o
    0x08002f06   0x08002f06   0x00000002   PAD
    0x08002f08   0x08002f08   0x0000008c   Code   RO            6    i.password_change   main.o
    0x08002f94   0x08002f94   0x000000e4   Code   RO            7    i.password_login    main.o
    0x08003078   0x08003078   0x00000150   Code   RO         3506    i.press_FR          as608.o
    0x080031c8   0x080031c8   0x000000d0   Code   RO         3698    i.usart3_init       usart3.o
    0x08003298   0x08003298   0x00000020   Data   RO         4226    Region$$Table       anon$$obj.o


    Execution Region ER_RW (Exec base: 0x20000000, Load base: 0x080032b8, Size: 0x00000fdc, Max: 0xffffffff, ABSOLUTE, COMPRESSED[0x00000b50])

    Exec Addr    Load Addr    Size         Type   Attr      Idx    E Section Name        Object

    0x20000000   COMPRESSED   0x00000014   Data   RW          272    .data               system_stm32f10x.o
    0x20000014   COMPRESSED   0x00000004   Data   RW          305    .data               delay.o
    0x20000018   COMPRESSED   0x00000014   Data   RW         1971    .data               stm32f10x_rcc.o
    0x2000002c   COMPRESSED   0x00000f60   Data   RW         3361    .data               oled_iic.o
    0x20000f8c   COMPRESSED   0x0000000a   Data   RW         3507    .data               as608.o
    0x20000f96   COMPRESSED   0x00000002   Data   RW         3700    .data               usart3.o
    0x20000f98   COMPRESSED   0x00000002   Data   RW         3745    .data               serial.o
    0x20000f9a   COMPRESSED   0x00000002   PAD
    0x20000f9c   COMPRESSED   0x00000040   Data   RW         3812    .data               button4_4.o


    Execution Region ER_ZI (Exec base: 0x20000fdc, Load base: 0x08003e08, Size: 0x00000734, Max: 0xffffffff, ABSOLUTE)

    Exec Addr    Load Addr    Size         Type   Attr      Idx    E Section Name        Object

    0x20000fdc        -       0x00000320   Zero   RW         3699    .bss                usart3.o
    0x200012fc        -       0x00000010   Zero   RW         3811    .bss                button4_4.o
    0x2000130c   0x08003e08   0x00000004   PAD
    0x20001310        -       0x00000400   Zero   RW          367    STACK               startup_stm32f10x_hd.o


==============================================================================

Image component sizes


      Code (inc. data)   RO Data    RW Data    ZI Data      Debug   Object Name

      2502        528          0         10          0      13345   as608.o
       472         24          0         64         16       2196   button4_4.o
       144         22          0          4          0       1168   delay.o
      1110        248          0          0          0     261903   main.o
       172         22          0          0          0       2025   misc.o
      1280         76          0       3936          0      10773   oled_iic.o
        96         18          0          0          0       1376   relay.o
       312         38          0          2          0       2892   serial.o
        36          8        304          0       1024        796   startup_stm32f10x_hd.o
       274         30          0          0          0       3382   stm32f10x_flash.o
       304          0          0          0          0       3620   stm32f10x_gpio.o
        26          0          0          0          0       3630   stm32f10x_it.o
       340         44          0         20          0       5512   stm32f10x_rcc.o
       250         42          0          0          0       4031   stm32f10x_tim.o
       628         28          0          0          0       7342   stm32f10x_usart.o
         0          0          0          0          0         32   sys.o
       328         28          0         20          0       2045   system_stm32f10x.o
       176         22          0          0          0       1584   timer.o
       324         40          0          2        800       2074   usart3.o

    ----------------------------------------------------------------------
      8796       1218        336       4060       1844     329726   Object Totals
         0          0         32          0          0          0   (incl. Generated)
        22          0          0          2          4          0   (incl. Padding)

    ----------------------------------------------------------------------

      Code (inc. data)   RO Data    RW Data    ZI Data      Debug   Library Member Name

        94          0          0          0          0          0   __dclz77c.o
         0          0          0          0          0          0   entry.o
         0          0          0          0          0          0   entry10a.o
         0          0          0          0          0          0   entry11a.o
         8          4          0          0          0          0   entry2.o
         4          0          0          0          0          0   entry5.o
         0          0          0          0          0          0   entry7b.o
         0          0          0          0          0          0   entry8b.o
         8          4          0          0          0          0   entry9a.o
        30          0          0          0          0          0   handlers.o
        36          8          0          0          0         68   init.o
         0          0          0          0          0          0   iusefp.o
        30          0          0          0          0         68   llshl.o
        36          0          0          0          0         68   llsshr.o
        32          0          0          0          0         68   llushr.o
      2276         86          0          0          0        520   printfa.o
        20          0          0          0          0         68   strchr.o
        28          0          0          0          0         76   strcmp.o
        36          0          0          0          0         80   strstr.o
        44          0          0          0          0         80   uidiv.o
        98          0          0          0          0         92   uldiv.o
        48          0          0          0          0         68   cdrcmple.o
       334          0          0          0          0        148   dadd.o
       222          0          0          0          0        100   ddiv.o
       186          0          0          0          0        176   depilogue.o
        48          0          0          0          0         68   dfixul.o
       228          0          0          0          0         96   dmul.o

    ----------------------------------------------------------------------
      3852        102          0          0          0       1844   Library Totals
         6          0          0          0          0          0   (incl. Padding)

    ----------------------------------------------------------------------

      Code (inc. data)   RO Data    RW Data    ZI Data      Debug   Library Name

      2780        102          0          0          0       1188   mc_w.l
      1066          0          0          0          0        656   mf_w.l

    ----------------------------------------------------------------------
      3852        102          0          0          0       1844   Library Totals

    ----------------------------------------------------------------------

==============================================================================


      Code (inc. data)   RO Data    RW Data    ZI Data      Debug   

     12648       1320        336       4060       1844     325562   Grand Totals
     12648       1320        336       2896       1844     325562   ELF Image Totals (compressed)
     12648       1320        336       2896          0          0   ROM Totals

==============================================================================

    Total RO  Size (Code + RO Data)                12984 (  12.68kB)
    Total RW  Size (RW Data + ZI Data)              5904 (   5.77kB)
    Total ROM Size (Code + RO Data + RW Data)      15880 (  15.51kB)

==============================================================================

