<html>
<body>
<pre>
<h1>礦ision Build Log</h1>
<h2>Tool Versions:</h2>
IDE-Version: μVision V5.24.2.0
Copyright (C) 2017 ARM Ltd and ARM Germany GmbH. All rights reserved.
License Information: hjnb1314 he197024@outlook.com, hjnb1314, LIC=65ISZ-JZAH3-SBDEJ-U4701-Z3PTB-1KME1
 
Tool Versions:
Toolchain:       MDK-ARM Plus  Version: 5.24.1
Toolchain Path:  D:\keil5\ARM\ARMCC\Bin
C Compiler:      Armcc.exe V5.06 update 5 (build 528)
Assembler:       Armasm.exe V5.06 update 5 (build 528)
Linker/Locator:  ArmLink.exe V5.06 update 5 (build 528)
Library Manager: ArmAr.exe V5.06 update 5 (build 528)
Hex Converter:   FromElf.exe V5.06 update 5 (build 528)
CPU DLL:         SARMCM3.DLL V5.24.1
Dialog DLL:      DCM.DLL V1.16.0.0
Target DLL:      STLink\ST-LINKIII-KEIL_SWO.dll V3.0.1.0
Dialog DLL:      TCM.DLL V1.32.0.0
 
<h2>Project:</h2>
D:\Desktop\基于stm32可上传华为云的智能门禁警报系统\stm32代码\智能门禁\14\天气\USER\BKM32.uvprojx
Project File Date:  05/19/2025

<h2>Output:</h2>
*** Using Compiler 'V5.06 update 5 (build 528)', folder: 'D:\keil5\ARM\ARMCC\Bin'
Rebuild target 'Template'
assembling startup_stm32f10x_hd.s...
compiling main.c...
..\HARDWARE\BUTTON4_4\button4_4.h(49): warning:  #1-D: last line of file ends without a newline
  #endif
main.c(270): warning:  #111-D: statement is unreachable
              break;
main.c(343): warning:  #940-D: missing return statement at end of non-void function "press_FR" 
  }
main.c(511): warning:  #1-D: last line of file ends without a newline
  }
main.c: 4 warnings, 0 errors
compiling delay.c...
compiling stm32f10x_bkp.c...
compiling core_cm3.c...
compiling misc.c...
compiling system_stm32f10x.c...
compiling stm32f10x_can.c...
compiling stm32f10x_cec.c...
compiling stm32f10x_it.c...
compiling stm32f10x_adc.c...
compiling sys.c...
compiling stm32f10x_crc.c...
compiling stm32f10x_dac.c...
compiling stm32f10x_dbgmcu.c...
compiling stm32f10x_dma.c...
compiling stm32f10x_exti.c...
compiling stm32f10x_flash.c...
compiling stm32f10x_gpio.c...
compiling stm32f10x_iwdg.c...
compiling stm32f10x_fsmc.c...
compiling stm32f10x_i2c.c...
compiling stm32f10x_pwr.c...
compiling stm32f10x_rtc.c...
compiling stm32f10x_rcc.c...
compiling stm32f10x_sdio.c...
compiling stm32f10x_spi.c...
compiling stm32f10x_usart.c...
compiling stm32f10x_wwdg.c...
compiling timer.c...
..\HARDWARE\TIMER\timer.c(79): warning:  #1-D: last line of file ends without a newline
  */
..\HARDWARE\TIMER\timer.c: 1 warning, 0 errors
compiling oled_iic.c...
compiling stm32f10x_tim.c...
compiling usart3.c...
compiling as608.c...
..\HARDWARE\BUTTON4_4\button4_4.h(49): warning:  #1-D: last line of file ends without a newline
  #endif
..\HARDWARE\AS608\as608.c: 1 warning, 0 errors
compiling relay.c...
compiling Serial.c...
compiling button4_4.c...
..\HARDWARE\BUTTON4_4\button4_4.h(49): warning:  #1-D: last line of file ends without a newline
  #endif
..\HARDWARE\BUTTON4_4\button4_4.c(105): warning:  #1-D: last line of file ends without a newline
  }
..\HARDWARE\BUTTON4_4\button4_4.c: 2 warnings, 0 errors
compiling rc522.c...
compiling is_card_authorized.c...
..\HARDWARE\BUTTON4_4\button4_4.h(49): warning:  #1-D: last line of file ends without a newline
  #endif
..\HARDWARE\IS_CARD_AUTHORIZED\is_card_authorized.c(48): warning:  #111-D: statement is unreachable
                          found = 1;
..\HARDWARE\IS_CARD_AUTHORIZED\is_card_authorized.c: 2 warnings, 0 errors
compiling beep.c...
linking...
Program Size: Code=16900 RO-data=336 RW-data=4572 ZI-data=1908  
FromELF: creating hex file...
"..\OBJ\BKM32.axf" - 0 Error(s), 10 Warning(s).

<h2>Software Packages used:</h2>

Package Vendor: Keil
                http://www.keil.com/pack/Keil.STM32F1xx_DFP.2.2.0.pack
                Keil.STM32F1xx_DFP.2.2.0
                STMicroelectronics STM32F1 Series Device Support, Drivers and Examples

<h2>Collection of Component include folders:</h2>
  .\RTE\_Template
  D:\keil5\ARM\PACK\Keil\STM32F1xx_DFP\2.2.0\Device\Include

<h2>Collection of Component Files used:</h2>
Build Time Elapsed:  00:00:03
</pre>
</body>
</html>
